<?xml version="1.0" encoding="ISO-8859-1" ?>
<link_info>
   <banner>TI ARM Linker PC v18.1.4.LTS</banner>
   <copyright>Copyright (c) 1996-2018 Texas Instruments Incorporated</copyright>
   <link_time>0x5c7bcd4f</link_time>
   <link_errors>0x0</link_errors>
   <output_file>MM_Firmware.out</output_file>
   <entry_point>
      <name>_c_int00_noargs</name>
      <address>0x352d</address>
   </entry_point>
   <input_file_list>
      <input_file id="fl-2">
         <path>.\</path>
         <kind>object</kind>
         <file>tm4c123gh6pm_startup_ccs.obj</file>
         <name>tm4c123gh6pm_startup_ccs.obj</name>
      </input_file>
      <input_file id="fl-3">
         <path>.\source\Controls\</path>
         <kind>object</kind>
         <file>PID.obj</file>
         <name>PID.obj</name>
      </input_file>
      <input_file id="fl-4">
         <path>.\source\Controls\</path>
         <kind>object</kind>
         <file>PositionControl.obj</file>
         <name>PositionControl.obj</name>
      </input_file>
      <input_file id="fl-5">
         <path>.\source\Controls\</path>
         <kind>object</kind>
         <file>SpeedControl.obj</file>
         <name>SpeedControl.obj</name>
      </input_file>
      <input_file id="fl-6">
         <path>.\source\Drivers\</path>
         <kind>object</kind>
         <file>MotorDriver.obj</file>
         <name>MotorDriver.obj</name>
      </input_file>
      <input_file id="fl-7">
         <path>.\source\</path>
         <kind>object</kind>
         <file>main.obj</file>
         <name>main.obj</name>
      </input_file>
      <input_file id="fl-8">
         <path>.\source\</path>
         <kind>object</kind>
         <file>pinout.obj</file>
         <name>pinout.obj</name>
      </input_file>
      <input_file id="fl-9">
         <path>.\source\utils\</path>
         <kind>object</kind>
         <file>uartstdio.obj</file>
         <name>uartstdio.obj</name>
      </input_file>
      <input_file id="fl-e">
         <kind>object</kind>
         <file>&lt;internal&gt;</file>
         <name>&lt;internal&gt;</name>
      </input_file>
      <input_file id="fl-c4">
         <path>C:\ti\ccsv8\tools\compiler\ti-cgt-arm_18.1.4.LTS\lib\</path>
         <kind>archive</kind>
         <file>rtsv7M4_T_le_v4SPD16_eabi.lib</file>
         <name>u_divt2.asm.obj</name>
      </input_file>
      <input_file id="fl-c5">
         <path>C:\ti\ccsv8\tools\compiler\ti-cgt-arm_18.1.4.LTS\lib\</path>
         <kind>archive</kind>
         <file>rtsv7M4_T_le_v4SPD16_eabi.lib</file>
         <name>fd_div_t2.asm.obj</name>
      </input_file>
      <input_file id="fl-c6">
         <path>C:\ti\ccsv8\tools\compiler\ti-cgt-arm_18.1.4.LTS\lib\</path>
         <kind>archive</kind>
         <file>rtsv7M4_T_le_v4SPD16_eabi.lib</file>
         <name>fd_mul_t2.asm.obj</name>
      </input_file>
      <input_file id="fl-c7">
         <path>C:\ti\ccsv8\tools\compiler\ti-cgt-arm_18.1.4.LTS\lib\</path>
         <kind>archive</kind>
         <file>rtsv7M4_T_le_v4SPD16_eabi.lib</file>
         <name>fd_tos_t2.asm.obj</name>
      </input_file>
      <input_file id="fl-c8">
         <path>C:\ti\ccsv8\tools\compiler\ti-cgt-arm_18.1.4.LTS\lib\</path>
         <kind>archive</kind>
         <file>rtsv7M4_T_le_v4SPD16_eabi.lib</file>
         <name>fd_tou_t2.asm.obj</name>
      </input_file>
      <input_file id="fl-c9">
         <path>C:\ti\ccsv8\tools\compiler\ti-cgt-arm_18.1.4.LTS\lib\</path>
         <kind>archive</kind>
         <file>rtsv7M4_T_le_v4SPD16_eabi.lib</file>
         <name>i_tofd_t2.asm.obj</name>
      </input_file>
      <input_file id="fl-ca">
         <path>C:\ti\ccsv8\tools\compiler\ti-cgt-arm_18.1.4.LTS\lib\</path>
         <kind>archive</kind>
         <file>rtsv7M4_T_le_v4SPD16_eabi.lib</file>
         <name>u_tofd_t2.asm.obj</name>
      </input_file>
      <input_file id="fl-cb">
         <path>C:\ti\ccsv8\tools\compiler\ti-cgt-arm_18.1.4.LTS\lib\</path>
         <kind>archive</kind>
         <file>rtsv7M4_T_le_v4SPD16_eabi.lib</file>
         <name>copy_zero_init.c.obj</name>
      </input_file>
      <input_file id="fl-cc">
         <path>C:\ti\ccsv8\tools\compiler\ti-cgt-arm_18.1.4.LTS\lib\</path>
         <kind>archive</kind>
         <file>rtsv7M4_T_le_v4SPD16_eabi.lib</file>
         <name>copy_decompress_none.c.obj</name>
      </input_file>
      <input_file id="fl-cd">
         <path>C:\ti\ccsv8\tools\compiler\ti-cgt-arm_18.1.4.LTS\lib\</path>
         <kind>archive</kind>
         <file>rtsv7M4_T_le_v4SPD16_eabi.lib</file>
         <name>copy_decompress_lzss.c.obj</name>
      </input_file>
      <input_file id="fl-ce">
         <path>C:\ti\ccsv8\tools\compiler\ti-cgt-arm_18.1.4.LTS\lib\</path>
         <kind>archive</kind>
         <file>rtsv7M4_T_le_v4SPD16_eabi.lib</file>
         <name>boot_cortex_m.c.obj</name>
      </input_file>
      <input_file id="fl-cf">
         <path>C:\ti\ccsv8\tools\compiler\ti-cgt-arm_18.1.4.LTS\lib\</path>
         <kind>archive</kind>
         <file>rtsv7M4_T_le_v4SPD16_eabi.lib</file>
         <name>exit.c.obj</name>
      </input_file>
      <input_file id="fl-d0">
         <path>C:\ti\ccsv8\tools\compiler\ti-cgt-arm_18.1.4.LTS\lib\</path>
         <kind>archive</kind>
         <file>rtsv7M4_T_le_v4SPD16_eabi.lib</file>
         <name>_lock.c.obj</name>
      </input_file>
      <input_file id="fl-d1">
         <path>C:\ti\ccsv8\tools\compiler\ti-cgt-arm_18.1.4.LTS\lib\</path>
         <kind>archive</kind>
         <file>rtsv7M4_T_le_v4SPD16_eabi.lib</file>
         <name>args_main.c.obj</name>
      </input_file>
      <input_file id="fl-d2">
         <path>C:\ti\ccsv8\tools\compiler\ti-cgt-arm_18.1.4.LTS\lib\</path>
         <kind>archive</kind>
         <file>rtsv7M4_T_le_v4SPD16_eabi.lib</file>
         <name>sprintf.c.obj</name>
      </input_file>
      <input_file id="fl-d3">
         <path>C:\ti\ccsv8\tools\compiler\ti-cgt-arm_18.1.4.LTS\lib\</path>
         <kind>archive</kind>
         <file>rtsv7M4_T_le_v4SPD16_eabi.lib</file>
         <name>div0.asm.obj</name>
      </input_file>
      <input_file id="fl-d4">
         <path>C:\ti\ccsv8\tools\compiler\ti-cgt-arm_18.1.4.LTS\lib\</path>
         <kind>archive</kind>
         <file>rtsv7M4_T_le_v4SPD16_eabi.lib</file>
         <name>memcpy_t2.asm.obj</name>
      </input_file>
      <input_file id="fl-d5">
         <path>C:\ti\ccsv8\tools\compiler\ti-cgt-arm_18.1.4.LTS\lib\</path>
         <kind>archive</kind>
         <file>rtsv7M4_T_le_v4SPD16_eabi.lib</file>
         <name>memset_t2.asm.obj</name>
      </input_file>
      <input_file id="fl-d6">
         <path>C:\ti\ccsv8\tools\compiler\ti-cgt-arm_18.1.4.LTS\lib\</path>
         <kind>archive</kind>
         <file>rtsv7M4_T_le_v4SPD16_eabi.lib</file>
         <name>autoinit.c.obj</name>
      </input_file>
      <input_file id="fl-d7">
         <path>C:\ti\ccsv8\tools\compiler\ti-cgt-arm_18.1.4.LTS\lib\</path>
         <kind>archive</kind>
         <file>rtsv7M4_T_le_v4SPD16_eabi.lib</file>
         <name>pre_init.c.obj</name>
      </input_file>
      <input_file id="fl-d8">
         <path>C:\ti\ccsv8\tools\compiler\ti-cgt-arm_18.1.4.LTS\lib\</path>
         <kind>archive</kind>
         <file>rtsv7M4_T_le_v4SPD16_eabi.lib</file>
         <name>cpy_tbl.c.obj</name>
      </input_file>
      <input_file id="fl-d9">
         <path>C:\ti\ccsv8\tools\compiler\ti-cgt-arm_18.1.4.LTS\lib\</path>
         <kind>archive</kind>
         <file>rtsv7M4_T_le_v4SPD16_eabi.lib</file>
         <name>_printfi.c.obj</name>
      </input_file>
      <input_file id="fl-da">
         <path>C:\ti\ccsv8\tools\compiler\ti-cgt-arm_18.1.4.LTS\lib\</path>
         <kind>archive</kind>
         <file>rtsv7M4_T_le_v4SPD16_eabi.lib</file>
         <name>atoi.c.obj</name>
      </input_file>
      <input_file id="fl-db">
         <path>C:\ti\ccsv8\tools\compiler\ti-cgt-arm_18.1.4.LTS\lib\</path>
         <kind>archive</kind>
         <file>rtsv7M4_T_le_v4SPD16_eabi.lib</file>
         <name>ctype.c.obj</name>
      </input_file>
      <input_file id="fl-dc">
         <path>C:\ti\ccsv8\tools\compiler\ti-cgt-arm_18.1.4.LTS\lib\</path>
         <kind>archive</kind>
         <file>rtsv7M4_T_le_v4SPD16_eabi.lib</file>
         <name>ltoa.c.obj</name>
      </input_file>
      <input_file id="fl-dd">
         <path>C:\ti\ccsv8\tools\compiler\ti-cgt-arm_18.1.4.LTS\lib\</path>
         <kind>archive</kind>
         <file>rtsv7M4_T_le_v4SPD16_eabi.lib</file>
         <name>memccpy.c.obj</name>
      </input_file>
      <input_file id="fl-de">
         <path>C:\ti\ccsv8\tools\compiler\ti-cgt-arm_18.1.4.LTS\lib\</path>
         <kind>archive</kind>
         <file>rtsv7M4_T_le_v4SPD16_eabi.lib</file>
         <name>strchr.c.obj</name>
      </input_file>
      <input_file id="fl-df">
         <path>C:\ti\ccsv8\tools\compiler\ti-cgt-arm_18.1.4.LTS\lib\</path>
         <kind>archive</kind>
         <file>rtsv7M4_T_le_v4SPD16_eabi.lib</file>
         <name>strlen.c.obj</name>
      </input_file>
      <input_file id="fl-e0">
         <path>C:\ti\ccsv8\tools\compiler\ti-cgt-arm_18.1.4.LTS\lib\</path>
         <kind>archive</kind>
         <file>rtsv7M4_T_le_v4SPD16_eabi.lib</file>
         <name>wcslen.c.obj</name>
      </input_file>
      <input_file id="fl-e1">
         <path>C:\ti\ccsv8\tools\compiler\ti-cgt-arm_18.1.4.LTS\lib\</path>
         <kind>archive</kind>
         <file>rtsv7M4_T_le_v4SPD16_eabi.lib</file>
         <name>s_frexp.c.obj</name>
      </input_file>
      <input_file id="fl-e2">
         <path>C:\ti\ccsv8\tools\compiler\ti-cgt-arm_18.1.4.LTS\lib\</path>
         <kind>archive</kind>
         <file>rtsv7M4_T_le_v4SPD16_eabi.lib</file>
         <name>s_scalbn.c.obj</name>
      </input_file>
      <input_file id="fl-e3">
         <path>C:\ti\ccsv8\tools\compiler\ti-cgt-arm_18.1.4.LTS\lib\</path>
         <kind>archive</kind>
         <file>rtsv7M4_T_le_v4SPD16_eabi.lib</file>
         <name>fd_add_t2.asm.obj</name>
      </input_file>
      <input_file id="fl-e4">
         <path>C:\ti\ccsv8\tools\compiler\ti-cgt-arm_18.1.4.LTS\lib\</path>
         <kind>archive</kind>
         <file>rtsv7M4_T_le_v4SPD16_eabi.lib</file>
         <name>fd_cmp_t2.asm.obj</name>
      </input_file>
      <input_file id="fl-e5">
         <path>C:\ti\ccsv8\tools\compiler\ti-cgt-arm_18.1.4.LTS\lib\</path>
         <kind>archive</kind>
         <file>rtsv7M4_T_le_v4SPD16_eabi.lib</file>
         <name>fd_toi_t2.asm.obj</name>
      </input_file>
      <input_file id="fl-e6">
         <path>C:\ti\ccsv8\tools\compiler\ti-cgt-arm_18.1.4.LTS\lib\</path>
         <kind>archive</kind>
         <file>rtsv7M4_T_le_v4SPD16_eabi.lib</file>
         <name>ull_div_t2.asm.obj</name>
      </input_file>
      <input_file id="fl-e7">
         <path>C:\ti\ccsv8\tools\compiler\ti-cgt-arm_18.1.4.LTS\lib\</path>
         <kind>archive</kind>
         <file>rtsv7M4_T_le_v4SPD16_eabi.lib</file>
         <name>errno.c.obj</name>
      </input_file>
      <input_file id="fl-e8">
         <path>C:\ti\ccsv8\tools\compiler\ti-cgt-arm_18.1.4.LTS\lib\</path>
         <kind>archive</kind>
         <file>rtsv7M4_T_le_v4SPD16_eabi.lib</file>
         <name>s_copysign.c.obj</name>
      </input_file>
      <input_file id="fl-e9">
         <path>E:\Senior Design Project\Software\TivaWare\driverlib\ccs\Debug\</path>
         <kind>archive</kind>
         <file>driverlib.lib</file>
         <name>fpu.obj</name>
      </input_file>
      <input_file id="fl-ea">
         <path>E:\Senior Design Project\Software\TivaWare\driverlib\ccs\Debug\</path>
         <kind>archive</kind>
         <file>driverlib.lib</file>
         <name>gpio.obj</name>
      </input_file>
      <input_file id="fl-eb">
         <path>E:\Senior Design Project\Software\TivaWare\driverlib\ccs\Debug\</path>
         <kind>archive</kind>
         <file>driverlib.lib</file>
         <name>interrupt.obj</name>
      </input_file>
      <input_file id="fl-ec">
         <path>E:\Senior Design Project\Software\TivaWare\driverlib\ccs\Debug\</path>
         <kind>archive</kind>
         <file>driverlib.lib</file>
         <name>pwm.obj</name>
      </input_file>
      <input_file id="fl-ed">
         <path>E:\Senior Design Project\Software\TivaWare\driverlib\ccs\Debug\</path>
         <kind>archive</kind>
         <file>driverlib.lib</file>
         <name>sysctl.obj</name>
      </input_file>
      <input_file id="fl-ee">
         <path>E:\Senior Design Project\Software\TivaWare\driverlib\ccs\Debug\</path>
         <kind>archive</kind>
         <file>driverlib.lib</file>
         <name>timer.obj</name>
      </input_file>
      <input_file id="fl-ef">
         <path>E:\Senior Design Project\Software\TivaWare\driverlib\ccs\Debug\</path>
         <kind>archive</kind>
         <file>driverlib.lib</file>
         <name>uart.obj</name>
      </input_file>
      <input_file id="fl-f0">
         <path>E:\Senior Design Project\Software\TivaWare\driverlib\ccs\Debug\</path>
         <kind>archive</kind>
         <file>driverlib.lib</file>
         <name>cpu.obj</name>
      </input_file>
   </input_file_list>
   <object_component_list>
      <object_component id="oc-f">
         <name>.intvecs</name>
         <load_address>0x0</load_address>
         <run_address>0x0</run_address>
         <size>0x26c</size>
         <input_file_ref idref="fl-2"/>
      </object_component>
      <object_component id="oc-1a8">
         <name>.text:__TI_printfi</name>
         <load_address>0x26c</load_address>
         <run_address>0x26c</run_address>
         <size>0xa5e</size>
         <input_file_ref idref="fl-d9"/>
      </object_component>
      <object_component id="oc-2d9">
         <name>.text</name>
         <load_address>0xcca</load_address>
         <run_address>0xcca</run_address>
         <size>0x2</size>
         <input_file_ref idref="fl-d3"/>
      </object_component>
      <object_component id="oc-c5">
         <name>.text</name>
         <load_address>0xccc</load_address>
         <run_address>0xccc</run_address>
         <size>0x49c</size>
         <input_file_ref idref="fl-9"/>
      </object_component>
      <object_component id="oc-142">
         <name>.text</name>
         <load_address>0x1168</load_address>
         <run_address>0x1168</run_address>
         <size>0x444</size>
         <input_file_ref idref="fl-6"/>
      </object_component>
      <object_component id="oc-30f">
         <name>.text:_pconv_a</name>
         <load_address>0x15ac</load_address>
         <run_address>0x15ac</run_address>
         <size>0x270</size>
         <input_file_ref idref="fl-d9"/>
      </object_component>
      <object_component id="oc-bf">
         <name>.text</name>
         <load_address>0x181c</load_address>
         <run_address>0x181c</run_address>
         <size>0x200</size>
         <input_file_ref idref="fl-4"/>
      </object_component>
      <object_component id="oc-2fd">
         <name>.text:_pconv_g</name>
         <load_address>0x1a1c</load_address>
         <run_address>0x1a1c</run_address>
         <size>0x1d0</size>
         <input_file_ref idref="fl-d9"/>
      </object_component>
      <object_component id="oc-3cf">
         <name>.text</name>
         <load_address>0x1bec</load_address>
         <run_address>0x1bec</run_address>
         <size>0x1b6</size>
         <input_file_ref idref="fl-e3"/>
      </object_component>
      <object_component id="oc-148">
         <name>.text</name>
         <load_address>0x1da4</load_address>
         <run_address>0x1da4</run_address>
         <size>0x1b0</size>
         <input_file_ref idref="fl-5"/>
      </object_component>
      <object_component id="oc-14e">
         <name>.text</name>
         <load_address>0x1f54</load_address>
         <run_address>0x1f54</run_address>
         <size>0x17e</size>
         <input_file_ref idref="fl-3"/>
      </object_component>
      <object_component id="oc-309">
         <name>.text:_pconv_e</name>
         <load_address>0x20d4</load_address>
         <run_address>0x20d4</run_address>
         <size>0x13c</size>
         <input_file_ref idref="fl-d9"/>
      </object_component>
      <object_component id="oc-220">
         <name>.text</name>
         <load_address>0x2210</load_address>
         <run_address>0x2210</run_address>
         <size>0x136</size>
         <input_file_ref idref="fl-c5"/>
      </object_component>
      <object_component id="oc-1ea">
         <name>.text:GPIOPadConfigSet</name>
         <load_address>0x2346</load_address>
         <run_address>0x2346</run_address>
         <size>0x132</size>
         <input_file_ref idref="fl-ea"/>
      </object_component>
      <object_component id="oc-3e1">
         <name>.text:fcvt</name>
         <load_address>0x2478</load_address>
         <run_address>0x2478</run_address>
         <size>0x124</size>
         <input_file_ref idref="fl-d9"/>
      </object_component>
      <object_component id="oc-cb">
         <name>.text:SysCtlClockGet</name>
         <load_address>0x259c</load_address>
         <run_address>0x259c</run_address>
         <size>0x110</size>
         <input_file_ref idref="fl-ed"/>
      </object_component>
      <object_component id="oc-3f5">
         <name>.text:scalbn</name>
         <load_address>0x26ac</load_address>
         <run_address>0x26ac</run_address>
         <size>0x110</size>
         <input_file_ref idref="fl-e2"/>
      </object_component>
      <object_component id="oc-e4">
         <name>.text</name>
         <load_address>0x27bc</load_address>
         <run_address>0x27bc</run_address>
         <size>0x104</size>
         <input_file_ref idref="fl-8"/>
      </object_component>
      <object_component id="oc-2a4">
         <name>.text</name>
         <load_address>0x28c0</load_address>
         <run_address>0x28c0</run_address>
         <size>0xfc</size>
         <input_file_ref idref="fl-c6"/>
      </object_component>
      <object_component id="oc-de">
         <name>.text:SysCtlClockSet</name>
         <load_address>0x29bc</load_address>
         <run_address>0x29bc</run_address>
         <size>0xf4</size>
         <input_file_ref idref="fl-ed"/>
      </object_component>
      <object_component id="oc-98">
         <name>.text</name>
         <load_address>0x2ab0</load_address>
         <run_address>0x2ab0</run_address>
         <size>0xb4</size>
         <input_file_ref idref="fl-7"/>
      </object_component>
      <object_component id="oc-2f2">
         <name>.text:_ltostr</name>
         <load_address>0x2b64</load_address>
         <run_address>0x2b64</run_address>
         <size>0xb1</size>
         <input_file_ref idref="fl-d9"/>
      </object_component>
      <object_component id="oc-38">
         <name>.text</name>
         <load_address>0x2c16</load_address>
         <run_address>0x2c16</run_address>
         <size>0x9c</size>
         <input_file_ref idref="fl-d4"/>
      </object_component>
      <object_component id="oc-3b8">
         <name>.text</name>
         <load_address>0x2cb2</load_address>
         <run_address>0x2cb2</run_address>
         <size>0x96</size>
         <input_file_ref idref="fl-e6"/>
      </object_component>
      <object_component id="oc-2f8">
         <name>.text:__aeabi_cdcmple</name>
         <load_address>0x2d48</load_address>
         <run_address>0x2d48</run_address>
         <size>0x86</size>
         <input_file_ref idref="fl-e4"/>
      </object_component>
      <object_component id="oc-3bf">
         <name>.text:__aeabi_cdrcmple</name>
         <load_address>0x2dce</load_address>
         <run_address>0x2dce</run_address>
         <size>0x86</size>
         <input_file_ref idref="fl-e4"/>
      </object_component>
      <object_component id="oc-8c">
         <name>.text</name>
         <load_address>0x2e54</load_address>
         <run_address>0x2e54</run_address>
         <size>0x7a</size>
         <input_file_ref idref="fl-d5"/>
      </object_component>
      <object_component id="oc-3da">
         <name>.text:_mcpy</name>
         <load_address>0x2ece</load_address>
         <run_address>0x2ece</run_address>
         <size>0x6e</size>
         <input_file_ref idref="fl-d9"/>
      </object_component>
      <object_component id="oc-225">
         <name>.text</name>
         <load_address>0x2f3c</load_address>
         <run_address>0x2f3c</run_address>
         <size>0x6e</size>
         <input_file_ref idref="fl-c7"/>
      </object_component>
      <object_component id="oc-272">
         <name>.text:IntEnable</name>
         <load_address>0x2fac</load_address>
         <run_address>0x2fac</run_address>
         <size>0x68</size>
         <input_file_ref idref="fl-eb"/>
      </object_component>
      <object_component id="oc-12">
         <name>.text:decompress:lzss:__TI_decompress_lzss</name>
         <load_address>0x3014</load_address>
         <run_address>0x3014</run_address>
         <size>0x68</size>
         <input_file_ref idref="fl-cd"/>
      </object_component>
      <object_component id="oc-3ef">
         <name>.text:frexp</name>
         <load_address>0x307c</load_address>
         <run_address>0x307c</run_address>
         <size>0x64</size>
         <input_file_ref idref="fl-e1"/>
      </object_component>
      <object_component id="oc-254">
         <name>.text:TimerConfigure</name>
         <load_address>0x30e0</load_address>
         <run_address>0x30e0</run_address>
         <size>0x60</size>
         <input_file_ref idref="fl-ee"/>
      </object_component>
      <object_component id="oc-303">
         <name>.text:_pconv_f</name>
         <load_address>0x3140</load_address>
         <run_address>0x3140</run_address>
         <size>0x56</size>
         <input_file_ref idref="fl-d9"/>
      </object_component>
      <object_component id="oc-3c9">
         <name>.text:ltoa</name>
         <load_address>0x3196</load_address>
         <run_address>0x3196</run_address>
         <size>0x54</size>
         <input_file_ref idref="fl-dc"/>
      </object_component>
      <object_component id="oc-3d4">
         <name>.text:_ecpy</name>
         <load_address>0x31ea</load_address>
         <run_address>0x31ea</run_address>
         <size>0x52</size>
         <input_file_ref idref="fl-d9"/>
      </object_component>
      <object_component id="oc-382">
         <name>.text:_TimerIntNumberGet</name>
         <load_address>0x323c</load_address>
         <run_address>0x323c</run_address>
         <size>0x4c</size>
         <input_file_ref idref="fl-ee"/>
      </object_component>
      <object_component id="oc-2ec">
         <name>.text:atoi</name>
         <load_address>0x3288</load_address>
         <run_address>0x3288</run_address>
         <size>0x4c</size>
         <input_file_ref idref="fl-da"/>
      </object_component>
      <object_component id="oc-f0">
         <name>.text:GPIOPinConfigure</name>
         <load_address>0x32d4</load_address>
         <run_address>0x32d4</run_address>
         <size>0x48</size>
         <input_file_ref idref="fl-ea"/>
      </object_component>
      <object_component id="oc-3c4">
         <name>.text</name>
         <load_address>0x331c</load_address>
         <run_address>0x331c</run_address>
         <size>0x48</size>
         <input_file_ref idref="fl-e5"/>
      </object_component>
      <object_component id="oc-16f">
         <name>.text:UARTConfigSetExpClk</name>
         <load_address>0x3364</load_address>
         <run_address>0x3364</run_address>
         <size>0x46</size>
         <input_file_ref idref="fl-ef"/>
      </object_component>
      <object_component id="oc-110">
         <name>.text:__TI_auto_init_nobinit_nopinit:__TI_auto_init_nobinit_nopinit</name>
         <load_address>0x33ac</load_address>
         <run_address>0x33ac</run_address>
         <size>0x44</size>
         <input_file_ref idref="fl-d6"/>
      </object_component>
      <object_component id="oc-2a9">
         <name>.text</name>
         <load_address>0x33f0</load_address>
         <run_address>0x33f0</run_address>
         <size>0x44</size>
         <input_file_ref idref="fl-c8"/>
      </object_component>
      <object_component id="oc-190">
         <name>.text</name>
         <load_address>0x3434</load_address>
         <run_address>0x3434</run_address>
         <size>0x40</size>
         <input_file_ref idref="fl-c4"/>
      </object_component>
      <object_component id="oc-d1">
         <name>.text:sprintf</name>
         <load_address>0x3474</load_address>
         <run_address>0x3474</run_address>
         <size>0x40</size>
         <input_file_ref idref="fl-d2"/>
      </object_component>
      <object_component id="oc-3e7">
         <name>.text:_fcpy</name>
         <load_address>0x34b4</load_address>
         <run_address>0x34b4</run_address>
         <size>0x3e</size>
         <input_file_ref idref="fl-d9"/>
      </object_component>
      <object_component id="oc-169">
         <name>.text:SysCtlPeripheralPresent</name>
         <load_address>0x34f4</load_address>
         <run_address>0x34f4</run_address>
         <size>0x38</size>
         <input_file_ref idref="fl-ed"/>
      </object_component>
      <object_component id="oc-56">
         <name>.text:_c_int00_noargs:_c_int00_noargs</name>
         <load_address>0x352c</load_address>
         <run_address>0x352c</run_address>
         <size>0x38</size>
         <input_file_ref idref="fl-ce"/>
      </object_component>
      <object_component id="oc-388">
         <name>.text:IntRegister</name>
         <load_address>0x3564</load_address>
         <run_address>0x3564</run_address>
         <size>0x34</size>
         <input_file_ref idref="fl-eb"/>
      </object_component>
      <object_component id="oc-ea">
         <name>.text:SysCtlPeripheralEnable</name>
         <load_address>0x3598</load_address>
         <run_address>0x3598</run_address>
         <size>0x34</size>
         <input_file_ref idref="fl-ed"/>
      </object_component>
      <object_component id="oc-21b">
         <name>.text</name>
         <load_address>0x35cc</load_address>
         <run_address>0x35cc</run_address>
         <size>0x2e</size>
         <input_file_ref idref="fl-c9"/>
      </object_component>
      <object_component id="oc-1e4">
         <name>.text:GPIODirModeSet</name>
         <load_address>0x35fa</load_address>
         <run_address>0x35fa</run_address>
         <size>0x2a</size>
         <input_file_ref idref="fl-ea"/>
      </object_component>
      <object_component id="oc-23c">
         <name>.text:PWMGenConfigure</name>
         <load_address>0x3624</load_address>
         <run_address>0x3624</run_address>
         <size>0x22</size>
         <input_file_ref idref="fl-ec"/>
      </object_component>
      <object_component id="oc-2c9">
         <name>.text:UARTDisable</name>
         <load_address>0x3648</load_address>
         <run_address>0x3648</run_address>
         <size>0x20</size>
         <input_file_ref idref="fl-ef"/>
      </object_component>
      <object_component id="oc-29f">
         <name>.text</name>
         <load_address>0x3668</load_address>
         <run_address>0x3668</run_address>
         <size>0x20</size>
         <input_file_ref idref="fl-ca"/>
      </object_component>
      <object_component id="oc-284">
         <name>.text:PWMPulseWidthSet</name>
         <load_address>0x3688</load_address>
         <run_address>0x3688</run_address>
         <size>0x1e</size>
         <input_file_ref idref="fl-ec"/>
      </object_component>
      <object_component id="oc-315">
         <name>.text:memccpy</name>
         <load_address>0x36a6</load_address>
         <run_address>0x36a6</run_address>
         <size>0x1c</size>
         <input_file_ref idref="fl-dd"/>
      </object_component>
      <object_component id="oc-1bf">
         <name>.text:GPIOPinTypeGPIOOutput</name>
         <load_address>0x36c2</load_address>
         <run_address>0x36c2</run_address>
         <size>0x18</size>
         <input_file_ref idref="fl-ea"/>
      </object_component>
      <object_component id="oc-266">
         <name>.text:TimerIntRegister</name>
         <load_address>0x36da</load_address>
         <run_address>0x36da</run_address>
         <size>0x18</size>
         <input_file_ref idref="fl-ee"/>
      </object_component>
      <object_component id="oc-1ae">
         <name>.text:_outs</name>
         <load_address>0x36f2</load_address>
         <run_address>0x36f2</run_address>
         <size>0x18</size>
         <input_file_ref idref="fl-d2"/>
      </object_component>
      <object_component id="oc-25a">
         <name>.text:TimerControlEvent</name>
         <load_address>0x370a</load_address>
         <run_address>0x370a</run_address>
         <size>0x16</size>
         <input_file_ref idref="fl-ee"/>
      </object_component>
      <object_component id="oc-3fb">
         <name>.text:strchr</name>
         <load_address>0x3720</load_address>
         <run_address>0x3720</run_address>
         <size>0x16</size>
         <input_file_ref idref="fl-de"/>
      </object_component>
      <object_component id="oc-236">
         <name>.text:SysCtlPWMClockSet</name>
         <load_address>0x3738</load_address>
         <run_address>0x3738</run_address>
         <size>0x14</size>
         <input_file_ref idref="fl-ed"/>
      </object_component>
      <object_component id="oc-175">
         <name>.text:UARTEnable</name>
         <load_address>0x374c</load_address>
         <run_address>0x374c</run_address>
         <size>0x14</size>
         <input_file_ref idref="fl-ef"/>
      </object_component>
      <object_component id="oc-45e">
         <name>.text:copysign</name>
         <load_address>0x3760</load_address>
         <run_address>0x3760</run_address>
         <size>0x14</size>
         <input_file_ref idref="fl-e8"/>
      </object_component>
      <object_component id="oc-2e6">
         <name>.text:strlen</name>
         <load_address>0x3774</load_address>
         <run_address>0x3774</run_address>
         <size>0x14</size>
         <input_file_ref idref="fl-df"/>
      </object_component>
      <object_component id="oc-1cb">
         <name>.text:GPIOPinTypeI2C</name>
         <load_address>0x3788</load_address>
         <run_address>0x3788</run_address>
         <size>0x12</size>
         <input_file_ref idref="fl-ea"/>
      </object_component>
      <object_component id="oc-1c5">
         <name>.text:GPIOPinTypeI2CSCL</name>
         <load_address>0x379a</load_address>
         <run_address>0x379a</run_address>
         <size>0x12</size>
         <input_file_ref idref="fl-ea"/>
      </object_component>
      <object_component id="oc-1d1">
         <name>.text:GPIOPinTypePWM</name>
         <load_address>0x37ac</load_address>
         <run_address>0x37ac</run_address>
         <size>0x12</size>
         <input_file_ref idref="fl-ea"/>
      </object_component>
      <object_component id="oc-1d7">
         <name>.text:GPIOPinTypeTimer</name>
         <load_address>0x37be</load_address>
         <run_address>0x37be</run_address>
         <size>0x12</size>
         <input_file_ref idref="fl-ea"/>
      </object_component>
      <object_component id="oc-f6">
         <name>.text:GPIOPinTypeUART</name>
         <load_address>0x37d0</load_address>
         <run_address>0x37d0</run_address>
         <size>0x12</size>
         <input_file_ref idref="fl-ea"/>
      </object_component>
      <object_component id="oc-27e">
         <name>.text:PWMGenPeriodGet</name>
         <load_address>0x37e2</load_address>
         <run_address>0x37e2</run_address>
         <size>0x12</size>
         <input_file_ref idref="fl-ec"/>
      </object_component>
      <object_component id="oc-248">
         <name>.text:PWMOutputState</name>
         <load_address>0x37f4</load_address>
         <run_address>0x37f4</run_address>
         <size>0x12</size>
         <input_file_ref idref="fl-ec"/>
      </object_component>
      <object_component id="oc-2ae">
         <name>.text:TimerLoadSet</name>
         <load_address>0x3806</load_address>
         <run_address>0x3806</run_address>
         <size>0x12</size>
         <input_file_ref idref="fl-ee"/>
      </object_component>
      <object_component id="oc-260">
         <name>.text:TimerPrescaleSet</name>
         <load_address>0x3818</load_address>
         <run_address>0x3818</run_address>
         <size>0x12</size>
         <input_file_ref idref="fl-ee"/>
      </object_component>
      <object_component id="oc-44">
         <name>.text:decompress:ZI:__TI_zero_init_nomemset:__TI_zero_init_nomemset</name>
         <load_address>0x382a</load_address>
         <run_address>0x382a</run_address>
         <size>0x12</size>
         <input_file_ref idref="fl-cb"/>
      </object_component>
      <object_component id="oc-31b">
         <name>.text:wcslen</name>
         <load_address>0x383c</load_address>
         <run_address>0x383c</run_address>
         <size>0x12</size>
         <input_file_ref idref="fl-e0"/>
      </object_component>
      <object_component id="oc-d8">
         <name>.text:FPULazyStackingEnable</name>
         <load_address>0x3850</load_address>
         <run_address>0x3850</run_address>
         <size>0x10</size>
         <input_file_ref idref="fl-e9"/>
      </object_component>
      <object_component id="oc-230">
         <name>.text:IntMasterEnable</name>
         <load_address>0x3860</load_address>
         <run_address>0x3860</run_address>
         <size>0x10</size>
         <input_file_ref idref="fl-eb"/>
      </object_component>
      <object_component id="oc-242">
         <name>.text:PWMGenPeriodSet</name>
         <load_address>0x3870</load_address>
         <run_address>0x3870</run_address>
         <size>0x10</size>
         <input_file_ref idref="fl-ec"/>
      </object_component>
      <object_component id="oc-278">
         <name>.text:TimerEnable</name>
         <load_address>0x3880</load_address>
         <run_address>0x3880</run_address>
         <size>0xe</size>
         <input_file_ref idref="fl-ee"/>
      </object_component>
      <object_component id="oc-18">
         <name>.text:decompress:none:__TI_decompress_none</name>
         <load_address>0x388e</load_address>
         <run_address>0x388e</run_address>
         <size>0xe</size>
         <input_file_ref idref="fl-cc"/>
      </object_component>
      <object_component id="oc-372">
         <name>.text:CPUcpsie</name>
         <load_address>0x389c</load_address>
         <run_address>0x389c</run_address>
         <size>0xc</size>
         <input_file_ref idref="fl-f0"/>
      </object_component>
      <object_component id="oc-24e">
         <name>.text:PWMGenEnable</name>
         <load_address>0x38a8</load_address>
         <run_address>0x38a8</run_address>
         <size>0xc</size>
         <input_file_ref idref="fl-ec"/>
      </object_component>
      <object_component id="oc-24">
         <name>.text</name>
         <load_address>0x38b4</load_address>
         <run_address>0x38b4</run_address>
         <size>0xc</size>
         <input_file_ref idref="fl-2"/>
      </object_component>
      <object_component id="oc-215">
         <name>.text:TimerValueGet</name>
         <load_address>0x38c0</load_address>
         <run_address>0x38c0</run_address>
         <size>0xa</size>
         <input_file_ref idref="fl-ee"/>
      </object_component>
      <object_component id="oc-181">
         <name>.text:UARTCharGet</name>
         <load_address>0x38ca</load_address>
         <run_address>0x38ca</run_address>
         <size>0xa</size>
         <input_file_ref idref="fl-ef"/>
      </object_component>
      <object_component id="oc-17b">
         <name>.text:UARTCharPut</name>
         <load_address>0x38d4</load_address>
         <run_address>0x38d4</run_address>
         <size>0xa</size>
         <input_file_ref idref="fl-ef"/>
      </object_component>
      <object_component id="oc-1b4">
         <name>.text:_outc</name>
         <load_address>0x38de</load_address>
         <run_address>0x38de</run_address>
         <size>0xa</size>
         <input_file_ref idref="fl-d2"/>
      </object_component>
      <object_component id="oc-26c">
         <name>.text:TimerIntEnable</name>
         <load_address>0x38e8</load_address>
         <run_address>0x38e8</run_address>
         <size>0x8</size>
         <input_file_ref idref="fl-ee"/>
      </object_component>
      <object_component id="oc-321">
         <name>.text:__aeabi_errno_addr</name>
         <load_address>0x38f0</load_address>
         <run_address>0x38f0</run_address>
         <size>0x8</size>
         <input_file_ref idref="fl-e7"/>
      </object_component>
      <object_component id="oc-28d">
         <name>.text:GPIOPinWrite</name>
         <load_address>0x38f8</load_address>
         <run_address>0x38f8</run_address>
         <size>0x6</size>
         <input_file_ref idref="fl-ea"/>
      </object_component>
      <object_component id="oc-d7">
         <name>.text:SysCtlDelay</name>
         <load_address>0x38fe</load_address>
         <run_address>0x38fe</run_address>
         <size>0x6</size>
         <input_file_ref idref="fl-ed"/>
      </object_component>
      <object_component id="oc-fc">
         <name>.text:UARTClockSourceSet</name>
         <load_address>0x3904</load_address>
         <run_address>0x3904</run_address>
         <size>0x6</size>
         <input_file_ref idref="fl-ef"/>
      </object_component>
      <object_component id="oc-22a">
         <name>.text:TimerIntClear</name>
         <load_address>0x390a</load_address>
         <run_address>0x390a</run_address>
         <size>0x4</size>
         <input_file_ref idref="fl-ee"/>
      </object_component>
      <object_component id="oc-92">
         <name>.text:_system_pre_init</name>
         <load_address>0x390e</load_address>
         <run_address>0x390e</run_address>
         <size>0x4</size>
         <input_file_ref idref="fl-d7"/>
      </object_component>
      <object_component id="oc-104">
         <name>.text:abort:abort</name>
         <load_address>0x3912</load_address>
         <run_address>0x3912</run_address>
         <size>0x4</size>
         <input_file_ref idref="fl-cf"/>
      </object_component>
      <object_component id="oc-3b3">
         <name>.const:.string:_ctypes_</name>
         <load_address>0x3918</load_address>
         <run_address>0x3918</run_address>
         <size>0x101</size>
         <input_file_ref idref="fl-db"/>
      </object_component>
      <object_component id="oc-1df">
         <name>.const:g_pui32GPIOBaseAddrs</name>
         <load_address>0x3a1c</load_address>
         <run_address>0x3a1c</run_address>
         <size>0x90</size>
         <input_file_ref idref="fl-ea"/>
      </object_component>
      <object_component id="oc-390">
         <name>.const</name>
         <load_address>0x3aac</load_address>
         <run_address>0x3aac</run_address>
         <size>0x70</size>
         <input_file_ref idref="fl-eb"/>
      </object_component>
      <object_component id="oc-19f">
         <name>.const:g_pui32Xtals</name>
         <load_address>0x3b1c</load_address>
         <run_address>0x3b1c</run_address>
         <size>0x6c</size>
         <input_file_ref idref="fl-ed"/>
      </object_component>
      <object_component id="oc-435">
         <name>.const:g_ppui32TimerIntMap</name>
         <load_address>0x3b88</load_address>
         <run_address>0x3b88</run_address>
         <size>0x60</size>
         <input_file_ref idref="fl-ee"/>
      </object_component>
      <object_component id="oc-438">
         <name>.const:g_ppui32TimerIntMapSnowflake</name>
         <load_address>0x3be8</load_address>
         <run_address>0x3be8</run_address>
         <size>0x40</size>
         <input_file_ref idref="fl-ee"/>
      </object_component>
      <object_component id="oc-2df">
         <name>.const:.string</name>
         <load_address>0x3c28</load_address>
         <run_address>0x3c28</run_address>
         <size>0x12</size>
         <input_file_ref idref="fl-9"/>
      </object_component>
      <object_component id="oc-18d">
         <name>.const:g_ui32UARTBase</name>
         <load_address>0x3c3c</load_address>
         <run_address>0x3c3c</run_address>
         <size>0xc</size>
         <input_file_ref idref="fl-9"/>
      </object_component>
      <object_component id="oc-187">
         <name>.const:g_ui32UARTPeriph</name>
         <load_address>0x3c48</load_address>
         <run_address>0x3c48</run_address>
         <size>0xc</size>
         <input_file_ref idref="fl-9"/>
      </object_component>
      <object_component id="oc-195">
         <name>.const</name>
         <load_address>0x3c54</load_address>
         <run_address>0x3c54</run_address>
         <size>0x4</size>
         <input_file_ref idref="fl-9"/>
      </object_component>
      <object_component id="oc-4ba">
         <name>.cinit..data.load</name>
         <load_address>0x3c58</load_address>
         <run_address>0x3c58</run_address>
         <size>0x42</size>
      </object_component>
      <object_component id="oc-4b7">
         <name>__TI_handler_table</name>
         <load_address>0x3c9c</load_address>
         <run_address>0x3c9c</run_address>
         <size>0xc</size>
      </object_component>
      <object_component id="oc-4bb">
         <name>.cinit..bss.load</name>
         <load_address>0x3ca8</load_address>
         <run_address>0x3ca8</run_address>
         <size>0x8</size>
      </object_component>
      <object_component id="oc-4b9">
         <name>.cinit..vtable.load</name>
         <load_address>0x3cb0</load_address>
         <run_address>0x3cb0</run_address>
         <size>0x8</size>
      </object_component>
      <object_component id="oc-4b8">
         <name>__TI_cinit_table</name>
         <load_address>0x3cb8</load_address>
         <run_address>0x3cb8</run_address>
         <size>0x18</size>
      </object_component>
      <object_component id="oc-43c">
         <name>.vtable</name>
         <uninitialized>true</uninitialized>
         <run_address>0x20000000</run_address>
         <size>0x26c</size>
         <input_file_ref idref="fl-eb"/>
      </object_component>
      <object_component id="oc-15b">
         <name>.data:PIDs</name>
         <load_address>0x20000470</load_address>
         <run_address>0x20000470</run_address>
         <size>0xdc</size>
         <input_file_ref idref="fl-4"/>
      </object_component>
      <object_component id="oc-158">
         <name>.data</name>
         <load_address>0x2000065b</load_address>
         <run_address>0x2000065b</run_address>
         <size>0x1</size>
         <input_file_ref idref="fl-4"/>
      </object_component>
      <object_component id="oc-2b7">
         <name>.data:PIDs</name>
         <load_address>0x2000054c</load_address>
         <run_address>0x2000054c</run_address>
         <size>0xdc</size>
         <input_file_ref idref="fl-5"/>
      </object_component>
      <object_component id="oc-2b4">
         <name>.data</name>
         <load_address>0x20000648</load_address>
         <run_address>0x20000648</run_address>
         <size>0xc</size>
         <input_file_ref idref="fl-5"/>
      </object_component>
      <object_component id="oc-28a">
         <name>.data:LeftEncoder</name>
         <load_address>0x20000628</load_address>
         <run_address>0x20000628</run_address>
         <size>0x10</size>
         <input_file_ref idref="fl-6"/>
      </object_component>
      <object_component id="oc-296">
         <name>.data:RightEncoder</name>
         <load_address>0x20000638</load_address>
         <run_address>0x20000638</run_address>
         <size>0x10</size>
         <input_file_ref idref="fl-6"/>
      </object_component>
      <object_component id="oc-293">
         <name>.data</name>
         <load_address>0x20000659</load_address>
         <run_address>0x20000659</run_address>
         <size>0x2</size>
         <input_file_ref idref="fl-6"/>
      </object_component>
      <object_component id="oc-18a">
         <name>.data</name>
         <load_address>0x20000654</load_address>
         <run_address>0x20000654</run_address>
         <size>0x5</size>
         <input_file_ref idref="fl-9"/>
      </object_component>
      <object_component id="oc-40b">
         <name>.data</name>
         <load_address>0x2000065c</load_address>
         <run_address>0x2000065c</run_address>
         <size>0x4</size>
         <input_file_ref idref="fl-e7"/>
      </object_component>
      <object_component id="oc-154">
         <name>.common:RobotPosition</name>
         <uninitialized>true</uninitialized>
         <run_address>0x20000660</run_address>
         <size>0x8</size>
      </object_component>
      <object_component id="oc-157">
         <name>.common:TargetPosition</name>
         <uninitialized>true</uninitialized>
         <run_address>0x20000668</run_address>
         <size>0x8</size>
      </object_component>
      <object_component id="oc-21">
         <name>.stack</name>
         <uninitialized>true</uninitialized>
         <run_address>0x20000270</run_address>
         <size>0x4</size>
         <input_file_ref idref="fl-ce"/>
      </object_component>
      <object_component id="oc-4bc">
         <name>.stack</name>
         <uninitialized>true</uninitialized>
         <run_address>0x20000270</run_address>
         <size>0x0</size>
      </object_component>
      <object_component id="oc-2c">
         <name>.debug_info</name>
         <load_address>0x0</load_address>
         <run_address>0x0</run_address>
         <size>0x2ad</size>
         <input_file_ref idref="fl-2"/>
      </object_component>
      <object_component id="oc-10">
         <name>.debug_info</name>
         <load_address>0x2ad</load_address>
         <run_address>0x2ad</run_address>
         <size>0xec</size>
         <input_file_ref idref="fl-2"/>
      </object_component>
      <object_component id="oc-25">
         <name>.debug_info</name>
         <load_address>0x399</load_address>
         <run_address>0x399</run_address>
         <size>0x268</size>
         <input_file_ref idref="fl-2"/>
      </object_component>
      <object_component id="oc-6d">
         <name>.debug_info</name>
         <load_address>0x601</load_address>
         <run_address>0x601</run_address>
         <size>0x26b</size>
         <input_file_ref idref="fl-2"/>
      </object_component>
      <object_component id="oc-33">
         <name>.debug_info</name>
         <load_address>0x86c</load_address>
         <run_address>0x86c</run_address>
         <size>0x84</size>
         <input_file_ref idref="fl-2"/>
      </object_component>
      <object_component id="oc-aa">
         <name>.debug_info</name>
         <load_address>0x8f0</load_address>
         <run_address>0x8f0</run_address>
         <size>0x297</size>
         <input_file_ref idref="fl-2"/>
      </object_component>
      <object_component id="oc-72">
         <name>.debug_info</name>
         <load_address>0xb87</load_address>
         <run_address>0xb87</run_address>
         <size>0xbb</size>
         <input_file_ref idref="fl-2"/>
      </object_component>
      <object_component id="oc-2bc">
         <name>.debug_info</name>
         <load_address>0xc42</load_address>
         <run_address>0xc42</run_address>
         <size>0x25e</size>
         <input_file_ref idref="fl-3"/>
      </object_component>
      <object_component id="oc-151">
         <name>.debug_info</name>
         <load_address>0xea0</load_address>
         <run_address>0xea0</run_address>
         <size>0x523</size>
         <input_file_ref idref="fl-3"/>
      </object_component>
      <object_component id="oc-2bf">
         <name>.debug_info</name>
         <load_address>0x13c3</load_address>
         <run_address>0x13c3</run_address>
         <size>0x116</size>
         <input_file_ref idref="fl-3"/>
      </object_component>
      <object_component id="oc-155">
         <name>.debug_info</name>
         <load_address>0x14d9</load_address>
         <run_address>0x14d9</run_address>
         <size>0x4b3</size>
         <input_file_ref idref="fl-4"/>
      </object_component>
      <object_component id="oc-15c">
         <name>.debug_info</name>
         <load_address>0x198c</load_address>
         <run_address>0x198c</run_address>
         <size>0xe2</size>
         <input_file_ref idref="fl-4"/>
      </object_component>
      <object_component id="oc-159">
         <name>.debug_info</name>
         <load_address>0x1a6e</load_address>
         <run_address>0x1a6e</run_address>
         <size>0xeb</size>
         <input_file_ref idref="fl-4"/>
      </object_component>
      <object_component id="oc-c1">
         <name>.debug_info</name>
         <load_address>0x1b59</load_address>
         <run_address>0x1b59</run_address>
         <size>0x6ff</size>
         <input_file_ref idref="fl-4"/>
      </object_component>
      <object_component id="oc-164">
         <name>.debug_info</name>
         <load_address>0x2258</load_address>
         <run_address>0x2258</run_address>
         <size>0x9d</size>
         <input_file_ref idref="fl-4"/>
      </object_component>
      <object_component id="oc-29a">
         <name>.debug_info</name>
         <load_address>0x22f5</load_address>
         <run_address>0x22f5</run_address>
         <size>0x5a</size>
         <input_file_ref idref="fl-4"/>
      </object_component>
      <object_component id="oc-15f">
         <name>.debug_info</name>
         <load_address>0x234f</load_address>
         <run_address>0x234f</run_address>
         <size>0x8b</size>
         <input_file_ref idref="fl-4"/>
      </object_component>
      <object_component id="oc-3ac">
         <name>.debug_info</name>
         <load_address>0x23da</load_address>
         <run_address>0x23da</run_address>
         <size>0x681</size>
         <input_file_ref idref="fl-5"/>
      </object_component>
      <object_component id="oc-2b8">
         <name>.debug_info</name>
         <load_address>0x2a5b</load_address>
         <run_address>0x2a5b</run_address>
         <size>0xdf</size>
         <input_file_ref idref="fl-5"/>
      </object_component>
      <object_component id="oc-2b5">
         <name>.debug_info</name>
         <load_address>0x2b3a</load_address>
         <run_address>0x2b3a</run_address>
         <size>0x11b</size>
         <input_file_ref idref="fl-5"/>
      </object_component>
      <object_component id="oc-149">
         <name>.debug_info</name>
         <load_address>0x2c55</load_address>
         <run_address>0x2c55</run_address>
         <size>0x628</size>
         <input_file_ref idref="fl-5"/>
      </object_component>
      <object_component id="oc-19a">
         <name>.debug_info</name>
         <load_address>0x327d</load_address>
         <run_address>0x327d</run_address>
         <size>0x2c</size>
         <input_file_ref idref="fl-5"/>
      </object_component>
      <object_component id="oc-28b">
         <name>.debug_info</name>
         <load_address>0x32a9</load_address>
         <run_address>0x32a9</run_address>
         <size>0xec</size>
         <input_file_ref idref="fl-6"/>
      </object_component>
      <object_component id="oc-297">
         <name>.debug_info</name>
         <load_address>0x3395</load_address>
         <run_address>0x3395</run_address>
         <size>0xee</size>
         <input_file_ref idref="fl-6"/>
      </object_component>
      <object_component id="oc-294">
         <name>.debug_info</name>
         <load_address>0x3483</load_address>
         <run_address>0x3483</run_address>
         <size>0x121</size>
         <input_file_ref idref="fl-6"/>
      </object_component>
      <object_component id="oc-146">
         <name>.debug_info</name>
         <load_address>0x35a4</load_address>
         <run_address>0x35a4</run_address>
         <size>0x11ec</size>
         <input_file_ref idref="fl-6"/>
      </object_component>
      <object_component id="oc-39a">
         <name>.debug_info</name>
         <load_address>0x4790</load_address>
         <run_address>0x4790</run_address>
         <size>0x8a</size>
         <input_file_ref idref="fl-6"/>
      </object_component>
      <object_component id="oc-103">
         <name>.debug_info</name>
         <load_address>0x481a</load_address>
         <run_address>0x481a</run_address>
         <size>0x4ee</size>
         <input_file_ref idref="fl-7"/>
      </object_component>
      <object_component id="oc-9a">
         <name>.debug_info</name>
         <load_address>0x4d08</load_address>
         <run_address>0x4d08</run_address>
         <size>0x35b</size>
         <input_file_ref idref="fl-7"/>
      </object_component>
      <object_component id="oc-e5">
         <name>.debug_info</name>
         <load_address>0x5063</load_address>
         <run_address>0x5063</run_address>
         <size>0x3b8</size>
         <input_file_ref idref="fl-8"/>
      </object_component>
      <object_component id="oc-199">
         <name>.debug_info</name>
         <load_address>0x541b</load_address>
         <run_address>0x541b</run_address>
         <size>0x40f</size>
         <input_file_ref idref="fl-9"/>
      </object_component>
      <object_component id="oc-18b">
         <name>.debug_info</name>
         <load_address>0x582a</load_address>
         <run_address>0x582a</run_address>
         <size>0x106</size>
         <input_file_ref idref="fl-9"/>
      </object_component>
      <object_component id="oc-196">
         <name>.debug_info</name>
         <load_address>0x5930</load_address>
         <run_address>0x5930</run_address>
         <size>0x100</size>
         <input_file_ref idref="fl-9"/>
      </object_component>
      <object_component id="oc-18e">
         <name>.debug_info</name>
         <load_address>0x5a30</load_address>
         <run_address>0x5a30</run_address>
         <size>0x10e</size>
         <input_file_ref idref="fl-9"/>
      </object_component>
      <object_component id="oc-188">
         <name>.debug_info</name>
         <load_address>0x5b3e</load_address>
         <run_address>0x5b3e</run_address>
         <size>0x112</size>
         <input_file_ref idref="fl-9"/>
      </object_component>
      <object_component id="oc-c6">
         <name>.debug_info</name>
         <load_address>0x5c50</load_address>
         <run_address>0x5c50</run_address>
         <size>0x9d7</size>
         <input_file_ref idref="fl-9"/>
      </object_component>
      <object_component id="oc-192">
         <name>.debug_info</name>
         <load_address>0x6627</load_address>
         <run_address>0x6627</run_address>
         <size>0x145</size>
         <input_file_ref idref="fl-c4"/>
      </object_component>
      <object_component id="oc-222">
         <name>.debug_info</name>
         <load_address>0x676c</load_address>
         <run_address>0x676c</run_address>
         <size>0x13d</size>
         <input_file_ref idref="fl-c5"/>
      </object_component>
      <object_component id="oc-2a5">
         <name>.debug_info</name>
         <load_address>0x68a9</load_address>
         <run_address>0x68a9</run_address>
         <size>0x13d</size>
         <input_file_ref idref="fl-c6"/>
      </object_component>
      <object_component id="oc-227">
         <name>.debug_info</name>
         <load_address>0x69e6</load_address>
         <run_address>0x69e6</run_address>
         <size>0x141</size>
         <input_file_ref idref="fl-c7"/>
      </object_component>
      <object_component id="oc-2aa">
         <name>.debug_info</name>
         <load_address>0x6b27</load_address>
         <run_address>0x6b27</run_address>
         <size>0x13c</size>
         <input_file_ref idref="fl-c8"/>
      </object_component>
      <object_component id="oc-21d">
         <name>.debug_info</name>
         <load_address>0x6c63</load_address>
         <run_address>0x6c63</run_address>
         <size>0x12f</size>
         <input_file_ref idref="fl-c9"/>
      </object_component>
      <object_component id="oc-2a0">
         <name>.debug_info</name>
         <load_address>0x6d92</load_address>
         <run_address>0x6d92</run_address>
         <size>0x131</size>
         <input_file_ref idref="fl-ca"/>
      </object_component>
      <object_component id="oc-8b">
         <name>.debug_info</name>
         <load_address>0x6ec3</load_address>
         <run_address>0x6ec3</run_address>
         <size>0x31e</size>
         <input_file_ref idref="fl-cb"/>
      </object_component>
      <object_component id="oc-48">
         <name>.debug_info</name>
         <load_address>0x71e1</load_address>
         <run_address>0x71e1</run_address>
         <size>0x1bf</size>
         <input_file_ref idref="fl-cb"/>
      </object_component>
      <object_component id="oc-86">
         <name>.debug_info</name>
         <load_address>0x73a0</load_address>
         <run_address>0x73a0</run_address>
         <size>0x46</size>
         <input_file_ref idref="fl-cb"/>
      </object_component>
      <object_component id="oc-b6">
         <name>.debug_info</name>
         <load_address>0x73e6</load_address>
         <run_address>0x73e6</run_address>
         <size>0x2c</size>
         <input_file_ref idref="fl-cb"/>
      </object_component>
      <object_component id="oc-43">
         <name>.debug_info</name>
         <load_address>0x7412</load_address>
         <run_address>0x7412</run_address>
         <size>0x2a8</size>
         <input_file_ref idref="fl-cc"/>
      </object_component>
      <object_component id="oc-19">
         <name>.debug_info</name>
         <load_address>0x76ba</load_address>
         <run_address>0x76ba</run_address>
         <size>0x1ea</size>
         <input_file_ref idref="fl-cc"/>
      </object_component>
      <object_component id="oc-3e">
         <name>.debug_info</name>
         <load_address>0x78a4</load_address>
         <run_address>0x78a4</run_address>
         <size>0x46</size>
         <input_file_ref idref="fl-cc"/>
      </object_component>
      <object_component id="oc-7e">
         <name>.debug_info</name>
         <load_address>0x78ea</load_address>
         <run_address>0x78ea</run_address>
         <size>0x2c</size>
         <input_file_ref idref="fl-cc"/>
      </object_component>
      <object_component id="oc-7c">
         <name>.debug_info</name>
         <load_address>0x7916</load_address>
         <run_address>0x7916</run_address>
         <size>0x29e</size>
         <input_file_ref idref="fl-cd"/>
      </object_component>
      <object_component id="oc-13">
         <name>.debug_info</name>
         <load_address>0x7bb4</load_address>
         <run_address>0x7bb4</run_address>
         <size>0x250</size>
         <input_file_ref idref="fl-cd"/>
      </object_component>
      <object_component id="oc-2e">
         <name>.debug_info</name>
         <load_address>0x7e04</load_address>
         <run_address>0x7e04</run_address>
         <size>0x60</size>
         <input_file_ref idref="fl-cd"/>
      </object_component>
      <object_component id="oc-af">
         <name>.debug_info</name>
         <load_address>0x7e64</load_address>
         <run_address>0x7e64</run_address>
         <size>0x46</size>
         <input_file_ref idref="fl-cd"/>
      </object_component>
      <object_component id="oc-77">
         <name>.debug_info</name>
         <load_address>0x7eaa</load_address>
         <run_address>0x7eaa</run_address>
         <size>0x39</size>
         <input_file_ref idref="fl-cd"/>
      </object_component>
      <object_component id="oc-22">
         <name>.debug_info</name>
         <load_address>0x7ee3</load_address>
         <run_address>0x7ee3</run_address>
         <size>0x10b</size>
         <input_file_ref idref="fl-ce"/>
      </object_component>
      <object_component id="oc-59">
         <name>.debug_info</name>
         <load_address>0x7fee</load_address>
         <run_address>0x7fee</run_address>
         <size>0x1af</size>
         <input_file_ref idref="fl-ce"/>
      </object_component>
      <object_component id="oc-107">
         <name>.debug_info</name>
         <load_address>0x819d</load_address>
         <run_address>0x819d</run_address>
         <size>0x122</size>
         <input_file_ref idref="fl-cf"/>
      </object_component>
      <object_component id="oc-1bb">
         <name>.debug_info</name>
         <load_address>0x82bf</load_address>
         <run_address>0x82bf</run_address>
         <size>0x333</size>
         <input_file_ref idref="fl-d2"/>
      </object_component>
      <object_component id="oc-d2">
         <name>.debug_info</name>
         <load_address>0x85f2</load_address>
         <run_address>0x85f2</run_address>
         <size>0x1d1</size>
         <input_file_ref idref="fl-d2"/>
      </object_component>
      <object_component id="oc-1af">
         <name>.debug_info</name>
         <load_address>0x87c3</load_address>
         <run_address>0x87c3</run_address>
         <size>0x18d</size>
         <input_file_ref idref="fl-d2"/>
      </object_component>
      <object_component id="oc-1b5">
         <name>.debug_info</name>
         <load_address>0x8950</load_address>
         <run_address>0x8950</run_address>
         <size>0x16d</size>
         <input_file_ref idref="fl-d2"/>
      </object_component>
      <object_component id="oc-412">
         <name>.debug_info</name>
         <load_address>0x8abd</load_address>
         <run_address>0x8abd</run_address>
         <size>0x2c</size>
         <input_file_ref idref="fl-d2"/>
      </object_component>
      <object_component id="oc-2da">
         <name>.debug_info</name>
         <load_address>0x8ae9</load_address>
         <run_address>0x8ae9</run_address>
         <size>0x118</size>
         <input_file_ref idref="fl-d3"/>
      </object_component>
      <object_component id="oc-3b">
         <name>.debug_info</name>
         <load_address>0x8c01</load_address>
         <run_address>0x8c01</run_address>
         <size>0x11c</size>
         <input_file_ref idref="fl-d4"/>
      </object_component>
      <object_component id="oc-8d">
         <name>.debug_info</name>
         <load_address>0x8d1d</load_address>
         <run_address>0x8d1d</run_address>
         <size>0x14a</size>
         <input_file_ref idref="fl-d5"/>
      </object_component>
      <object_component id="oc-200">
         <name>.debug_info</name>
         <load_address>0x8e67</load_address>
         <run_address>0x8e67</run_address>
         <size>0x552</size>
         <input_file_ref idref="fl-d6"/>
      </object_component>
      <object_component id="oc-111">
         <name>.debug_info</name>
         <load_address>0x93b9</load_address>
         <run_address>0x93b9</run_address>
         <size>0x1a6</size>
         <input_file_ref idref="fl-d6"/>
      </object_component>
      <object_component id="oc-35b">
         <name>.debug_info</name>
         <load_address>0x955f</load_address>
         <run_address>0x955f</run_address>
         <size>0x39</size>
         <input_file_ref idref="fl-d6"/>
      </object_component>
      <object_component id="oc-424">
         <name>.debug_info</name>
         <load_address>0x9598</load_address>
         <run_address>0x9598</run_address>
         <size>0x39</size>
         <input_file_ref idref="fl-d6"/>
      </object_component>
      <object_component id="oc-360">
         <name>.debug_info</name>
         <load_address>0x95d1</load_address>
         <run_address>0x95d1</run_address>
         <size>0x39</size>
         <input_file_ref idref="fl-d6"/>
      </object_component>
      <object_component id="oc-365">
         <name>.debug_info</name>
         <load_address>0x960a</load_address>
         <run_address>0x960a</run_address>
         <size>0xcd</size>
         <input_file_ref idref="fl-d6"/>
      </object_component>
      <object_component id="oc-93">
         <name>.debug_info</name>
         <load_address>0x96d7</load_address>
         <run_address>0x96d7</run_address>
         <size>0x153</size>
         <input_file_ref idref="fl-d7"/>
      </object_component>
      <object_component id="oc-328">
         <name>.debug_info</name>
         <load_address>0x982a</load_address>
         <run_address>0x982a</run_address>
         <size>0x8b1</size>
         <input_file_ref idref="fl-d9"/>
      </object_component>
      <object_component id="oc-2f4">
         <name>.debug_info</name>
         <load_address>0xa0db</load_address>
         <run_address>0xa0db</run_address>
         <size>0x21e</size>
         <input_file_ref idref="fl-d9"/>
      </object_component>
      <object_component id="oc-3d6">
         <name>.debug_info</name>
         <load_address>0xa2f9</load_address>
         <run_address>0xa2f9</run_address>
         <size>0x1b3</size>
         <input_file_ref idref="fl-d9"/>
      </object_component>
      <object_component id="oc-3dc">
         <name>.debug_info</name>
         <load_address>0xa4ac</load_address>
         <run_address>0xa4ac</run_address>
         <size>0x21b</size>
         <input_file_ref idref="fl-d9"/>
      </object_component>
      <object_component id="oc-2ff">
         <name>.debug_info</name>
         <load_address>0xa6c7</load_address>
         <run_address>0xa6c7</run_address>
         <size>0x3bb</size>
         <input_file_ref idref="fl-d9"/>
      </object_component>
      <object_component id="oc-3e3">
         <name>.debug_info</name>
         <load_address>0xaa82</load_address>
         <run_address>0xaa82</run_address>
         <size>0x305</size>
         <input_file_ref idref="fl-d9"/>
      </object_component>
      <object_component id="oc-3e9">
         <name>.debug_info</name>
         <load_address>0xad87</load_address>
         <run_address>0xad87</run_address>
         <size>0x215</size>
         <input_file_ref idref="fl-d9"/>
      </object_component>
      <object_component id="oc-305">
         <name>.debug_info</name>
         <load_address>0xaf9c</load_address>
         <run_address>0xaf9c</run_address>
         <size>0x215</size>
         <input_file_ref idref="fl-d9"/>
      </object_component>
      <object_component id="oc-30b">
         <name>.debug_info</name>
         <load_address>0xb1b1</load_address>
         <run_address>0xb1b1</run_address>
         <size>0x304</size>
         <input_file_ref idref="fl-d9"/>
      </object_component>
      <object_component id="oc-311">
         <name>.debug_info</name>
         <load_address>0xb4b5</load_address>
         <run_address>0xb4b5</run_address>
         <size>0x4b0</size>
         <input_file_ref idref="fl-d9"/>
      </object_component>
      <object_component id="oc-1aa">
         <name>.debug_info</name>
         <load_address>0xb965</load_address>
         <run_address>0xb965</run_address>
         <size>0x5d8</size>
         <input_file_ref idref="fl-d9"/>
      </object_component>
      <object_component id="oc-329">
         <name>.debug_info</name>
         <load_address>0xbf3d</load_address>
         <run_address>0xbf3d</run_address>
         <size>0x86</size>
         <input_file_ref idref="fl-d9"/>
      </object_component>
      <object_component id="oc-417">
         <name>.debug_info</name>
         <load_address>0xbfc3</load_address>
         <run_address>0xbfc3</run_address>
         <size>0x39</size>
         <input_file_ref idref="fl-d9"/>
      </object_component>
      <object_component id="oc-475">
         <name>.debug_info</name>
         <load_address>0xbffc</load_address>
         <run_address>0xbffc</run_address>
         <size>0xb6</size>
         <input_file_ref idref="fl-d9"/>
      </object_component>
      <object_component id="oc-41c">
         <name>.debug_info</name>
         <load_address>0xc0b2</load_address>
         <run_address>0xc0b2</run_address>
         <size>0x46</size>
         <input_file_ref idref="fl-d9"/>
      </object_component>
      <object_component id="oc-32e">
         <name>.debug_info</name>
         <load_address>0xc0f8</load_address>
         <run_address>0xc0f8</run_address>
         <size>0x46</size>
         <input_file_ref idref="fl-d9"/>
      </object_component>
      <object_component id="oc-3b7">
         <name>.debug_info</name>
         <load_address>0xc13e</load_address>
         <run_address>0xc13e</run_address>
         <size>0x2b9</size>
         <input_file_ref idref="fl-da"/>
      </object_component>
      <object_component id="oc-2ed">
         <name>.debug_info</name>
         <load_address>0xc3f7</load_address>
         <run_address>0xc3f7</run_address>
         <size>0x17c</size>
         <input_file_ref idref="fl-da"/>
      </object_component>
      <object_component id="oc-44a">
         <name>.debug_info</name>
         <load_address>0xc573</load_address>
         <run_address>0xc573</run_address>
         <size>0xf9</size>
         <input_file_ref idref="fl-db"/>
      </object_component>
      <object_component id="oc-3b4">
         <name>.debug_info</name>
         <load_address>0xc66c</load_address>
         <run_address>0xc66c</run_address>
         <size>0x105</size>
         <input_file_ref idref="fl-db"/>
      </object_component>
      <object_component id="oc-451">
         <name>.debug_info</name>
         <load_address>0xc771</load_address>
         <run_address>0xc771</run_address>
         <size>0x29b</size>
         <input_file_ref idref="fl-dc"/>
      </object_component>
      <object_component id="oc-3cb">
         <name>.debug_info</name>
         <load_address>0xca0c</load_address>
         <run_address>0xca0c</run_address>
         <size>0x1cd</size>
         <input_file_ref idref="fl-dc"/>
      </object_component>
      <object_component id="oc-403">
         <name>.debug_info</name>
         <load_address>0xcbd9</load_address>
         <run_address>0xcbd9</run_address>
         <size>0x296</size>
         <input_file_ref idref="fl-dd"/>
      </object_component>
      <object_component id="oc-318">
         <name>.debug_info</name>
         <load_address>0xce6f</load_address>
         <run_address>0xce6f</run_address>
         <size>0x1b6</size>
         <input_file_ref idref="fl-dd"/>
      </object_component>
      <object_component id="oc-467">
         <name>.debug_info</name>
         <load_address>0xd025</load_address>
         <run_address>0xd025</run_address>
         <size>0x29a</size>
         <input_file_ref idref="fl-de"/>
      </object_component>
      <object_component id="oc-3fe">
         <name>.debug_info</name>
         <load_address>0xd2bf</load_address>
         <run_address>0xd2bf</run_address>
         <size>0x268</size>
         <input_file_ref idref="fl-de"/>
      </object_component>
      <object_component id="oc-3b2">
         <name>.debug_info</name>
         <load_address>0xd527</load_address>
         <run_address>0xd527</run_address>
         <size>0x28f</size>
         <input_file_ref idref="fl-df"/>
      </object_component>
      <object_component id="oc-2e7">
         <name>.debug_info</name>
         <load_address>0xd7b6</load_address>
         <run_address>0xd7b6</run_address>
         <size>0x24b</size>
         <input_file_ref idref="fl-df"/>
      </object_component>
      <object_component id="oc-40a">
         <name>.debug_info</name>
         <load_address>0xda01</load_address>
         <run_address>0xda01</run_address>
         <size>0x28f</size>
         <input_file_ref idref="fl-e0"/>
      </object_component>
      <object_component id="oc-31e">
         <name>.debug_info</name>
         <load_address>0xdc90</load_address>
         <run_address>0xdc90</run_address>
         <size>0x15a</size>
         <input_file_ref idref="fl-e0"/>
      </object_component>
      <object_component id="oc-46a">
         <name>.debug_info</name>
         <load_address>0xddea</load_address>
         <run_address>0xddea</run_address>
         <size>0x46</size>
         <input_file_ref idref="fl-e0"/>
      </object_component>
      <object_component id="oc-405">
         <name>.debug_info</name>
         <load_address>0xde30</load_address>
         <run_address>0xde30</run_address>
         <size>0x39</size>
         <input_file_ref idref="fl-e0"/>
      </object_component>
      <object_component id="oc-458">
         <name>.debug_info</name>
         <load_address>0xde69</load_address>
         <run_address>0xde69</run_address>
         <size>0x29a</size>
         <input_file_ref idref="fl-e1"/>
      </object_component>
      <object_component id="oc-3f0">
         <name>.debug_info</name>
         <load_address>0xe103</load_address>
         <run_address>0xe103</run_address>
         <size>0x195</size>
         <input_file_ref idref="fl-e1"/>
      </object_component>
      <object_component id="oc-486">
         <name>.debug_info</name>
         <load_address>0xe298</load_address>
         <run_address>0xe298</run_address>
         <size>0x39</size>
         <input_file_ref idref="fl-e1"/>
      </object_component>
      <object_component id="oc-459">
         <name>.debug_info</name>
         <load_address>0xe2d1</load_address>
         <run_address>0xe2d1</run_address>
         <size>0x2c</size>
         <input_file_ref idref="fl-e1"/>
      </object_component>
      <object_component id="oc-465">
         <name>.debug_info</name>
         <load_address>0xe2fd</load_address>
         <run_address>0xe2fd</run_address>
         <size>0x2fd</size>
         <input_file_ref idref="fl-e2"/>
      </object_component>
      <object_component id="oc-3f6">
         <name>.debug_info</name>
         <load_address>0xe5fa</load_address>
         <run_address>0xe5fa</run_address>
         <size>0x225</size>
         <input_file_ref idref="fl-e2"/>
      </object_component>
      <object_component id="oc-3d0">
         <name>.debug_info</name>
         <load_address>0xe81f</load_address>
         <run_address>0xe81f</run_address>
         <size>0x14f</size>
         <input_file_ref idref="fl-e3"/>
      </object_component>
      <object_component id="oc-2f9">
         <name>.debug_info</name>
         <load_address>0xe96e</load_address>
         <run_address>0xe96e</run_address>
         <size>0x12b</size>
         <input_file_ref idref="fl-e4"/>
      </object_component>
      <object_component id="oc-3c0">
         <name>.debug_info</name>
         <load_address>0xea99</load_address>
         <run_address>0xea99</run_address>
         <size>0x12d</size>
         <input_file_ref idref="fl-e4"/>
      </object_component>
      <object_component id="oc-3c5">
         <name>.debug_info</name>
         <load_address>0xebc6</load_address>
         <run_address>0xebc6</run_address>
         <size>0x131</size>
         <input_file_ref idref="fl-e5"/>
      </object_component>
      <object_component id="oc-3ba">
         <name>.debug_info</name>
         <load_address>0xecf7</load_address>
         <run_address>0xecf7</run_address>
         <size>0x137</size>
         <input_file_ref idref="fl-e6"/>
      </object_component>
      <object_component id="oc-40f">
         <name>.debug_info</name>
         <load_address>0xee2e</load_address>
         <run_address>0xee2e</run_address>
         <size>0x289</size>
         <input_file_ref idref="fl-e7"/>
      </object_component>
      <object_component id="oc-40c">
         <name>.debug_info</name>
         <load_address>0xf0b7</load_address>
         <run_address>0xf0b7</run_address>
         <size>0x10e</size>
         <input_file_ref idref="fl-e7"/>
      </object_component>
      <object_component id="oc-323">
         <name>.debug_info</name>
         <load_address>0xf1c5</load_address>
         <run_address>0xf1c5</run_address>
         <size>0x14e</size>
         <input_file_ref idref="fl-e7"/>
      </object_component>
      <object_component id="oc-45f">
         <name>.debug_info</name>
         <load_address>0xf313</load_address>
         <run_address>0xf313</run_address>
         <size>0x161</size>
         <input_file_ref idref="fl-e8"/>
      </object_component>
      <object_component id="oc-da">
         <name>.debug_info</name>
         <load_address>0xf474</load_address>
         <run_address>0xf474</run_address>
         <size>0x225</size>
         <input_file_ref idref="fl-e9"/>
      </object_component>
      <object_component id="oc-1a3">
         <name>.debug_info</name>
         <load_address>0xf699</load_address>
         <run_address>0xf699</run_address>
         <size>0x18b</size>
         <input_file_ref idref="fl-e9"/>
      </object_component>
      <object_component id="oc-1e3">
         <name>.debug_info</name>
         <load_address>0xf824</load_address>
         <run_address>0xf824</run_address>
         <size>0x240</size>
         <input_file_ref idref="fl-ea"/>
      </object_component>
      <object_component id="oc-1e0">
         <name>.debug_info</name>
         <load_address>0xfa64</load_address>
         <run_address>0xfa64</run_address>
         <size>0x15b</size>
         <input_file_ref idref="fl-ea"/>
      </object_component>
      <object_component id="oc-28e">
         <name>.debug_info</name>
         <load_address>0xfbbf</load_address>
         <run_address>0xfbbf</run_address>
         <size>0x2a3</size>
         <input_file_ref idref="fl-ea"/>
      </object_component>
      <object_component id="oc-1e6">
         <name>.debug_info</name>
         <load_address>0xfe62</load_address>
         <run_address>0xfe62</run_address>
         <size>0x2b3</size>
         <input_file_ref idref="fl-ea"/>
      </object_component>
      <object_component id="oc-1ec">
         <name>.debug_info</name>
         <load_address>0x10115</load_address>
         <run_address>0x10115</run_address>
         <size>0x316</size>
         <input_file_ref idref="fl-ea"/>
      </object_component>
      <object_component id="oc-f8">
         <name>.debug_info</name>
         <load_address>0x1042b</load_address>
[...]
      </symbol>
      <symbol id="sm-18c">
         <name>MD_GetRightEncoderTicks</name>
         <value>0x1551</value>
         <object_component_ref idref="oc-142"/>
      </symbol>
      <symbol id="sm-18d">
         <name>MD_ResetRightEncoderTicks</name>
         <value>0x155f</value>
         <object_component_ref idref="oc-142"/>
      </symbol>
      <symbol id="sm-18e">
         <name>MD_GetLeftEncoderSpeed</name>
         <value>0x153b</value>
         <object_component_ref idref="oc-142"/>
      </symbol>
      <symbol id="sm-18f">
         <name>LeftMotorState</name>
         <value>0x20000659</value>
         <object_component_ref idref="oc-293"/>
      </symbol>
      <symbol id="sm-190">
         <name>MD_GetRightMotorDir</name>
         <value>0x1507</value>
         <object_component_ref idref="oc-142"/>
      </symbol>
      <symbol id="sm-191">
         <name>MD_SetRightMotorDir</name>
         <value>0x14ed</value>
         <object_component_ref idref="oc-142"/>
      </symbol>
      <symbol id="sm-192">
         <name>MD_ResetLeftEncoderTicks</name>
         <value>0x1549</value>
         <object_component_ref idref="oc-142"/>
      </symbol>
      <symbol id="sm-193">
         <name>MD_GetLeftEncoderTicks</name>
         <value>0x1535</value>
         <object_component_ref idref="oc-142"/>
      </symbol>
      <symbol id="sm-194">
         <name>MD_SetLeftMotorDir</name>
         <value>0x1459</value>
         <object_component_ref idref="oc-142"/>
      </symbol>
      <symbol id="sm-195">
         <name>MD_GetLeftMotorDir</name>
         <value>0x1501</value>
         <object_component_ref idref="oc-142"/>
      </symbol>
      <symbol id="sm-196">
         <name>EnableTimer1</name>
         <value>0x12f5</value>
         <object_component_ref idref="oc-142"/>
      </symbol>
      <symbol id="sm-1af">
         <name>SystemInit</name>
         <value>0x2ae7</value>
         <object_component_ref idref="oc-98"/>
      </symbol>
      <symbol id="sm-1b0">
         <name>UARTInit</name>
         <value>0x2afd</value>
         <object_component_ref idref="oc-98"/>
      </symbol>
      <symbol id="sm-1b1">
         <name>main</name>
         <value>0x2ab1</value>
         <object_component_ref idref="oc-98"/>
      </symbol>
      <symbol id="sm-1c7">
         <name>PinoutSet</name>
         <value>0x27bd</value>
         <object_component_ref idref="oc-e4"/>
      </symbol>
      <symbol id="sm-236">
         <name>UARTgetc</name>
         <value>0xe13</value>
         <object_component_ref idref="oc-c5"/>
      </symbol>
      <symbol id="sm-237">
         <name>UARTgets</name>
         <value>0xd59</value>
         <object_component_ref idref="oc-c5"/>
      </symbol>
      <symbol id="sm-238">
         <name>UARTStdioConfig</name>
         <value>0xccd</value>
         <object_component_ref idref="oc-c5"/>
      </symbol>
      <symbol id="sm-239">
         <name>UARTwrite</name>
         <value>0xd13</value>
         <object_component_ref idref="oc-c5"/>
      </symbol>
      <symbol id="sm-23a">
         <name>UARTprintf</name>
         <value>0x1133</value>
         <object_component_ref idref="oc-c5"/>
      </symbol>
      <symbol id="sm-23b">
         <name>UARTvprintf</name>
         <value>0xe39</value>
         <object_component_ref idref="oc-c5"/>
      </symbol>
      <symbol id="sm-24a">
         <name>__aeabi_uidivmod</name>
         <value>0x3435</value>
         <object_component_ref idref="oc-190"/>
      </symbol>
      <symbol id="sm-24b">
         <name>__aeabi_uidiv</name>
         <value>0x3435</value>
         <object_component_ref idref="oc-190"/>
      </symbol>
      <symbol id="sm-25f">
         <name>__aeabi_ddiv</name>
         <value>0x2211</value>
         <object_component_ref idref="oc-220"/>
      </symbol>
      <symbol id="sm-26a">
         <name>__aeabi_dmul</name>
         <value>0x28c1</value>
         <object_component_ref idref="oc-2a4"/>
      </symbol>
      <symbol id="sm-276">
         <name>__aeabi_d2f</name>
         <value>0x2f3d</value>
         <object_component_ref idref="oc-225"/>
      </symbol>
      <symbol id="sm-280">
         <name>__aeabi_d2uiz</name>
         <value>0x33f1</value>
         <object_component_ref idref="oc-2a9"/>
      </symbol>
      <symbol id="sm-28a">
         <name>__aeabi_i2d</name>
         <value>0x35cd</value>
         <object_component_ref idref="oc-21b"/>
      </symbol>
      <symbol id="sm-294">
         <name>__aeabi_ui2d</name>
         <value>0x3669</value>
         <object_component_ref idref="oc-29f"/>
      </symbol>
      <symbol id="sm-2ad">
         <name>__TI_zero_init_nomemset</name>
         <value>0x382b</value>
         <object_component_ref idref="oc-44"/>
      </symbol>
      <symbol id="sm-2c4">
         <name>__TI_decompress_none</name>
         <value>0x388f</value>
         <object_component_ref idref="oc-18"/>
      </symbol>
      <symbol id="sm-2e7">
         <name>__TI_decompress_lzss</name>
         <value>0x3015</value>
         <object_component_ref idref="oc-12"/>
      </symbol>
      <symbol id="sm-2fa">
         <name>__stack</name>
         <value>0x20000270</value>
         <object_component_ref idref="oc-21"/>
      </symbol>
      <symbol id="sm-2fb">
         <name>_c_int00_noargs</name>
         <value>0x352d</value>
         <object_component_ref idref="oc-56"/>
      </symbol>
      <symbol id="sm-306">
         <name>C$$EXIT</name>
         <value>0x3913</value>
         <object_component_ref idref="oc-104"/>
      </symbol>
      <symbol id="sm-307">
         <name>abort</name>
         <value>0x3913</value>
         <object_component_ref idref="oc-104"/>
      </symbol>
      <symbol id="sm-330">
         <name>sprintf</name>
         <value>0x3475</value>
         <object_component_ref idref="oc-d1"/>
      </symbol>
      <symbol id="sm-33a">
         <name>__aeabi_idiv0</name>
         <value>0xccb</value>
         <object_component_ref idref="oc-2d9"/>
      </symbol>
      <symbol id="sm-33b">
         <name>__aeabi_ldiv0</name>
         <value>0xccb</value>
         <object_component_ref idref="oc-2d9"/>
      </symbol>
      <symbol id="sm-356">
         <name>memcpy</name>
         <value>0x2c17</value>
         <object_component_ref idref="oc-38"/>
      </symbol>
      <symbol id="sm-357">
         <name>__aeabi_memcpy</name>
         <value>0x2c17</value>
         <object_component_ref idref="oc-38"/>
      </symbol>
      <symbol id="sm-358">
         <name>__aeabi_memcpy8</name>
         <value>0x2c17</value>
         <object_component_ref idref="oc-38"/>
      </symbol>
      <symbol id="sm-359">
         <name>__aeabi_memcpy4</name>
         <value>0x2c17</value>
         <object_component_ref idref="oc-38"/>
      </symbol>
      <symbol id="sm-368">
         <name>__aeabi_memset</name>
         <value>0x2e57</value>
         <object_component_ref idref="oc-8c"/>
      </symbol>
      <symbol id="sm-369">
         <name>memset</name>
         <value>0x2e5d</value>
         <object_component_ref idref="oc-8c"/>
      </symbol>
      <symbol id="sm-36a">
         <name>__aeabi_memset8</name>
         <value>0x2e57</value>
         <object_component_ref idref="oc-8c"/>
      </symbol>
      <symbol id="sm-36b">
         <name>__aeabi_memset4</name>
         <value>0x2e57</value>
         <object_component_ref idref="oc-8c"/>
      </symbol>
      <symbol id="sm-36c">
         <name>__aeabi_memclr8</name>
         <value>0x2e55</value>
         <object_component_ref idref="oc-8c"/>
      </symbol>
      <symbol id="sm-36d">
         <name>__aeabi_memclr4</name>
         <value>0x2e55</value>
         <object_component_ref idref="oc-8c"/>
      </symbol>
      <symbol id="sm-36e">
         <name>__aeabi_memclr</name>
         <value>0x2e55</value>
         <object_component_ref idref="oc-8c"/>
      </symbol>
      <symbol id="sm-396">
         <name>__TI_auto_init_nobinit_nopinit</name>
         <value>0x33ad</value>
         <object_component_ref idref="oc-110"/>
      </symbol>
      <symbol id="sm-3a0">
         <name>_system_pre_init</name>
         <value>0x390f</value>
         <object_component_ref idref="oc-92"/>
      </symbol>
      <symbol id="sm-506">
         <name>__TI_printfi</name>
         <value>0x26d</value>
         <object_component_ref idref="oc-1a8"/>
      </symbol>
      <symbol id="sm-51c">
         <name>atoi</name>
         <value>0x3289</value>
         <object_component_ref idref="oc-2ec"/>
      </symbol>
      <symbol id="sm-527">
         <name>_ctypes_</name>
         <value>0x3918</value>
         <object_component_ref idref="oc-3b3"/>
      </symbol>
      <symbol id="sm-536">
         <name>ltoa</name>
         <value>0x3197</value>
         <object_component_ref idref="oc-3c9"/>
      </symbol>
      <symbol id="sm-546">
         <name>memccpy</name>
         <value>0x36a7</value>
         <object_component_ref idref="oc-315"/>
      </symbol>
      <symbol id="sm-556">
         <name>strchr</name>
         <value>0x3721</value>
         <object_component_ref idref="oc-3fb"/>
      </symbol>
      <symbol id="sm-564">
         <name>strlen</name>
         <value>0x3775</value>
         <object_component_ref idref="oc-2e6"/>
      </symbol>
      <symbol id="sm-57d">
         <name>wcslen</name>
         <value>0x383d</value>
         <object_component_ref idref="oc-31b"/>
      </symbol>
      <symbol id="sm-59d">
         <name>frexpl</name>
         <value>0x307d</value>
         <object_component_ref idref="oc-3ef"/>
      </symbol>
      <symbol id="sm-59e">
         <name>frexp</name>
         <value>0x307d</value>
         <object_component_ref idref="oc-3ef"/>
      </symbol>
      <symbol id="sm-5bb">
         <name>scalbn</name>
         <value>0x26ad</value>
         <object_component_ref idref="oc-3f5"/>
      </symbol>
      <symbol id="sm-5bc">
         <name>scalbnl</name>
         <value>0x26ad</value>
         <object_component_ref idref="oc-3f5"/>
      </symbol>
      <symbol id="sm-5bd">
         <name>ldexpl</name>
         <value>0x26ad</value>
         <object_component_ref idref="oc-3f5"/>
      </symbol>
      <symbol id="sm-5be">
         <name>ldexp</name>
         <value>0x26ad</value>
         <object_component_ref idref="oc-3f5"/>
      </symbol>
      <symbol id="sm-5d5">
         <name>__aeabi_dsub</name>
         <value>0x1bed</value>
         <object_component_ref idref="oc-3cf"/>
      </symbol>
      <symbol id="sm-5d6">
         <name>__aeabi_dadd</name>
         <value>0x1bf7</value>
         <object_component_ref idref="oc-3cf"/>
      </symbol>
      <symbol id="sm-5f8">
         <name>__aeabi_cdcmpeq</name>
         <value>0x2d49</value>
         <object_component_ref idref="oc-2f8"/>
      </symbol>
      <symbol id="sm-5f9">
         <name>__aeabi_cdcmple</name>
         <value>0x2d49</value>
         <object_component_ref idref="oc-2f8"/>
      </symbol>
      <symbol id="sm-5fa">
         <name>__aeabi_cdrcmple</name>
         <value>0x2dcf</value>
         <object_component_ref idref="oc-3bf"/>
      </symbol>
      <symbol id="sm-604">
         <name>__aeabi_d2iz</name>
         <value>0x331d</value>
         <object_component_ref idref="oc-3c4"/>
      </symbol>
      <symbol id="sm-611">
         <name>__aeabi_uldivmod</name>
         <value>0x2cb3</value>
         <object_component_ref idref="oc-3b8"/>
      </symbol>
      <symbol id="sm-627">
         <name>__aeabi_errno_addr</name>
         <value>0x38f1</value>
         <object_component_ref idref="oc-321"/>
      </symbol>
      <symbol id="sm-628">
         <name>errno</name>
         <value>0x2000065c</value>
         <object_component_ref idref="oc-40b"/>
      </symbol>
      <symbol id="sm-632">
         <name>copysign</name>
         <value>0x3761</value>
         <object_component_ref idref="oc-45e"/>
      </symbol>
      <symbol id="sm-633">
         <name>copysignl</name>
         <value>0x3761</value>
         <object_component_ref idref="oc-45e"/>
      </symbol>
      <symbol id="sm-644">
         <name>FPULazyStackingEnable</name>
         <value>0x3851</value>
         <object_component_ref idref="oc-d8"/>
      </symbol>
      <symbol id="sm-6a6">
         <name>GPIOPinTypePWM</name>
         <value>0x37ad</value>
         <object_component_ref idref="oc-1d1"/>
      </symbol>
      <symbol id="sm-6a7">
         <name>GPIOPinConfigure</name>
         <value>0x32d5</value>
         <object_component_ref idref="oc-f0"/>
      </symbol>
      <symbol id="sm-6a8">
         <name>GPIOPinTypeI2CSCL</name>
         <value>0x379b</value>
         <object_component_ref idref="oc-1c5"/>
      </symbol>
      <symbol id="sm-6a9">
         <name>GPIOPinTypeI2C</name>
         <value>0x3789</value>
         <object_component_ref idref="oc-1cb"/>
      </symbol>
      <symbol id="sm-6aa">
         <name>GPIOPinTypeUART</name>
         <value>0x37d1</value>
         <object_component_ref idref="oc-f6"/>
      </symbol>
      <symbol id="sm-6ab">
         <name>GPIOPinTypeGPIOOutput</name>
         <value>0x36c3</value>
         <object_component_ref idref="oc-1bf"/>
      </symbol>
      <symbol id="sm-6ac">
         <name>GPIODirModeSet</name>
         <value>0x35fb</value>
         <object_component_ref idref="oc-1e4"/>
      </symbol>
      <symbol id="sm-6ad">
         <name>GPIOPinWrite</name>
         <value>0x38f9</value>
         <object_component_ref idref="oc-28d"/>
      </symbol>
      <symbol id="sm-6ae">
         <name>GPIOPadConfigSet</name>
         <value>0x2347</value>
         <object_component_ref idref="oc-1ea"/>
      </symbol>
      <symbol id="sm-6af">
         <name>GPIOPinTypeTimer</name>
         <value>0x37bf</value>
         <object_component_ref idref="oc-1d7"/>
      </symbol>
      <symbol id="sm-6f1">
         <name>IntEnable</name>
         <value>0x2fad</value>
         <object_component_ref idref="oc-272"/>
      </symbol>
      <symbol id="sm-6f2">
         <name>IntRegister</name>
         <value>0x3565</value>
         <object_component_ref idref="oc-388"/>
      </symbol>
      <symbol id="sm-6f3">
         <name>g_pfnRAMVectors</name>
         <value>0x20000000</value>
         <object_component_ref idref="oc-43c"/>
      </symbol>
      <symbol id="sm-6f4">
         <name>IntMasterEnable</name>
         <value>0x3861</value>
         <object_component_ref idref="oc-230"/>
      </symbol>
      <symbol id="sm-729">
         <name>PWMGenPeriodSet</name>
         <value>0x3871</value>
         <object_component_ref idref="oc-242"/>
      </symbol>
      <symbol id="sm-72a">
         <name>PWMPulseWidthSet</name>
         <value>0x3689</value>
         <object_component_ref idref="oc-284"/>
      </symbol>
      <symbol id="sm-72b">
         <name>PWMGenPeriodGet</name>
         <value>0x37e3</value>
         <object_component_ref idref="oc-27e"/>
      </symbol>
      <symbol id="sm-72c">
         <name>PWMOutputState</name>
         <value>0x37f5</value>
         <object_component_ref idref="oc-248"/>
      </symbol>
      <symbol id="sm-72d">
         <name>PWMGenEnable</name>
         <value>0x38a9</value>
         <object_component_ref idref="oc-24e"/>
      </symbol>
      <symbol id="sm-72e">
         <name>PWMGenConfigure</name>
         <value>0x3625</value>
         <object_component_ref idref="oc-23c"/>
      </symbol>
      <symbol id="sm-795">
         <name>SysCtlPeripheralPresent</name>
         <value>0x34f5</value>
         <object_component_ref idref="oc-169"/>
      </symbol>
      <symbol id="sm-796">
         <name>SysCtlClockSet</name>
         <value>0x29bd</value>
         <object_component_ref idref="oc-de"/>
      </symbol>
      <symbol id="sm-797">
         <name>SysCtlDelay</name>
         <value>0x38ff</value>
         <object_component_ref idref="oc-d7"/>
      </symbol>
      <symbol id="sm-798">
         <name>SysCtlPeripheralEnable</name>
         <value>0x3599</value>
         <object_component_ref idref="oc-ea"/>
      </symbol>
      <symbol id="sm-799">
         <name>SysCtlClockGet</name>
         <value>0x259d</value>
         <object_component_ref idref="oc-cb"/>
      </symbol>
      <symbol id="sm-79a">
         <name>SysCtlPWMClockSet</name>
         <value>0x3739</value>
         <object_component_ref idref="oc-236"/>
      </symbol>
      <symbol id="sm-80d">
         <name>TimerLoadSet</name>
         <value>0x3807</value>
         <object_component_ref idref="oc-2ae"/>
      </symbol>
      <symbol id="sm-80e">
         <name>TimerIntRegister</name>
         <value>0x36db</value>
         <object_component_ref idref="oc-266"/>
      </symbol>
      <symbol id="sm-80f">
         <name>TimerEnable</name>
         <value>0x3881</value>
         <object_component_ref idref="oc-278"/>
      </symbol>
      <symbol id="sm-810">
         <name>TimerValueGet</name>
         <value>0x38c1</value>
         <object_component_ref idref="oc-215"/>
      </symbol>
      <symbol id="sm-811">
         <name>TimerPrescaleSet</name>
         <value>0x3819</value>
         <object_component_ref idref="oc-260"/>
      </symbol>
      <symbol id="sm-812">
         <name>TimerIntEnable</name>
         <value>0x38e9</value>
         <object_component_ref idref="oc-26c"/>
      </symbol>
      <symbol id="sm-813">
         <name>TimerConfigure</name>
         <value>0x30e1</value>
         <object_component_ref idref="oc-254"/>
      </symbol>
      <symbol id="sm-814">
         <name>TimerControlEvent</name>
         <value>0x370b</value>
         <object_component_ref idref="oc-25a"/>
      </symbol>
      <symbol id="sm-815">
         <name>TimerIntClear</name>
         <value>0x390b</value>
         <object_component_ref idref="oc-22a"/>
      </symbol>
      <symbol id="sm-850">
         <name>UARTConfigSetExpClk</name>
         <value>0x3365</value>
         <object_component_ref idref="oc-16f"/>
      </symbol>
      <symbol id="sm-851">
         <name>UARTDisable</name>
         <value>0x3649</value>
         <object_component_ref idref="oc-2c9"/>
      </symbol>
      <symbol id="sm-852">
         <name>UARTClockSourceSet</name>
         <value>0x3905</value>
         <object_component_ref idref="oc-fc"/>
      </symbol>
      <symbol id="sm-853">
         <name>UARTCharPut</name>
         <value>0x38d5</value>
         <object_component_ref idref="oc-17b"/>
      </symbol>
      <symbol id="sm-854">
         <name>UARTEnable</name>
         <value>0x374d</value>
         <object_component_ref idref="oc-175"/>
      </symbol>
      <symbol id="sm-855">
         <name>UARTCharGet</name>
         <value>0x38cb</value>
         <object_component_ref idref="oc-181"/>
      </symbol>
      <symbol id="sm-85f">
         <name>CPUcpsie</name>
         <value>0x389d</value>
         <object_component_ref idref="oc-372"/>
      </symbol>
      <symbol id="sm-860">
         <name>__TI_static_base__</name>
         <value>0x0</value>
      </symbol>
      <symbol id="sm-863">
         <name>__mpu_init</name>
         <value>0x0</value>
      </symbol>
      <symbol id="sm-864">
         <name>_system_post_cinit</name>
         <value>0x0</value>
      </symbol>
   </symbol_table>
   <title>Link successful</title>
</link_info>
