******************************************************************************
                  TI ARM Linker PC v18.1.4                     
******************************************************************************
>> Linked Wed Mar  6 09:55:22 2019

OUTPUT FILE NAME:   <MM_Firmware.out>
ENTRY POINT SYMBOL: "_c_int00_noargs"  address: 00003615


MEMORY CONFIGURATION

         name            origin    length      used     unused   attr    fill
----------------------  --------  ---------  --------  --------  ----  --------
  FLASH                 00000000   00040000  00003db6  0003c24a  R  X
  SRAM                  20000000   00008000  00000590  00007a70  RW X


SEGMENT ALLOCATION MAP

run origin  load origin   length   init length attrs members
----------  ----------- ---------- ----------- ----- -------
00000000    00000000    00003db8   00003db8    r-x
  00000000    00000000    0000026c   0000026c    r-- .intvecs
  0000026c    0000026c    00003792   00003792    r-x .text
  00003a00    00003a00    00000340   00000340    r-- .const
  00003d40    00003d40    00000078   00000078    r-- .cinit
20000000    20000000    00000594   00000000    rw-
  20000000    20000000    0000026c   00000000    rw- .vtable
  20000270    20000270    00000200   00000000    rw- .stack
  20000470    20000470    00000114   00000000    rw- .data
  20000584    20000584    00000010   00000000    rw- .bss


SECTION ALLOCATION MAP

 output                                  attributes/
section   page    origin      length       input sections
--------  ----  ----------  ----------   ----------------
.intvecs   0    00000000    0000026c     
                  00000000    0000026c     tm4c123gh6pm_startup_ccs.obj (.intvecs)

.text      0    0000026c    00003792     
                  0000026c    00000a5e     rtsv7M4_T_le_v4SPD16_eabi.lib : _printfi.c.obj (.text:__TI_printfi)
                  00000cca    00000002                                   : div0.asm.obj (.text)
                  00000ccc    000004bc     MotorDriver.obj (.text)
                  00001188    0000049c     uartstdio.obj (.text)
                  00001624    00000270     rtsv7M4_T_le_v4SPD16_eabi.lib : _printfi.c.obj (.text:_pconv_a)
                  00001894    00000234     PositionControl.obj (.text)
                  00001ac8    000001dc     SpeedControl.obj (.text)
                  00001ca4    000001d0     rtsv7M4_T_le_v4SPD16_eabi.lib : _printfi.c.obj (.text:_pconv_g)
                  00001e74    000001b6                                   : fd_add_t2.asm.obj (.text)
                  0000202a    0000017e     PID.obj (.text)
                  000021a8    0000013c     rtsv7M4_T_le_v4SPD16_eabi.lib : _printfi.c.obj (.text:_pconv_e)
                  000022e4    00000136                                   : fd_div_t2.asm.obj (.text)
                  0000241a    00000132     driverlib.lib : gpio.obj (.text:GPIOPadConfigSet)
                  0000254c    00000124     rtsv7M4_T_le_v4SPD16_eabi.lib : _printfi.c.obj (.text:fcvt)
                  00002670    00000110     driverlib.lib : sysctl.obj (.text:SysCtlClockGet)
                  00002780    00000110     rtsv7M4_T_le_v4SPD16_eabi.lib : s_scalbn.c.obj (.text:scalbn)
                  00002890    00000104     pinout.obj (.text)
                  00002994    000000fc     rtsv7M4_T_le_v4SPD16_eabi.lib : fd_mul_t2.asm.obj (.text)
                  00002a90    000000f4     driverlib.lib : sysctl.obj (.text:SysCtlClockSet)
                  00002b84    000000c8     main.obj (.text)
                  00002c4c    000000b1     rtsv7M4_T_le_v4SPD16_eabi.lib : _printfi.c.obj (.text:_ltostr)
                  00002cfd    00000001     --HOLE-- [fill = 0]
                  00002cfe    0000009c                                   : memcpy_t2.asm.obj (.text)
                  00002d9a    00000096                                   : ull_div_t2.asm.obj (.text)
                  00002e30    00000086                                   : fd_cmp_t2.asm.obj (.text:__aeabi_cdcmple)
                  00002eb6    00000086                                   : fd_cmp_t2.asm.obj (.text:__aeabi_cdrcmple)
                  00002f3c    0000007a                                   : memset_t2.asm.obj (.text)
                  00002fb6    0000006e                                   : _printfi.c.obj (.text:_mcpy)
                  00003024    0000006e                                   : fd_tos_t2.asm.obj (.text)
                  00003092    00000002     --HOLE-- [fill = 0]
                  00003094    00000068     driverlib.lib : interrupt.obj (.text:IntEnable)
                  000030fc    00000068     rtsv7M4_T_le_v4SPD16_eabi.lib : copy_decompress_lzss.c.obj (.text:decompress:lzss:__TI_decompress_lzss)
                  00003164    00000064                                   : s_frexp.c.obj (.text:frexp)
                  000031c8    00000060     driverlib.lib : timer.obj (.text:TimerConfigure)
                  00003228    00000056     rtsv7M4_T_le_v4SPD16_eabi.lib : _printfi.c.obj (.text:_pconv_f)
                  0000327e    00000054                                   : ltoa.c.obj (.text:ltoa)
                  000032d2    00000052                                   : _printfi.c.obj (.text:_ecpy)
                  00003324    0000004c     driverlib.lib : timer.obj (.text:_TimerIntNumberGet)
                  00003370    0000004c     rtsv7M4_T_le_v4SPD16_eabi.lib : atoi.c.obj (.text:atoi)
                  000033bc    00000048     driverlib.lib : gpio.obj (.text:GPIOPinConfigure)
                  00003404    00000048     rtsv7M4_T_le_v4SPD16_eabi.lib : fd_toi_t2.asm.obj (.text)
                  0000344c    00000046     driverlib.lib : uart.obj (.text:UARTConfigSetExpClk)
                  00003492    00000002     --HOLE-- [fill = 0]
                  00003494    00000044     rtsv7M4_T_le_v4SPD16_eabi.lib : autoinit.c.obj (.text:__TI_auto_init_nobinit_nopinit:__TI_auto_init_nobinit_nopinit)
                  000034d8    00000044                                   : fd_tou_t2.asm.obj (.text)
                  0000351c    00000040                                   : u_divt2.asm.obj (.text)
                  0000355c    00000040                                   : sprintf.c.obj (.text:sprintf)
                  0000359c    0000003e                                   : _printfi.c.obj (.text:_fcpy)
                  000035da    00000002     --HOLE-- [fill = 0]
                  000035dc    00000038     driverlib.lib : sysctl.obj (.text:SysCtlPeripheralPresent)
                  00003614    00000038     rtsv7M4_T_le_v4SPD16_eabi.lib : boot_cortex_m.c.obj (.text:_c_int00_noargs:_c_int00_noargs)
                  0000364c    00000034     driverlib.lib : interrupt.obj (.text:IntRegister)
                  00003680    00000034                   : sysctl.obj (.text:SysCtlPeripheralEnable)
                  000036b4    0000002e     rtsv7M4_T_le_v4SPD16_eabi.lib : i_tofd_t2.asm.obj (.text)
                  000036e2    0000002a     driverlib.lib : gpio.obj (.text:GPIODirModeSet)
                  0000370c    00000022                   : pwm.obj (.text:PWMGenConfigure)
                  0000372e    00000002     --HOLE-- [fill = 0]
                  00003730    00000020                   : uart.obj (.text:UARTDisable)
                  00003750    00000020     rtsv7M4_T_le_v4SPD16_eabi.lib : u_tofd_t2.asm.obj (.text)
                  00003770    0000001e     driverlib.lib : pwm.obj (.text:PWMPulseWidthSet)
                  0000378e    0000001c     rtsv7M4_T_le_v4SPD16_eabi.lib : memccpy.c.obj (.text:memccpy)
                  000037aa    00000018     driverlib.lib : gpio.obj (.text:GPIOPinTypeGPIOOutput)
                  000037c2    00000018                   : timer.obj (.text:TimerIntRegister)
                  000037da    00000018     rtsv7M4_T_le_v4SPD16_eabi.lib : sprintf.c.obj (.text:_outs)
                  000037f2    00000016     driverlib.lib : timer.obj (.text:TimerControlEvent)
                  00003808    00000016     rtsv7M4_T_le_v4SPD16_eabi.lib : strchr.c.obj (.text:strchr)
                  0000381e    00000002     --HOLE-- [fill = 0]
                  00003820    00000014     driverlib.lib : sysctl.obj (.text:SysCtlPWMClockSet)
                  00003834    00000014                   : uart.obj (.text:UARTEnable)
                  00003848    00000014     rtsv7M4_T_le_v4SPD16_eabi.lib : s_copysign.c.obj (.text:copysign)
                  0000385c    00000014                                   : strlen.c.obj (.text:strlen)
                  00003870    00000012     driverlib.lib : gpio.obj (.text:GPIOPinTypeI2C)
                  00003882    00000012                   : gpio.obj (.text:GPIOPinTypeI2CSCL)
                  00003894    00000012                   : gpio.obj (.text:GPIOPinTypePWM)
                  000038a6    00000012                   : gpio.obj (.text:GPIOPinTypeTimer)
                  000038b8    00000012                   : gpio.obj (.text:GPIOPinTypeUART)
                  000038ca    00000012                   : pwm.obj (.text:PWMGenPeriodGet)
                  000038dc    00000012                   : pwm.obj (.text:PWMOutputState)
                  000038ee    00000012                   : timer.obj (.text:TimerLoadSet)
                  00003900    00000012                   : timer.obj (.text:TimerPrescaleSet)
                  00003912    00000012     rtsv7M4_T_le_v4SPD16_eabi.lib : copy_zero_init.c.obj (.text:decompress:ZI:__TI_zero_init_nomemset:__TI_zero_init_nomemset)
                  00003924    00000012                                   : wcslen.c.obj (.text:wcslen)
                  00003936    00000002     --HOLE-- [fill = 0]
                  00003938    00000010     driverlib.lib : fpu.obj (.text:FPULazyStackingEnable)
                  00003948    00000010                   : interrupt.obj (.text:IntMasterEnable)
                  00003958    00000010                   : pwm.obj (.text:PWMGenPeriodSet)
                  00003968    0000000e                   : timer.obj (.text:TimerEnable)
                  00003976    0000000e     rtsv7M4_T_le_v4SPD16_eabi.lib : copy_decompress_none.c.obj (.text:decompress:none:__TI_decompress_none)
                  00003984    0000000c     driverlib.lib : cpu.obj (.text:CPUcpsie)
                  00003990    0000000c                   : pwm.obj (.text:PWMGenEnable)
                  0000399c    0000000c     tm4c123gh6pm_startup_ccs.obj (.text)
                  000039a8    0000000a     driverlib.lib : timer.obj (.text:TimerValueGet)
                  000039b2    0000000a                   : uart.obj (.text:UARTCharGet)
                  000039bc    0000000a                   : uart.obj (.text:UARTCharPut)
                  000039c6    0000000a     rtsv7M4_T_le_v4SPD16_eabi.lib : sprintf.c.obj (.text:_outc)
                  000039d0    00000008     driverlib.lib : timer.obj (.text:TimerIntEnable)
                  000039d8    00000008     rtsv7M4_T_le_v4SPD16_eabi.lib : errno.c.obj (.text:__aeabi_errno_addr)
                  000039e0    00000006     driverlib.lib : gpio.obj (.text:GPIOPinWrite)
                  000039e6    00000006                   : sysctl.obj (.text:SysCtlDelay)
                  000039ec    00000006                   : uart.obj (.text:UARTClockSourceSet)
                  000039f2    00000004                   : timer.obj (.text:TimerIntClear)
                  000039f6    00000004     rtsv7M4_T_le_v4SPD16_eabi.lib : pre_init.c.obj (.text:_system_pre_init)
                  000039fa    00000004                                   : exit.c.obj (.text:abort:abort)

.const     0    00003a00    00000340     
                  00003a00    00000101     rtsv7M4_T_le_v4SPD16_eabi.lib : ctype.c.obj (.const:.string:_ctypes_)
                  00003b01    00000003     --HOLE-- [fill = 0]
                  00003b04    00000090     driverlib.lib : gpio.obj (.const:g_pui32GPIOBaseAddrs)
                  00003b94    00000070                   : interrupt.obj (.const)
                  00003c04    0000006c                   : sysctl.obj (.const:g_pui32Xtals)
                  00003c70    00000060                   : timer.obj (.const:g_ppui32TimerIntMap)
                  00003cd0    00000040                   : timer.obj (.const:g_ppui32TimerIntMapSnowflake)
                  00003d10    00000012     uartstdio.obj (.const:.string)
                  00003d22    00000002     --HOLE-- [fill = 0]
                  00003d24    0000000c     uartstdio.obj (.const:g_ui32UARTBase)
                  00003d30    0000000c     uartstdio.obj (.const:g_ui32UARTPeriph)
                  00003d3c    00000004     uartstdio.obj (.const)

.cinit     0    00003d40    00000078     
                  00003d40    0000003e     (.cinit..data.load) [load image, compression = lzss]
                  00003d7e    00000002     --HOLE-- [fill = 0]
                  00003d80    0000000c     (__TI_handler_table)
                  00003d8c    00000004     --HOLE-- [fill = 0]
                  00003d90    00000008     (.cinit..bss.load) [load image, compression = zero_init]
                  00003d98    00000008     (.cinit..vtable.load) [load image, compression = zero_init]
                  00003da0    00000018     (__TI_cinit_table)

.init_array 
*          0    00000000    00000000     UNINITIALIZED

.vtable    0    20000000    0000026c     UNINITIALIZED
                  20000000    0000026c     driverlib.lib : interrupt.obj (.vtable)

.data      0    20000470    00000114     UNINITIALIZED
                  20000470    00000084     PositionControl.obj (.data:PositionPIDs)
                  200004f4    00000058     SpeedControl.obj (.data:SpeedPIDs)
                  2000054c    00000010     MotorDriver.obj (.data:LeftEncoder)
                  2000055c    00000010     MotorDriver.obj (.data:RightEncoder)
                  2000056c    0000000c     SpeedControl.obj (.data)
                  20000578    00000005     uartstdio.obj (.data)
                  2000057d    00000002     MotorDriver.obj (.data)
                  2000057f    00000001     PositionControl.obj (.data)
                  20000580    00000004     rtsv7M4_T_le_v4SPD16_eabi.lib : errno.c.obj (.data)

.bss       0    20000584    00000010     UNINITIALIZED
                  20000584    00000008     (.common:RobotPosition)
                  2000058c    00000008     (.common:TargetPosition)

.stack     0    20000270    00000200     UNINITIALIZED
                  20000270    00000004     rtsv7M4_T_le_v4SPD16_eabi.lib : boot_cortex_m.c.obj (.stack)
                  20000274    000001fc     --HOLE--

MODULE SUMMARY

       Module                         code    ro data   rw data
       ------                         ----    -------   -------
    .\
       tm4c123gh6pm_startup_ccs.obj   12      620       0      
    +--+------------------------------+-------+---------+---------+
       Total:                         12      620       0      
                                                               
    .\source\
       pinout.obj                     260     0         0      
       main.obj                       200     0         0      
    +--+------------------------------+-------+---------+---------+
       Total:                         460     0         0      
                                                               
    .\source\Controls\
       PositionControl.obj            564     0         149    
       SpeedControl.obj               476     0         100    
       PID.obj                        382     0         0      
    +--+------------------------------+-------+---------+---------+
       Total:                         1422    0         249    
                                                               
    .\source\Drivers\
       MotorDriver.obj                1212    0         34     
    +--+------------------------------+-------+---------+---------+
       Total:                         1212    0         34     
                                                               
    .\source\utils\
       uartstdio.obj                  1180    46        5      
    +--+------------------------------+-------+---------+---------+
       Total:                         1180    46        5      
                                                               
    C:\ti\ccsv8\tools\compiler\ti-cgt-arm_18.1.4.LTS\lib\rtsv7M4_T_le_v4SPD16_eabi.lib
       _printfi.c.obj                 4867    0         0      
       fd_add_t2.asm.obj              438     0         0      
       fd_div_t2.asm.obj              310     0         0      
       s_scalbn.c.obj                 272     0         0      
       fd_cmp_t2.asm.obj              268     0         0      
       ctype.c.obj                    0       257       0      
       fd_mul_t2.asm.obj              252     0         0      
       memcpy_t2.asm.obj              156     0         0      
       ull_div_t2.asm.obj             150     0         0      
       memset_t2.asm.obj              122     0         0      
       fd_tos_t2.asm.obj              110     0         0      
       copy_decompress_lzss.c.obj     104     0         0      
       s_frexp.c.obj                  100     0         0      
       sprintf.c.obj                  98      0         0      
       ltoa.c.obj                     84      0         0      
       atoi.c.obj                     76      0         0      
       fd_toi_t2.asm.obj              72      0         0      
       autoinit.c.obj                 68      0         0      
       fd_tou_t2.asm.obj              68      0         0      
       u_divt2.asm.obj                64      0         0      
       boot_cortex_m.c.obj            56      0         0      
       i_tofd_t2.asm.obj              46      0         0      
       u_tofd_t2.asm.obj              32      0         0      
       memccpy.c.obj                  28      0         0      
       strchr.c.obj                   22      0         0      
       s_copysign.c.obj               20      0         0      
       strlen.c.obj                   20      0         0      
       copy_zero_init.c.obj           18      0         0      
       wcslen.c.obj                   18      0         0      
       copy_decompress_none.c.obj     14      0         0      
       errno.c.obj                    8       0         4      
       exit.c.obj                     4       0         0      
       pre_init.c.obj                 4       0         0      
       div0.asm.obj                   2       0         0      
    +--+------------------------------+-------+---------+---------+
       Total:                         7971    257       4      
                                                               
    E:/Senior Design Project/Software/TivaWare/driverlib/ccs/Debug/driverlib.lib
       interrupt.obj                  172     112       620    
       sysctl.obj                     650     108       0      
       gpio.obj                       540     144       0      
       timer.obj                      290     160       0      
       uart.obj                       148     0         0      
       pwm.obj                        128     0         0      
       fpu.obj                        16      0         0      
       cpu.obj                        12      0         0      
    +--+------------------------------+-------+---------+---------+
       Total:                         1956    524       620    
                                                               
       Stack:                         0       0         512    
       Linker Generated:              0       114       0      
    +--+------------------------------+-------+---------+---------+
       Grand Total:                   14213   1561      1424   


LINKER GENERATED COPY TABLES

__TI_cinit_table @ 00003da0 records: 3, size/record: 8, table size: 24
	.data: load addr=00003d40, load size=0000003e bytes, run addr=20000470, run size=00000114 bytes, compression=lzss
	.bss: load addr=00003d90, load size=00000008 bytes, run addr=20000584, run size=00000010 bytes, compression=zero_init
	.vtable: load addr=00003d98, load size=00000008 bytes, run addr=20000000, run size=0000026c bytes, compression=zero_init


LINKER GENERATED HANDLER TABLE

__TI_handler_table @ 00003d80 records: 3, size/record: 4, table size: 12
	index: 0, handler: __TI_zero_init
	index: 1, handler: __TI_decompress_lzss
	index: 2, handler: __TI_decompress_none


GLOBAL SYMBOLS: SORTED ALPHABETICALLY BY Name 

address   name                          
-------   ----                          
000039fb  C$$EXIT                       
00003985  CPUcpsie                      
0000202b  CalculateError                
00001937  ConfigurePIDForward           
00001951  ConfigurePIDReverse           
00001ac9  ControlLoopISR                
000020d1  Derivative                    
00000e07  EnablePWM                     
00000e59  EnableTimer1                  
00003939  FPULazyStackingEnable         
000036e3  GPIODirModeSet                
0000241b  GPIOPadConfigSet              
000033bd  GPIOPinConfigure              
000037ab  GPIOPinTypeGPIOOutput         
00003871  GPIOPinTypeI2C                
00003883  GPIOPinTypeI2CSCL             
00003895  GPIOPinTypePWM                
000038a7  GPIOPinTypeTimer              
000038b9  GPIOPinTypeUART               
000039e1  GPIOPinWrite                  
00003095  IntEnable                     
00003949  IntMasterEnable               
0000364d  IntRegister                   
00002063  Integral                      
2000054c  LeftEncoder                   
00000ccd  LeftEncoderISR                
2000056c  LeftMotorDir                  
2000057d  LeftMotorState                
0000111b  MD_GetLeftEncoderSpeed        
00001115  MD_GetLeftEncoderTicks        
000010d5  MD_GetLeftMotorDir            
00001131  MD_GetRightEncoderSpeed       
0000112b  MD_GetRightEncoderTicks       
000010db  MD_GetRightMotorDir           
00000deb  MD_Initialize                 
00001123  MD_ResetLeftEncoderTicks      
00001139  MD_ResetRightEncoderTicks     
00000fbd  MD_SetLeftMotorDir            
00000ef3  MD_SetLeftMotorDutyCycle      
00001055  MD_SetRightMotorDir           
00000f53  MD_SetRightMotorDutyCycle     
000010e5  MD_StopLeftMotor              
00001101  MD_StopRightMotor             
00001895  PC_Initialize                 
000018cd  PC_MoveForward                
00001a1f  PC_TurnAround                 
0000196b  PC_TurnLeft                   
00001a1d  PC_TurnRight                  
0000370d  PWMGenConfigure               
00003991  PWMGenEnable                  
000038cb  PWMGenPeriodGet               
00003959  PWMGenPeriodSet               
000038dd  PWMOutputState                
00003771  PWMPulseWidthSet              
00002891  PinoutSet                     
00002047  Proportional                  
0000399d  ResetISR                      
2000055c  RightEncoder                  
00000d55  RightEncoderISR               
2000056d  RightMotorDir                 
2000057e  RightMotorState               
2000057f  RobotDir                      
00001a75  RobotDirTurnedAround          
00001a21  RobotDirTurnedLeft            
00001a4b  RobotDirTurnedRight           
20000584  RobotPosition                 
00001b4d  SC_Initialize                 
00001ba9  SC_SetLeftWheelSpeed          
00001c07  SC_SetRightWheelSpeed         
00002671  SysCtlClockGet                
00002a91  SysCtlClockSet                
000039e7  SysCtlDelay                   
00003821  SysCtlPWMClockSet             
00003681  SysCtlPeripheralEnable        
000035dd  SysCtlPeripheralPresent       
00002bcb  SystemInit                    
2000058c  TargetPosition                
00000dd9  Timer1ISR                     
000031c9  TimerConfigure                
000037f3  TimerControlEvent             
00003969  TimerEnable                   
000039f3  TimerIntClear                 
000039d1  TimerIntEnable                
000037c3  TimerIntRegister              
000038ef  TimerLoadSet                  
00003901  TimerPrescaleSet              
000039a9  TimerValueGet                 
000039b3  UARTCharGet                   
000039bd  UARTCharPut                   
000039ed  UARTClockSourceSet            
0000344d  UARTConfigSetExpClk           
00003731  UARTDisable                   
00003835  UARTEnable                    
00002be1  UARTInit                      
00001189  UARTStdioConfig               
000012cf  UARTgetc                      
00001215  UARTgets                      
000015ef  UARTprintf                    
000012f5  UARTvprintf                   
000011cf  UARTwrite                     
00002105  UpdatePID                     
20000470  __STACK_END                   
00000200  __STACK_SIZE                  
20000470  __STACK_TOP                   
00003da0  __TI_CINIT_Base               
00003db8  __TI_CINIT_Limit              
00003d80  __TI_Handler_Table_Base       
00003d8c  __TI_Handler_Table_Limit      
00003495  __TI_auto_init_nobinit_nopinit
000030fd  __TI_decompress_lzss          
00003977  __TI_decompress_none          
ffffffff  __TI_pprof_out_hndl           
0000026d  __TI_printfi                  
ffffffff  __TI_prof_data_size           
ffffffff  __TI_prof_data_start          
00000000  __TI_static_base__            
00003913  __TI_zero_init_nomemset       
00002e31  __aeabi_cdcmpeq               
00002e31  __aeabi_cdcmple               
00002eb7  __aeabi_cdrcmple              
00003025  __aeabi_d2f                   
00003405  __aeabi_d2iz                  
000034d9  __aeabi_d2uiz                 
00001e7f  __aeabi_dadd                  
000022e5  __aeabi_ddiv                  
00002995  __aeabi_dmul                  
00001e75  __aeabi_dsub                  
000039d9  __aeabi_errno_addr            
000036b5  __aeabi_i2d                   
00000ccb  __aeabi_idiv0                 
00000ccb  __aeabi_ldiv0                 
00002f3d  __aeabi_memclr                
00002f3d  __aeabi_memclr4               
00002f3d  __aeabi_memclr8               
00002cff  __aeabi_memcpy                
00002cff  __aeabi_memcpy4               
00002cff  __aeabi_memcpy8               
00002f3f  __aeabi_memset                
00002f3f  __aeabi_memset4               
00002f3f  __aeabi_memset8               
00003751  __aeabi_ui2d                  
0000351d  __aeabi_uidiv                 
0000351d  __aeabi_uidivmod              
00002d9b  __aeabi_uldivmod              
ffffffff  __binit__                     
ffffffff  __c_args__                    
UNDEFED   __mpu_init                    
20000270  __stack                       
00003615  _c_int00_noargs               
00003a00  _ctypes_                      
UNDEFED   _system_post_cinit            
000039f7  _system_pre_init              
000039fb  abort                         
00003371  atoi                          
ffffffff  binit                         
00003849  copysign                      
00003849  copysignl                     
20000580  errno                         
00003165  frexp                         
00003165  frexpl                        
20000000  g_pfnRAMVectors               
00000000  g_pfnVectors                  
00002781  ldexp                         
00002781  ldexpl                        
0000327f  ltoa                          
00002b85  main                          
0000378f  memccpy                       
00002cff  memcpy                        
00002f45  memset                        
00002781  scalbn                        
00002781  scalbnl                       
0000355d  sprintf                       
00003809  strchr                        
0000385d  strlen                        
00003925  wcslen                        


GLOBAL SYMBOLS: SORTED BY Symbol Address 

address   name                          
-------   ----                          
00000000  __TI_static_base__            
00000000  g_pfnVectors                  
00000200  __STACK_SIZE                  
0000026d  __TI_printfi                  
00000ccb  __aeabi_idiv0                 
00000ccb  __aeabi_ldiv0                 
00000ccd  LeftEncoderISR                
00000d55  RightEncoderISR               
00000dd9  Timer1ISR                     
00000deb  MD_Initialize                 
00000e07  EnablePWM                     
00000e59  EnableTimer1                  
00000ef3  MD_SetLeftMotorDutyCycle      
00000f53  MD_SetRightMotorDutyCycle     
00000fbd  MD_SetLeftMotorDir            
00001055  MD_SetRightMotorDir           
000010d5  MD_GetLeftMotorDir            
000010db  MD_GetRightMotorDir           
000010e5  MD_StopLeftMotor              
00001101  MD_StopRightMotor             
00001115  MD_GetLeftEncoderTicks        
0000111b  MD_GetLeftEncoderSpeed        
00001123  MD_ResetLeftEncoderTicks      
0000112b  MD_GetRightEncoderTicks       
00001131  MD_GetRightEncoderSpeed       
00001139  MD_ResetRightEncoderTicks     
00001189  UARTStdioConfig               
000011cf  UARTwrite                     
00001215  UARTgets                      
000012cf  UARTgetc                      
000012f5  UARTvprintf                   
000015ef  UARTprintf                    
00001895  PC_Initialize                 
000018cd  PC_MoveForward                
00001937  ConfigurePIDForward           
00001951  ConfigurePIDReverse           
0000196b  PC_TurnLeft                   
00001a1d  PC_TurnRight                  
00001a1f  PC_TurnAround                 
00001a21  RobotDirTurnedLeft            
00001a4b  RobotDirTurnedRight           
00001a75  RobotDirTurnedAround          
00001ac9  ControlLoopISR                
00001b4d  SC_Initialize                 
00001ba9  SC_SetLeftWheelSpeed          
00001c07  SC_SetRightWheelSpeed         
00001e75  __aeabi_dsub                  
00001e7f  __aeabi_dadd                  
0000202b  CalculateError                
00002047  Proportional                  
00002063  Integral                      
000020d1  Derivative                    
00002105  UpdatePID                     
000022e5  __aeabi_ddiv                  
0000241b  GPIOPadConfigSet              
00002671  SysCtlClockGet                
00002781  ldexp                         
00002781  ldexpl                        
00002781  scalbn                        
00002781  scalbnl                       
00002891  PinoutSet                     
00002995  __aeabi_dmul                  
00002a91  SysCtlClockSet                
00002b85  main                          
00002bcb  SystemInit                    
00002be1  UARTInit                      
00002cff  __aeabi_memcpy                
00002cff  __aeabi_memcpy4               
00002cff  __aeabi_memcpy8               
00002cff  memcpy                        
00002d9b  __aeabi_uldivmod              
00002e31  __aeabi_cdcmpeq               
00002e31  __aeabi_cdcmple               
00002eb7  __aeabi_cdrcmple              
00002f3d  __aeabi_memclr                
00002f3d  __aeabi_memclr4               
00002f3d  __aeabi_memclr8               
00002f3f  __aeabi_memset                
00002f3f  __aeabi_memset4               
00002f3f  __aeabi_memset8               
00002f45  memset                        
00003025  __aeabi_d2f                   
00003095  IntEnable                     
000030fd  __TI_decompress_lzss          
00003165  frexp                         
00003165  frexpl                        
000031c9  TimerConfigure                
0000327f  ltoa                          
00003371  atoi                          
000033bd  GPIOPinConfigure              
00003405  __aeabi_d2iz                  
0000344d  UARTConfigSetExpClk           
00003495  __TI_auto_init_nobinit_nopinit
000034d9  __aeabi_d2uiz                 
0000351d  __aeabi_uidiv                 
0000351d  __aeabi_uidivmod              
0000355d  sprintf                       
000035dd  SysCtlPeripheralPresent       
00003615  _c_int00_noargs               
0000364d  IntRegister                   
00003681  SysCtlPeripheralEnable        
000036b5  __aeabi_i2d                   
000036e3  GPIODirModeSet                
0000370d  PWMGenConfigure               
00003731  UARTDisable                   
00003751  __aeabi_ui2d                  
00003771  PWMPulseWidthSet              
0000378f  memccpy                       
000037ab  GPIOPinTypeGPIOOutput         
000037c3  TimerIntRegister              
000037f3  TimerControlEvent             
00003809  strchr                        
00003821  SysCtlPWMClockSet             
00003835  UARTEnable                    
00003849  copysign                      
00003849  copysignl                     
0000385d  strlen                        
00003871  GPIOPinTypeI2C                
00003883  GPIOPinTypeI2CSCL             
00003895  GPIOPinTypePWM                
000038a7  GPIOPinTypeTimer              
000038b9  GPIOPinTypeUART               
000038cb  PWMGenPeriodGet               
000038dd  PWMOutputState                
000038ef  TimerLoadSet                  
00003901  TimerPrescaleSet              
00003913  __TI_zero_init_nomemset       
00003925  wcslen                        
00003939  FPULazyStackingEnable         
00003949  IntMasterEnable               
00003959  PWMGenPeriodSet               
00003969  TimerEnable                   
00003977  __TI_decompress_none          
00003985  CPUcpsie                      
00003991  PWMGenEnable                  
0000399d  ResetISR                      
000039a9  TimerValueGet                 
000039b3  UARTCharGet                   
000039bd  UARTCharPut                   
000039d1  TimerIntEnable                
000039d9  __aeabi_errno_addr            
000039e1  GPIOPinWrite                  
000039e7  SysCtlDelay                   
000039ed  UARTClockSourceSet            
000039f3  TimerIntClear                 
000039f7  _system_pre_init              
000039fb  C$$EXIT                       
000039fb  abort                         
00003a00  _ctypes_                      
00003d80  __TI_Handler_Table_Base       
00003d8c  __TI_Handler_Table_Limit      
00003da0  __TI_CINIT_Base               
00003db8  __TI_CINIT_Limit              
20000000  g_pfnRAMVectors               
20000270  __stack                       
20000470  __STACK_END                   
20000470  __STACK_TOP                   
2000054c  LeftEncoder                   
2000055c  RightEncoder                  
2000056c  LeftMotorDir                  
2000056d  RightMotorDir                 
2000057d  LeftMotorState                
2000057e  RightMotorState               
2000057f  RobotDir                      
20000580  errno                         
20000584  RobotPosition                 
2000058c  TargetPosition                
ffffffff  __TI_pprof_out_hndl           
ffffffff  __TI_prof_data_size           
ffffffff  __TI_prof_data_start          
ffffffff  __binit__                     
ffffffff  __c_args__                    
ffffffff  binit                         
UNDEFED   __mpu_init                    
UNDEFED   _system_post_cinit            

[175 symbols]
