<?xml version="1.0" encoding="ISO-8859-1" ?>
<link_info>
   <banner>TI ARM Linker PC v18.1.4.LTS</banner>
   <copyright>Copyright (c) 1996-2018 Texas Instruments Incorporated</copyright>
   <link_time>0x5c7fdf5a</link_time>
   <link_errors>0x0</link_errors>
   <output_file>MM_Firmware.out</output_file>
   <entry_point>
      <name>_c_int00_noargs</name>
      <address>0x3615</address>
   </entry_point>
   <input_file_list>
      <input_file id="fl-2">
         <path>.\</path>
         <kind>object</kind>
         <file>tm4c123gh6pm_startup_ccs.obj</file>
         <name>tm4c123gh6pm_startup_ccs.obj</name>
      </input_file>
      <input_file id="fl-3">
         <path>.\source\Controls\</path>
         <kind>object</kind>
         <file>PID.obj</file>
         <name>PID.obj</name>
      </input_file>
      <input_file id="fl-4">
         <path>.\source\Controls\</path>
         <kind>object</kind>
         <file>PositionControl.obj</file>
         <name>PositionControl.obj</name>
      </input_file>
      <input_file id="fl-5">
         <path>.\source\Controls\</path>
         <kind>object</kind>
         <file>SpeedControl.obj</file>
         <name>SpeedControl.obj</name>
      </input_file>
      <input_file id="fl-6">
         <path>.\source\Drivers\</path>
         <kind>object</kind>
         <file>MotorDriver.obj</file>
         <name>MotorDriver.obj</name>
      </input_file>
      <input_file id="fl-7">
         <path>.\source\</path>
         <kind>object</kind>
         <file>main.obj</file>
         <name>main.obj</name>
      </input_file>
      <input_file id="fl-8">
         <path>.\source\</path>
         <kind>object</kind>
         <file>pinout.obj</file>
         <name>pinout.obj</name>
      </input_file>
      <input_file id="fl-9">
         <path>.\source\utils\</path>
         <kind>object</kind>
         <file>uartstdio.obj</file>
         <name>uartstdio.obj</name>
      </input_file>
      <input_file id="fl-e">
         <kind>object</kind>
         <file>&lt;internal&gt;</file>
         <name>&lt;internal&gt;</name>
      </input_file>
      <input_file id="fl-c4">
         <path>C:\ti\ccsv8\tools\compiler\ti-cgt-arm_18.1.4.LTS\lib\</path>
         <kind>archive</kind>
         <file>rtsv7M4_T_le_v4SPD16_eabi.lib</file>
         <name>u_divt2.asm.obj</name>
      </input_file>
      <input_file id="fl-c5">
         <path>C:\ti\ccsv8\tools\compiler\ti-cgt-arm_18.1.4.LTS\lib\</path>
         <kind>archive</kind>
         <file>rtsv7M4_T_le_v4SPD16_eabi.lib</file>
         <name>fd_div_t2.asm.obj</name>
      </input_file>
      <input_file id="fl-c6">
         <path>C:\ti\ccsv8\tools\compiler\ti-cgt-arm_18.1.4.LTS\lib\</path>
         <kind>archive</kind>
         <file>rtsv7M4_T_le_v4SPD16_eabi.lib</file>
         <name>fd_mul_t2.asm.obj</name>
      </input_file>
      <input_file id="fl-c7">
         <path>C:\ti\ccsv8\tools\compiler\ti-cgt-arm_18.1.4.LTS\lib\</path>
         <kind>archive</kind>
         <file>rtsv7M4_T_le_v4SPD16_eabi.lib</file>
         <name>fd_tos_t2.asm.obj</name>
      </input_file>
      <input_file id="fl-c8">
         <path>C:\ti\ccsv8\tools\compiler\ti-cgt-arm_18.1.4.LTS\lib\</path>
         <kind>archive</kind>
         <file>rtsv7M4_T_le_v4SPD16_eabi.lib</file>
         <name>fd_tou_t2.asm.obj</name>
      </input_file>
      <input_file id="fl-c9">
         <path>C:\ti\ccsv8\tools\compiler\ti-cgt-arm_18.1.4.LTS\lib\</path>
         <kind>archive</kind>
         <file>rtsv7M4_T_le_v4SPD16_eabi.lib</file>
         <name>i_tofd_t2.asm.obj</name>
      </input_file>
      <input_file id="fl-ca">
         <path>C:\ti\ccsv8\tools\compiler\ti-cgt-arm_18.1.4.LTS\lib\</path>
         <kind>archive</kind>
         <file>rtsv7M4_T_le_v4SPD16_eabi.lib</file>
         <name>u_tofd_t2.asm.obj</name>
      </input_file>
      <input_file id="fl-cb">
         <path>C:\ti\ccsv8\tools\compiler\ti-cgt-arm_18.1.4.LTS\lib\</path>
         <kind>archive</kind>
         <file>rtsv7M4_T_le_v4SPD16_eabi.lib</file>
         <name>copy_zero_init.c.obj</name>
      </input_file>
      <input_file id="fl-cc">
         <path>C:\ti\ccsv8\tools\compiler\ti-cgt-arm_18.1.4.LTS\lib\</path>
         <kind>archive</kind>
         <file>rtsv7M4_T_le_v4SPD16_eabi.lib</file>
         <name>copy_decompress_none.c.obj</name>
      </input_file>
      <input_file id="fl-cd">
         <path>C:\ti\ccsv8\tools\compiler\ti-cgt-arm_18.1.4.LTS\lib\</path>
         <kind>archive</kind>
         <file>rtsv7M4_T_le_v4SPD16_eabi.lib</file>
         <name>copy_decompress_lzss.c.obj</name>
      </input_file>
      <input_file id="fl-ce">
         <path>C:\ti\ccsv8\tools\compiler\ti-cgt-arm_18.1.4.LTS\lib\</path>
         <kind>archive</kind>
         <file>rtsv7M4_T_le_v4SPD16_eabi.lib</file>
         <name>boot_cortex_m.c.obj</name>
      </input_file>
      <input_file id="fl-cf">
         <path>C:\ti\ccsv8\tools\compiler\ti-cgt-arm_18.1.4.LTS\lib\</path>
         <kind>archive</kind>
         <file>rtsv7M4_T_le_v4SPD16_eabi.lib</file>
         <name>exit.c.obj</name>
      </input_file>
      <input_file id="fl-d0">
         <path>C:\ti\ccsv8\tools\compiler\ti-cgt-arm_18.1.4.LTS\lib\</path>
         <kind>archive</kind>
         <file>rtsv7M4_T_le_v4SPD16_eabi.lib</file>
         <name>_lock.c.obj</name>
      </input_file>
      <input_file id="fl-d1">
         <path>C:\ti\ccsv8\tools\compiler\ti-cgt-arm_18.1.4.LTS\lib\</path>
         <kind>archive</kind>
         <file>rtsv7M4_T_le_v4SPD16_eabi.lib</file>
         <name>args_main.c.obj</name>
      </input_file>
      <input_file id="fl-d2">
         <path>C:\ti\ccsv8\tools\compiler\ti-cgt-arm_18.1.4.LTS\lib\</path>
         <kind>archive</kind>
         <file>rtsv7M4_T_le_v4SPD16_eabi.lib</file>
         <name>sprintf.c.obj</name>
      </input_file>
      <input_file id="fl-d3">
         <path>C:\ti\ccsv8\tools\compiler\ti-cgt-arm_18.1.4.LTS\lib\</path>
         <kind>archive</kind>
         <file>rtsv7M4_T_le_v4SPD16_eabi.lib</file>
         <name>div0.asm.obj</name>
      </input_file>
      <input_file id="fl-d4">
         <path>C:\ti\ccsv8\tools\compiler\ti-cgt-arm_18.1.4.LTS\lib\</path>
         <kind>archive</kind>
         <file>rtsv7M4_T_le_v4SPD16_eabi.lib</file>
         <name>memcpy_t2.asm.obj</name>
      </input_file>
      <input_file id="fl-d5">
         <path>C:\ti\ccsv8\tools\compiler\ti-cgt-arm_18.1.4.LTS\lib\</path>
         <kind>archive</kind>
         <file>rtsv7M4_T_le_v4SPD16_eabi.lib</file>
         <name>memset_t2.asm.obj</name>
      </input_file>
      <input_file id="fl-d6">
         <path>C:\ti\ccsv8\tools\compiler\ti-cgt-arm_18.1.4.LTS\lib\</path>
         <kind>archive</kind>
         <file>rtsv7M4_T_le_v4SPD16_eabi.lib</file>
         <name>autoinit.c.obj</name>
      </input_file>
      <input_file id="fl-d7">
         <path>C:\ti\ccsv8\tools\compiler\ti-cgt-arm_18.1.4.LTS\lib\</path>
         <kind>archive</kind>
         <file>rtsv7M4_T_le_v4SPD16_eabi.lib</file>
         <name>pre_init.c.obj</name>
      </input_file>
      <input_file id="fl-d8">
         <path>C:\ti\ccsv8\tools\compiler\ti-cgt-arm_18.1.4.LTS\lib\</path>
         <kind>archive</kind>
         <file>rtsv7M4_T_le_v4SPD16_eabi.lib</file>
         <name>cpy_tbl.c.obj</name>
      </input_file>
      <input_file id="fl-d9">
         <path>C:\ti\ccsv8\tools\compiler\ti-cgt-arm_18.1.4.LTS\lib\</path>
         <kind>archive</kind>
         <file>rtsv7M4_T_le_v4SPD16_eabi.lib</file>
         <name>_printfi.c.obj</name>
      </input_file>
      <input_file id="fl-da">
         <path>C:\ti\ccsv8\tools\compiler\ti-cgt-arm_18.1.4.LTS\lib\</path>
         <kind>archive</kind>
         <file>rtsv7M4_T_le_v4SPD16_eabi.lib</file>
         <name>atoi.c.obj</name>
      </input_file>
      <input_file id="fl-db">
         <path>C:\ti\ccsv8\tools\compiler\ti-cgt-arm_18.1.4.LTS\lib\</path>
         <kind>archive</kind>
         <file>rtsv7M4_T_le_v4SPD16_eabi.lib</file>
         <name>ctype.c.obj</name>
      </input_file>
      <input_file id="fl-dc">
         <path>C:\ti\ccsv8\tools\compiler\ti-cgt-arm_18.1.4.LTS\lib\</path>
         <kind>archive</kind>
         <file>rtsv7M4_T_le_v4SPD16_eabi.lib</file>
         <name>ltoa.c.obj</name>
      </input_file>
      <input_file id="fl-dd">
         <path>C:\ti\ccsv8\tools\compiler\ti-cgt-arm_18.1.4.LTS\lib\</path>
         <kind>archive</kind>
         <file>rtsv7M4_T_le_v4SPD16_eabi.lib</file>
         <name>memccpy.c.obj</name>
      </input_file>
      <input_file id="fl-de">
         <path>C:\ti\ccsv8\tools\compiler\ti-cgt-arm_18.1.4.LTS\lib\</path>
         <kind>archive</kind>
         <file>rtsv7M4_T_le_v4SPD16_eabi.lib</file>
         <name>strchr.c.obj</name>
      </input_file>
      <input_file id="fl-df">
         <path>C:\ti\ccsv8\tools\compiler\ti-cgt-arm_18.1.4.LTS\lib\</path>
         <kind>archive</kind>
         <file>rtsv7M4_T_le_v4SPD16_eabi.lib</file>
         <name>strlen.c.obj</name>
      </input_file>
      <input_file id="fl-e0">
         <path>C:\ti\ccsv8\tools\compiler\ti-cgt-arm_18.1.4.LTS\lib\</path>
         <kind>archive</kind>
         <file>rtsv7M4_T_le_v4SPD16_eabi.lib</file>
         <name>wcslen.c.obj</name>
      </input_file>
      <input_file id="fl-e1">
         <path>C:\ti\ccsv8\tools\compiler\ti-cgt-arm_18.1.4.LTS\lib\</path>
         <kind>archive</kind>
         <file>rtsv7M4_T_le_v4SPD16_eabi.lib</file>
         <name>s_frexp.c.obj</name>
      </input_file>
      <input_file id="fl-e2">
         <path>C:\ti\ccsv8\tools\compiler\ti-cgt-arm_18.1.4.LTS\lib\</path>
         <kind>archive</kind>
         <file>rtsv7M4_T_le_v4SPD16_eabi.lib</file>
         <name>s_scalbn.c.obj</name>
      </input_file>
      <input_file id="fl-e3">
         <path>C:\ti\ccsv8\tools\compiler\ti-cgt-arm_18.1.4.LTS\lib\</path>
         <kind>archive</kind>
         <file>rtsv7M4_T_le_v4SPD16_eabi.lib</file>
         <name>fd_add_t2.asm.obj</name>
      </input_file>
      <input_file id="fl-e4">
         <path>C:\ti\ccsv8\tools\compiler\ti-cgt-arm_18.1.4.LTS\lib\</path>
         <kind>archive</kind>
         <file>rtsv7M4_T_le_v4SPD16_eabi.lib</file>
         <name>fd_cmp_t2.asm.obj</name>
      </input_file>
      <input_file id="fl-e5">
         <path>C:\ti\ccsv8\tools\compiler\ti-cgt-arm_18.1.4.LTS\lib\</path>
         <kind>archive</kind>
         <file>rtsv7M4_T_le_v4SPD16_eabi.lib</file>
         <name>fd_toi_t2.asm.obj</name>
      </input_file>
      <input_file id="fl-e6">
         <path>C:\ti\ccsv8\tools\compiler\ti-cgt-arm_18.1.4.LTS\lib\</path>
         <kind>archive</kind>
         <file>rtsv7M4_T_le_v4SPD16_eabi.lib</file>
         <name>ull_div_t2.asm.obj</name>
      </input_file>
      <input_file id="fl-e7">
         <path>C:\ti\ccsv8\tools\compiler\ti-cgt-arm_18.1.4.LTS\lib\</path>
         <kind>archive</kind>
         <file>rtsv7M4_T_le_v4SPD16_eabi.lib</file>
         <name>errno.c.obj</name>
      </input_file>
      <input_file id="fl-e8">
         <path>C:\ti\ccsv8\tools\compiler\ti-cgt-arm_18.1.4.LTS\lib\</path>
         <kind>archive</kind>
         <file>rtsv7M4_T_le_v4SPD16_eabi.lib</file>
         <name>s_copysign.c.obj</name>
      </input_file>
      <input_file id="fl-e9">
         <path>E:\Senior Design Project\Software\TivaWare\driverlib\ccs\Debug\</path>
         <kind>archive</kind>
         <file>driverlib.lib</file>
         <name>fpu.obj</name>
      </input_file>
      <input_file id="fl-ea">
         <path>E:\Senior Design Project\Software\TivaWare\driverlib\ccs\Debug\</path>
         <kind>archive</kind>
         <file>driverlib.lib</file>
         <name>gpio.obj</name>
      </input_file>
      <input_file id="fl-eb">
         <path>E:\Senior Design Project\Software\TivaWare\driverlib\ccs\Debug\</path>
         <kind>archive</kind>
         <file>driverlib.lib</file>
         <name>interrupt.obj</name>
      </input_file>
      <input_file id="fl-ec">
         <path>E:\Senior Design Project\Software\TivaWare\driverlib\ccs\Debug\</path>
         <kind>archive</kind>
         <file>driverlib.lib</file>
         <name>pwm.obj</name>
      </input_file>
      <input_file id="fl-ed">
         <path>E:\Senior Design Project\Software\TivaWare\driverlib\ccs\Debug\</path>
         <kind>archive</kind>
         <file>driverlib.lib</file>
         <name>sysctl.obj</name>
      </input_file>
      <input_file id="fl-ee">
         <path>E:\Senior Design Project\Software\TivaWare\driverlib\ccs\Debug\</path>
         <kind>archive</kind>
         <file>driverlib.lib</file>
         <name>timer.obj</name>
      </input_file>
      <input_file id="fl-ef">
         <path>E:\Senior Design Project\Software\TivaWare\driverlib\ccs\Debug\</path>
         <kind>archive</kind>
         <file>driverlib.lib</file>
         <name>uart.obj</name>
      </input_file>
      <input_file id="fl-f0">
         <path>E:\Senior Design Project\Software\TivaWare\driverlib\ccs\Debug\</path>
         <kind>archive</kind>
         <file>driverlib.lib</file>
         <name>cpu.obj</name>
      </input_file>
   </input_file_list>
   <object_component_list>
      <object_component id="oc-f">
         <name>.intvecs</name>
         <load_address>0x0</load_address>
         <run_address>0x0</run_address>
         <size>0x26c</size>
         <input_file_ref idref="fl-2"/>
      </object_component>
      <object_component id="oc-1e8">
         <name>.text:__TI_printfi</name>
         <load_address>0x26c</load_address>
         <run_address>0x26c</run_address>
         <size>0xa5e</size>
         <input_file_ref idref="fl-d9"/>
      </object_component>
      <object_component id="oc-2f9">
         <name>.text</name>
         <load_address>0xcca</load_address>
         <run_address>0xcca</run_address>
         <size>0x2</size>
         <input_file_ref idref="fl-d3"/>
      </object_component>
      <object_component id="oc-148">
         <name>.text</name>
         <load_address>0xccc</load_address>
         <run_address>0xccc</run_address>
         <size>0x4bc</size>
         <input_file_ref idref="fl-6"/>
      </object_component>
      <object_component id="oc-cb">
         <name>.text</name>
         <load_address>0x1188</load_address>
         <run_address>0x1188</run_address>
         <size>0x49c</size>
         <input_file_ref idref="fl-9"/>
      </object_component>
      <object_component id="oc-32f">
         <name>.text:_pconv_a</name>
         <load_address>0x1624</load_address>
         <run_address>0x1624</run_address>
         <size>0x270</size>
         <input_file_ref idref="fl-d9"/>
      </object_component>
      <object_component id="oc-bf">
         <name>.text</name>
         <load_address>0x1894</load_address>
         <run_address>0x1894</run_address>
         <size>0x234</size>
         <input_file_ref idref="fl-4"/>
      </object_component>
      <object_component id="oc-c5">
         <name>.text</name>
         <load_address>0x1ac8</load_address>
         <run_address>0x1ac8</run_address>
         <size>0x1dc</size>
         <input_file_ref idref="fl-5"/>
      </object_component>
      <object_component id="oc-31d">
         <name>.text:_pconv_g</name>
         <load_address>0x1ca4</load_address>
         <run_address>0x1ca4</run_address>
         <size>0x1d0</size>
         <input_file_ref idref="fl-d9"/>
      </object_component>
      <object_component id="oc-3e2">
         <name>.text</name>
         <load_address>0x1e74</load_address>
         <run_address>0x1e74</run_address>
         <size>0x1b6</size>
         <input_file_ref idref="fl-e3"/>
      </object_component>
      <object_component id="oc-14e">
         <name>.text</name>
         <load_address>0x202a</load_address>
         <run_address>0x202a</run_address>
         <size>0x17e</size>
         <input_file_ref idref="fl-3"/>
      </object_component>
      <object_component id="oc-329">
         <name>.text:_pconv_e</name>
         <load_address>0x21a8</load_address>
         <run_address>0x21a8</run_address>
         <size>0x13c</size>
         <input_file_ref idref="fl-d9"/>
      </object_component>
      <object_component id="oc-260">
         <name>.text</name>
         <load_address>0x22e4</load_address>
         <run_address>0x22e4</run_address>
         <size>0x136</size>
         <input_file_ref idref="fl-c5"/>
      </object_component>
      <object_component id="oc-22a">
         <name>.text:GPIOPadConfigSet</name>
         <load_address>0x241a</load_address>
         <run_address>0x241a</run_address>
         <size>0x132</size>
         <input_file_ref idref="fl-ea"/>
      </object_component>
      <object_component id="oc-3f4">
         <name>.text:fcvt</name>
         <load_address>0x254c</load_address>
         <run_address>0x254c</run_address>
         <size>0x124</size>
         <input_file_ref idref="fl-d9"/>
      </object_component>
      <object_component id="oc-d1">
         <name>.text:SysCtlClockGet</name>
         <load_address>0x2670</load_address>
         <run_address>0x2670</run_address>
         <size>0x110</size>
         <input_file_ref idref="fl-ed"/>
      </object_component>
      <object_component id="oc-408">
         <name>.text:scalbn</name>
         <load_address>0x2780</load_address>
         <run_address>0x2780</run_address>
         <size>0x110</size>
         <input_file_ref idref="fl-e2"/>
      </object_component>
      <object_component id="oc-ea">
         <name>.text</name>
         <load_address>0x2890</load_address>
         <run_address>0x2890</run_address>
         <size>0x104</size>
         <input_file_ref idref="fl-8"/>
      </object_component>
      <object_component id="oc-17a">
         <name>.text</name>
         <load_address>0x2994</load_address>
         <run_address>0x2994</run_address>
         <size>0xfc</size>
         <input_file_ref idref="fl-c6"/>
      </object_component>
      <object_component id="oc-e4">
         <name>.text:SysCtlClockSet</name>
         <load_address>0x2a90</load_address>
         <run_address>0x2a90</run_address>
         <size>0xf4</size>
         <input_file_ref idref="fl-ed"/>
      </object_component>
      <object_component id="oc-98">
         <name>.text</name>
         <load_address>0x2b84</load_address>
         <run_address>0x2b84</run_address>
         <size>0xc8</size>
         <input_file_ref idref="fl-7"/>
      </object_component>
      <object_component id="oc-312">
         <name>.text:_ltostr</name>
         <load_address>0x2c4c</load_address>
         <run_address>0x2c4c</run_address>
         <size>0xb1</size>
         <input_file_ref idref="fl-d9"/>
      </object_component>
      <object_component id="oc-38">
         <name>.text</name>
         <load_address>0x2cfe</load_address>
         <run_address>0x2cfe</run_address>
         <size>0x9c</size>
         <input_file_ref idref="fl-d4"/>
      </object_component>
      <object_component id="oc-3cb">
         <name>.text</name>
         <load_address>0x2d9a</load_address>
         <run_address>0x2d9a</run_address>
         <size>0x96</size>
         <input_file_ref idref="fl-e6"/>
      </object_component>
      <object_component id="oc-318">
         <name>.text:__aeabi_cdcmple</name>
         <load_address>0x2e30</load_address>
         <run_address>0x2e30</run_address>
         <size>0x86</size>
         <input_file_ref idref="fl-e4"/>
      </object_component>
      <object_component id="oc-3d2">
         <name>.text:__aeabi_cdrcmple</name>
         <load_address>0x2eb6</load_address>
         <run_address>0x2eb6</run_address>
         <size>0x86</size>
         <input_file_ref idref="fl-e4"/>
      </object_component>
      <object_component id="oc-8c">
         <name>.text</name>
         <load_address>0x2f3c</load_address>
         <run_address>0x2f3c</run_address>
         <size>0x7a</size>
         <input_file_ref idref="fl-d5"/>
      </object_component>
      <object_component id="oc-3ed">
         <name>.text:_mcpy</name>
         <load_address>0x2fb6</load_address>
         <run_address>0x2fb6</run_address>
         <size>0x6e</size>
         <input_file_ref idref="fl-d9"/>
      </object_component>
      <object_component id="oc-265">
         <name>.text</name>
         <load_address>0x3024</load_address>
         <run_address>0x3024</run_address>
         <size>0x6e</size>
         <input_file_ref idref="fl-c7"/>
      </object_component>
      <object_component id="oc-190">
         <name>.text:IntEnable</name>
         <load_address>0x3094</load_address>
         <run_address>0x3094</run_address>
         <size>0x68</size>
         <input_file_ref idref="fl-eb"/>
      </object_component>
      <object_component id="oc-12">
         <name>.text:decompress:lzss:__TI_decompress_lzss</name>
         <load_address>0x30fc</load_address>
         <run_address>0x30fc</run_address>
         <size>0x68</size>
         <input_file_ref idref="fl-cd"/>
      </object_component>
      <object_component id="oc-402">
         <name>.text:frexp</name>
         <load_address>0x3164</load_address>
         <run_address>0x3164</run_address>
         <size>0x64</size>
         <input_file_ref idref="fl-e1"/>
      </object_component>
      <object_component id="oc-16f">
         <name>.text:TimerConfigure</name>
         <load_address>0x31c8</load_address>
         <run_address>0x31c8</run_address>
         <size>0x60</size>
         <input_file_ref idref="fl-ee"/>
      </object_component>
      <object_component id="oc-323">
         <name>.text:_pconv_f</name>
         <load_address>0x3228</load_address>
         <run_address>0x3228</run_address>
         <size>0x56</size>
         <input_file_ref idref="fl-d9"/>
      </object_component>
      <object_component id="oc-3dc">
         <name>.text:ltoa</name>
         <load_address>0x327e</load_address>
         <run_address>0x327e</run_address>
         <size>0x54</size>
         <input_file_ref idref="fl-dc"/>
      </object_component>
      <object_component id="oc-3e7">
         <name>.text:_ecpy</name>
         <load_address>0x32d2</load_address>
         <run_address>0x32d2</run_address>
         <size>0x52</size>
         <input_file_ref idref="fl-d9"/>
      </object_component>
      <object_component id="oc-2cf">
         <name>.text:_TimerIntNumberGet</name>
         <load_address>0x3324</load_address>
         <run_address>0x3324</run_address>
         <size>0x4c</size>
         <input_file_ref idref="fl-ee"/>
      </object_component>
      <object_component id="oc-30c">
         <name>.text:atoi</name>
         <load_address>0x3370</load_address>
         <run_address>0x3370</run_address>
         <size>0x4c</size>
         <input_file_ref idref="fl-da"/>
      </object_component>
      <object_component id="oc-f6">
         <name>.text:GPIOPinConfigure</name>
         <load_address>0x33bc</load_address>
         <run_address>0x33bc</run_address>
         <size>0x48</size>
         <input_file_ref idref="fl-ea"/>
      </object_component>
      <object_component id="oc-3d7">
         <name>.text</name>
         <load_address>0x3404</load_address>
         <run_address>0x3404</run_address>
         <size>0x48</size>
         <input_file_ref idref="fl-e5"/>
      </object_component>
      <object_component id="oc-1af">
         <name>.text:UARTConfigSetExpClk</name>
         <load_address>0x344c</load_address>
         <run_address>0x344c</run_address>
         <size>0x46</size>
         <input_file_ref idref="fl-ef"/>
      </object_component>
      <object_component id="oc-116">
         <name>.text:__TI_auto_init_nobinit_nopinit:__TI_auto_init_nobinit_nopinit</name>
         <load_address>0x3494</load_address>
         <run_address>0x3494</run_address>
         <size>0x44</size>
         <input_file_ref idref="fl-d6"/>
      </object_component>
      <object_component id="oc-17f">
         <name>.text</name>
         <load_address>0x34d8</load_address>
         <run_address>0x34d8</run_address>
         <size>0x44</size>
         <input_file_ref idref="fl-c8"/>
      </object_component>
      <object_component id="oc-1d0">
         <name>.text</name>
         <load_address>0x351c</load_address>
         <run_address>0x351c</run_address>
         <size>0x40</size>
         <input_file_ref idref="fl-c4"/>
      </object_component>
      <object_component id="oc-d7">
         <name>.text:sprintf</name>
         <load_address>0x355c</load_address>
         <run_address>0x355c</run_address>
         <size>0x40</size>
         <input_file_ref idref="fl-d2"/>
      </object_component>
      <object_component id="oc-3fa">
         <name>.text:_fcpy</name>
         <load_address>0x359c</load_address>
         <run_address>0x359c</run_address>
         <size>0x3e</size>
         <input_file_ref idref="fl-d9"/>
      </object_component>
      <object_component id="oc-1a9">
         <name>.text:SysCtlPeripheralPresent</name>
         <load_address>0x35dc</load_address>
         <run_address>0x35dc</run_address>
         <size>0x38</size>
         <input_file_ref idref="fl-ed"/>
      </object_component>
      <object_component id="oc-56">
         <name>.text:_c_int00_noargs:_c_int00_noargs</name>
         <load_address>0x3614</load_address>
         <run_address>0x3614</run_address>
         <size>0x38</size>
         <input_file_ref idref="fl-ce"/>
      </object_component>
      <object_component id="oc-2d5">
         <name>.text:IntRegister</name>
         <load_address>0x364c</load_address>
         <run_address>0x364c</run_address>
         <size>0x34</size>
         <input_file_ref idref="fl-eb"/>
      </object_component>
      <object_component id="oc-f0">
         <name>.text:SysCtlPeripheralEnable</name>
         <load_address>0x3680</load_address>
         <run_address>0x3680</run_address>
         <size>0x34</size>
         <input_file_ref idref="fl-ed"/>
      </object_component>
      <object_component id="oc-25b">
         <name>.text</name>
         <load_address>0x36b4</load_address>
         <run_address>0x36b4</run_address>
         <size>0x2e</size>
         <input_file_ref idref="fl-c9"/>
      </object_component>
      <object_component id="oc-224">
         <name>.text:GPIODirModeSet</name>
         <load_address>0x36e2</load_address>
         <run_address>0x36e2</run_address>
         <size>0x2a</size>
         <input_file_ref idref="fl-ea"/>
      </object_component>
      <object_component id="oc-276">
         <name>.text:PWMGenConfigure</name>
         <load_address>0x370c</load_address>
         <run_address>0x370c</run_address>
         <size>0x22</size>
         <input_file_ref idref="fl-ec"/>
      </object_component>
      <object_component id="oc-2e9">
         <name>.text:UARTDisable</name>
         <load_address>0x3730</load_address>
         <run_address>0x3730</run_address>
         <size>0x20</size>
         <input_file_ref idref="fl-ef"/>
      </object_component>
      <object_component id="oc-175">
         <name>.text</name>
         <load_address>0x3750</load_address>
         <run_address>0x3750</run_address>
         <size>0x20</size>
         <input_file_ref idref="fl-ca"/>
      </object_component>
      <object_component id="oc-2a0">
         <name>.text:PWMPulseWidthSet</name>
         <load_address>0x3770</load_address>
         <run_address>0x3770</run_address>
         <size>0x1e</size>
         <input_file_ref idref="fl-ec"/>
      </object_component>
      <object_component id="oc-335">
         <name>.text:memccpy</name>
         <load_address>0x378e</load_address>
         <run_address>0x378e</run_address>
         <size>0x1c</size>
         <input_file_ref idref="fl-dd"/>
      </object_component>
      <object_component id="oc-1ff">
         <name>.text:GPIOPinTypeGPIOOutput</name>
         <load_address>0x37aa</load_address>
         <run_address>0x37aa</run_address>
         <size>0x18</size>
         <input_file_ref idref="fl-ea"/>
      </object_component>
      <object_component id="oc-18a">
         <name>.text:TimerIntRegister</name>
         <load_address>0x37c2</load_address>
         <run_address>0x37c2</run_address>
         <size>0x18</size>
         <input_file_ref idref="fl-ee"/>
      </object_component>
      <object_component id="oc-1ee">
         <name>.text:_outs</name>
         <load_address>0x37da</load_address>
         <run_address>0x37da</run_address>
         <size>0x18</size>
         <input_file_ref idref="fl-d2"/>
      </object_component>
      <object_component id="oc-28e">
         <name>.text:TimerControlEvent</name>
         <load_address>0x37f2</load_address>
         <run_address>0x37f2</run_address>
         <size>0x16</size>
         <input_file_ref idref="fl-ee"/>
      </object_component>
      <object_component id="oc-40e">
         <name>.text:strchr</name>
         <load_address>0x3808</load_address>
         <run_address>0x3808</run_address>
         <size>0x16</size>
         <input_file_ref idref="fl-de"/>
      </object_component>
      <object_component id="oc-270">
         <name>.text:SysCtlPWMClockSet</name>
         <load_address>0x3820</load_address>
         <run_address>0x3820</run_address>
         <size>0x14</size>
         <input_file_ref idref="fl-ed"/>
      </object_component>
      <object_component id="oc-1b5">
         <name>.text:UARTEnable</name>
         <load_address>0x3834</load_address>
         <run_address>0x3834</run_address>
         <size>0x14</size>
         <input_file_ref idref="fl-ef"/>
      </object_component>
      <object_component id="oc-464">
         <name>.text:copysign</name>
         <load_address>0x3848</load_address>
         <run_address>0x3848</run_address>
         <size>0x14</size>
         <input_file_ref idref="fl-e8"/>
      </object_component>
      <object_component id="oc-306">
         <name>.text:strlen</name>
         <load_address>0x385c</load_address>
         <run_address>0x385c</run_address>
         <size>0x14</size>
         <input_file_ref idref="fl-df"/>
      </object_component>
      <object_component id="oc-20b">
         <name>.text:GPIOPinTypeI2C</name>
         <load_address>0x3870</load_address>
         <run_address>0x3870</run_address>
         <size>0x12</size>
         <input_file_ref idref="fl-ea"/>
      </object_component>
      <object_component id="oc-205">
         <name>.text:GPIOPinTypeI2CSCL</name>
         <load_address>0x3882</load_address>
         <run_address>0x3882</run_address>
         <size>0x12</size>
         <input_file_ref idref="fl-ea"/>
      </object_component>
      <object_component id="oc-211">
         <name>.text:GPIOPinTypePWM</name>
         <load_address>0x3894</load_address>
         <run_address>0x3894</run_address>
         <size>0x12</size>
         <input_file_ref idref="fl-ea"/>
      </object_component>
      <object_component id="oc-217">
         <name>.text:GPIOPinTypeTimer</name>
         <load_address>0x38a6</load_address>
         <run_address>0x38a6</run_address>
         <size>0x12</size>
         <input_file_ref idref="fl-ea"/>
      </object_component>
      <object_component id="oc-fc">
         <name>.text:GPIOPinTypeUART</name>
         <load_address>0x38b8</load_address>
         <run_address>0x38b8</run_address>
         <size>0x12</size>
         <input_file_ref idref="fl-ea"/>
      </object_component>
      <object_component id="oc-29a">
         <name>.text:PWMGenPeriodGet</name>
         <load_address>0x38ca</load_address>
         <run_address>0x38ca</run_address>
         <size>0x12</size>
         <input_file_ref idref="fl-ec"/>
      </object_component>
      <object_component id="oc-282">
         <name>.text:PWMOutputState</name>
         <load_address>0x38dc</load_address>
         <run_address>0x38dc</run_address>
         <size>0x12</size>
         <input_file_ref idref="fl-ec"/>
      </object_component>
      <object_component id="oc-184">
         <name>.text:TimerLoadSet</name>
         <load_address>0x38ee</load_address>
         <run_address>0x38ee</run_address>
         <size>0x12</size>
         <input_file_ref idref="fl-ee"/>
      </object_component>
      <object_component id="oc-294">
         <name>.text:TimerPrescaleSet</name>
         <load_address>0x3900</load_address>
         <run_address>0x3900</run_address>
         <size>0x12</size>
         <input_file_ref idref="fl-ee"/>
      </object_component>
      <object_component id="oc-44">
         <name>.text:decompress:ZI:__TI_zero_init_nomemset:__TI_zero_init_nomemset</name>
         <load_address>0x3912</load_address>
         <run_address>0x3912</run_address>
         <size>0x12</size>
         <input_file_ref idref="fl-cb"/>
      </object_component>
      <object_component id="oc-33b">
         <name>.text:wcslen</name>
         <load_address>0x3924</load_address>
         <run_address>0x3924</run_address>
         <size>0x12</size>
         <input_file_ref idref="fl-e0"/>
      </object_component>
      <object_component id="oc-de">
         <name>.text:FPULazyStackingEnable</name>
         <load_address>0x3938</load_address>
         <run_address>0x3938</run_address>
         <size>0x10</size>
         <input_file_ref idref="fl-e9"/>
      </object_component>
      <object_component id="oc-26a">
         <name>.text:IntMasterEnable</name>
         <load_address>0x3948</load_address>
         <run_address>0x3948</run_address>
         <size>0x10</size>
         <input_file_ref idref="fl-eb"/>
      </object_component>
      <object_component id="oc-27c">
         <name>.text:PWMGenPeriodSet</name>
         <load_address>0x3958</load_address>
         <run_address>0x3958</run_address>
         <size>0x10</size>
         <input_file_ref idref="fl-ec"/>
      </object_component>
      <object_component id="oc-19c">
         <name>.text:TimerEnable</name>
         <load_address>0x3968</load_address>
         <run_address>0x3968</run_address>
         <size>0xe</size>
         <input_file_ref idref="fl-ee"/>
      </object_component>
      <object_component id="oc-18">
         <name>.text:decompress:none:__TI_decompress_none</name>
         <load_address>0x3976</load_address>
         <run_address>0x3976</run_address>
         <size>0xe</size>
         <input_file_ref idref="fl-cc"/>
      </object_component>
      <object_component id="oc-390">
         <name>.text:CPUcpsie</name>
         <load_address>0x3984</load_address>
         <run_address>0x3984</run_address>
         <size>0xc</size>
         <input_file_ref idref="fl-f0"/>
      </object_component>
      <object_component id="oc-288">
         <name>.text:PWMGenEnable</name>
         <load_address>0x3990</load_address>
         <run_address>0x3990</run_address>
         <size>0xc</size>
         <input_file_ref idref="fl-ec"/>
      </object_component>
      <object_component id="oc-24">
         <name>.text</name>
         <load_address>0x399c</load_address>
         <run_address>0x399c</run_address>
         <size>0xc</size>
         <input_file_ref idref="fl-2"/>
      </object_component>
      <object_component id="oc-255">
         <name>.text:TimerValueGet</name>
         <load_address>0x39a8</load_address>
         <run_address>0x39a8</run_address>
         <size>0xa</size>
         <input_file_ref idref="fl-ee"/>
      </object_component>
      <object_component id="oc-1c1">
         <name>.text:UARTCharGet</name>
         <load_address>0x39b2</load_address>
         <run_address>0x39b2</run_address>
         <size>0xa</size>
         <input_file_ref idref="fl-ef"/>
      </object_component>
      <object_component id="oc-1bb">
         <name>.text:UARTCharPut</name>
         <load_address>0x39bc</load_address>
         <run_address>0x39bc</run_address>
         <size>0xa</size>
         <input_file_ref idref="fl-ef"/>
      </object_component>
      <object_component id="oc-1f4">
         <name>.text:_outc</name>
         <load_address>0x39c6</load_address>
         <run_address>0x39c6</run_address>
         <size>0xa</size>
         <input_file_ref idref="fl-d2"/>
      </object_component>
      <object_component id="oc-196">
         <name>.text:TimerIntEnable</name>
         <load_address>0x39d0</load_address>
         <run_address>0x39d0</run_address>
         <size>0x8</size>
         <input_file_ref idref="fl-ee"/>
      </object_component>
      <object_component id="oc-341">
         <name>.text:__aeabi_errno_addr</name>
         <load_address>0x39d8</load_address>
         <run_address>0x39d8</run_address>
         <size>0x8</size>
         <input_file_ref idref="fl-e7"/>
      </object_component>
      <object_component id="oc-2a9">
         <name>.text:GPIOPinWrite</name>
         <load_address>0x39e0</load_address>
         <run_address>0x39e0</run_address>
         <size>0x6</size>
         <input_file_ref idref="fl-ea"/>
      </object_component>
      <object_component id="oc-dd">
         <name>.text:SysCtlDelay</name>
         <load_address>0x39e6</load_address>
         <run_address>0x39e6</run_address>
         <size>0x6</size>
         <input_file_ref idref="fl-ed"/>
      </object_component>
      <object_component id="oc-102">
         <name>.text:UARTClockSourceSet</name>
         <load_address>0x39ec</load_address>
         <run_address>0x39ec</run_address>
         <size>0x6</size>
         <input_file_ref idref="fl-ef"/>
      </object_component>
      <object_component id="oc-169">
         <name>.text:TimerIntClear</name>
         <load_address>0x39f2</load_address>
         <run_address>0x39f2</run_address>
         <size>0x4</size>
         <input_file_ref idref="fl-ee"/>
      </object_component>
      <object_component id="oc-92">
         <name>.text:_system_pre_init</name>
         <load_address>0x39f6</load_address>
         <run_address>0x39f6</run_address>
         <size>0x4</size>
         <input_file_ref idref="fl-d7"/>
      </object_component>
      <object_component id="oc-10a">
         <name>.text:abort:abort</name>
         <load_address>0x39fa</load_address>
         <run_address>0x39fa</run_address>
         <size>0x4</size>
         <input_file_ref idref="fl-cf"/>
      </object_component>
      <object_component id="oc-3c6">
         <name>.const:.string:_ctypes_</name>
         <load_address>0x3a00</load_address>
         <run_address>0x3a00</run_address>
         <size>0x101</size>
         <input_file_ref idref="fl-db"/>
      </object_component>
      <object_component id="oc-21f">
         <name>.const:g_pui32GPIOBaseAddrs</name>
         <load_address>0x3b04</load_address>
         <run_address>0x3b04</run_address>
         <size>0x90</size>
         <input_file_ref idref="fl-ea"/>
      </object_component>
      <object_component id="oc-2dc">
         <name>.const</name>
         <load_address>0x3b94</load_address>
         <run_address>0x3b94</run_address>
         <size>0x70</size>
         <input_file_ref idref="fl-eb"/>
      </object_component>
      <object_component id="oc-1df">
         <name>.const:g_pui32Xtals</name>
         <load_address>0x3c04</load_address>
         <run_address>0x3c04</run_address>
         <size>0x6c</size>
         <input_file_ref idref="fl-ed"/>
      </object_component>
      <object_component id="oc-3b1">
         <name>.const:g_ppui32TimerIntMap</name>
         <load_address>0x3c70</load_address>
         <run_address>0x3c70</run_address>
         <size>0x60</size>
         <input_file_ref idref="fl-ee"/>
      </object_component>
      <object_component id="oc-3b4">
         <name>.const:g_ppui32TimerIntMapSnowflake</name>
         <load_address>0x3cd0</load_address>
         <run_address>0x3cd0</run_address>
         <size>0x40</size>
         <input_file_ref idref="fl-ee"/>
      </object_component>
      <object_component id="oc-2ff">
         <name>.const:.string</name>
         <load_address>0x3d10</load_address>
         <run_address>0x3d10</run_address>
         <size>0x12</size>
         <input_file_ref idref="fl-9"/>
      </object_component>
      <object_component id="oc-1cd">
         <name>.const:g_ui32UARTBase</name>
         <load_address>0x3d24</load_address>
         <run_address>0x3d24</run_address>
         <size>0xc</size>
         <input_file_ref idref="fl-9"/>
      </object_component>
      <object_component id="oc-1c7">
         <name>.const:g_ui32UARTPeriph</name>
         <load_address>0x3d30</load_address>
         <run_address>0x3d30</run_address>
         <size>0xc</size>
         <input_file_ref idref="fl-9"/>
      </object_component>
      <object_component id="oc-1d5">
         <name>.const</name>
         <load_address>0x3d3c</load_address>
         <run_address>0x3d3c</run_address>
         <size>0x4</size>
         <input_file_ref idref="fl-9"/>
      </object_component>
      <object_component id="oc-4ba">
         <name>.cinit..data.load</name>
         <load_address>0x3d40</load_address>
         <run_address>0x3d40</run_address>
         <size>0x3e</size>
      </object_component>
      <object_component id="oc-4b7">
         <name>__TI_handler_table</name>
         <load_address>0x3d80</load_address>
         <run_address>0x3d80</run_address>
         <size>0xc</size>
      </object_component>
      <object_component id="oc-4bb">
         <name>.cinit..bss.load</name>
         <load_address>0x3d90</load_address>
         <run_address>0x3d90</run_address>
         <size>0x8</size>
      </object_component>
      <object_component id="oc-4b9">
         <name>.cinit..vtable.load</name>
         <load_address>0x3d98</load_address>
         <run_address>0x3d98</run_address>
         <size>0x8</size>
      </object_component>
      <object_component id="oc-4b8">
         <name>__TI_cinit_table</name>
         <load_address>0x3da0</load_address>
         <run_address>0x3da0</run_address>
         <size>0x18</size>
      </object_component>
      <object_component id="oc-3b8">
         <name>.vtable</name>
         <uninitialized>true</uninitialized>
         <run_address>0x20000000</run_address>
         <size>0x26c</size>
         <input_file_ref idref="fl-eb"/>
      </object_component>
      <object_component id="oc-158">
         <name>.data</name>
         <load_address>0x2000057f</load_address>
         <run_address>0x2000057f</run_address>
         <size>0x1</size>
         <input_file_ref idref="fl-4"/>
      </object_component>
      <object_component id="oc-15b">
         <name>.data:PositionPIDs</name>
         <load_address>0x20000470</load_address>
         <run_address>0x20000470</run_address>
         <size>0x84</size>
         <input_file_ref idref="fl-4"/>
      </object_component>
      <object_component id="oc-1a2">
         <name>.data</name>
         <load_address>0x2000056c</load_address>
         <run_address>0x2000056c</run_address>
         <size>0xc</size>
         <input_file_ref idref="fl-5"/>
      </object_component>
      <object_component id="oc-1a5">
         <name>.data:SpeedPIDs</name>
         <load_address>0x200004f4</load_address>
         <run_address>0x200004f4</run_address>
         <size>0x58</size>
         <input_file_ref idref="fl-5"/>
      </object_component>
      <object_component id="oc-2a6">
         <name>.data:LeftEncoder</name>
         <load_address>0x2000054c</load_address>
         <run_address>0x2000054c</run_address>
         <size>0x10</size>
         <input_file_ref idref="fl-6"/>
      </object_component>
      <object_component id="oc-2b2">
         <name>.data:RightEncoder</name>
         <load_address>0x2000055c</load_address>
         <run_address>0x2000055c</run_address>
         <size>0x10</size>
         <input_file_ref idref="fl-6"/>
      </object_component>
      <object_component id="oc-2af">
         <name>.data</name>
         <load_address>0x2000057d</load_address>
         <run_address>0x2000057d</run_address>
         <size>0x2</size>
         <input_file_ref idref="fl-6"/>
      </object_component>
      <object_component id="oc-1ca">
         <name>.data</name>
         <load_address>0x20000578</load_address>
         <run_address>0x20000578</run_address>
         <size>0x5</size>
         <input_file_ref idref="fl-9"/>
      </object_component>
      <object_component id="oc-41e">
         <name>.data</name>
         <load_address>0x20000580</load_address>
         <run_address>0x20000580</run_address>
         <size>0x4</size>
         <input_file_ref idref="fl-e7"/>
      </object_component>
      <object_component id="oc-154">
         <name>.common:RobotPosition</name>
         <uninitialized>true</uninitialized>
         <run_address>0x20000584</run_address>
         <size>0x8</size>
      </object_component>
      <object_component id="oc-157">
         <name>.common:TargetPosition</name>
         <uninitialized>true</uninitialized>
         <run_address>0x2000058c</run_address>
         <size>0x8</size>
      </object_component>
      <object_component id="oc-21">
         <name>.stack</name>
         <uninitialized>true</uninitialized>
         <run_address>0x20000270</run_address>
         <size>0x4</size>
         <input_file_ref idref="fl-ce"/>
      </object_component>
      <object_component id="oc-4bc">
         <name>.stack</name>
         <uninitialized>true</uninitialized>
         <run_address>0x20000270</run_address>
         <size>0x0</size>
      </object_component>
      <object_component id="oc-2c">
         <name>.debug_info</name>
         <load_address>0x0</load_address>
         <run_address>0x0</run_address>
         <size>0x2c2</size>
         <input_file_ref idref="fl-2"/>
      </object_component>
      <object_component id="oc-10">
         <name>.debug_info</name>
         <load_address>0x2c2</load_address>
         <run_address>0x2c2</run_address>
         <size>0x101</size>
         <input_file_ref idref="fl-2"/>
      </object_component>
      <object_component id="oc-25">
         <name>.debug_info</name>
         <load_address>0x3c3</load_address>
         <run_address>0x3c3</run_address>
         <size>0x27d</size>
         <input_file_ref idref="fl-2"/>
      </object_component>
      <object_component id="oc-6d">
         <name>.debug_info</name>
         <load_address>0x640</load_address>
         <run_address>0x640</run_address>
         <size>0x26b</size>
         <input_file_ref idref="fl-2"/>
      </object_component>
      <object_component id="oc-33">
         <name>.debug_info</name>
         <load_address>0x8ab</load_address>
         <run_address>0x8ab</run_address>
         <size>0x84</size>
         <input_file_ref idref="fl-2"/>
      </object_component>
      <object_component id="oc-aa">
         <name>.debug_info</name>
         <load_address>0x92f</load_address>
         <run_address>0x92f</run_address>
         <size>0x297</size>
         <input_file_ref idref="fl-2"/>
      </object_component>
      <object_component id="oc-72">
         <name>.debug_info</name>
         <load_address>0xbc6</load_address>
         <run_address>0xbc6</run_address>
         <size>0xbb</size>
         <input_file_ref idref="fl-2"/>
      </object_component>
      <object_component id="oc-2bc">
         <name>.debug_info</name>
         <load_address>0xc81</load_address>
         <run_address>0xc81</run_address>
         <size>0x273</size>
         <input_file_ref idref="fl-3"/>
      </object_component>
      <object_component id="oc-150">
         <name>.debug_info</name>
         <load_address>0xef4</load_address>
         <run_address>0xef4</run_address>
         <size>0x538</size>
         <input_file_ref idref="fl-3"/>
      </object_component>
      <object_component id="oc-2bf">
         <name>.debug_info</name>
         <load_address>0x142c</load_address>
         <run_address>0x142c</run_address>
         <size>0x116</size>
         <input_file_ref idref="fl-3"/>
      </object_component>
      <object_component id="oc-155">
         <name>.debug_info</name>
         <load_address>0x1542</load_address>
         <run_address>0x1542</run_address>
         <size>0x4c8</size>
         <input_file_ref idref="fl-4"/>
      </object_component>
      <object_component id="oc-159">
         <name>.debug_info</name>
         <load_address>0x1a0a</load_address>
         <run_address>0x1a0a</run_address>
         <size>0x100</size>
         <input_file_ref idref="fl-4"/>
      </object_component>
      <object_component id="oc-15c">
         <name>.debug_info</name>
         <load_address>0x1b0a</load_address>
         <run_address>0x1b0a</run_address>
         <size>0x107</size>
         <input_file_ref idref="fl-4"/>
      </object_component>
      <object_component id="oc-c0">
         <name>.debug_info</name>
         <load_address>0x1c11</load_address>
         <run_address>0x1c11</run_address>
         <size>0x8a4</size>
         <input_file_ref idref="fl-4"/>
      </object_component>
      <object_component id="oc-164">
         <name>.debug_info</name>
         <load_address>0x24b5</load_address>
         <run_address>0x24b5</run_address>
         <size>0x9d</size>
         <input_file_ref idref="fl-4"/>
      </object_component>
      <object_component id="oc-2b6">
         <name>.debug_info</name>
         <load_address>0x2552</load_address>
         <run_address>0x2552</run_address>
         <size>0x5a</size>
         <input_file_ref idref="fl-4"/>
      </object_component>
      <object_component id="oc-15f">
         <name>.debug_info</name>
         <load_address>0x25ac</load_address>
         <run_address>0x25ac</run_address>
         <size>0x8b</size>
         <input_file_ref idref="fl-4"/>
      </object_component>
      <object_component id="oc-2e7">
         <name>.debug_info</name>
         <load_address>0x2637</load_address>
         <run_address>0x2637</run_address>
         <size>0x696</size>
         <input_file_ref idref="fl-5"/>
      </object_component>
      <object_component id="oc-1a3">
         <name>.debug_info</name>
         <load_address>0x2ccd</load_address>
         <run_address>0x2ccd</run_address>
         <size>0x130</size>
         <input_file_ref idref="fl-5"/>
      </object_component>
      <object_component id="oc-1a6">
         <name>.debug_info</name>
         <load_address>0x2dfd</load_address>
         <run_address>0x2dfd</run_address>
         <size>0xfe</size>
         <input_file_ref idref="fl-5"/>
      </object_component>
      <object_component id="oc-c6">
         <name>.debug_info</name>
         <load_address>0x2efb</load_address>
         <run_address>0x2efb</run_address>
         <size>0x63d</size>
         <input_file_ref idref="fl-5"/>
      </object_component>
      <object_component id="oc-1da">
         <name>.debug_info</name>
         <load_address>0x3538</load_address>
         <run_address>0x3538</run_address>
         <size>0x2c</size>
         <input_file_ref idref="fl-5"/>
      </object_component>
      <object_component id="oc-2a7">
         <name>.debug_info</name>
         <load_address>0x3564</load_address>
         <run_address>0x3564</run_address>
         <size>0x101</size>
         <input_file_ref idref="fl-6"/>
      </object_component>
      <object_component id="oc-2b3">
         <name>.debug_info</name>
         <load_address>0x3665</load_address>
         <run_address>0x3665</run_address>
         <size>0x103</size>
         <input_file_ref idref="fl-6"/>
      </object_component>
      <object_component id="oc-2b0">
         <name>.debug_info</name>
         <load_address>0x3768</load_address>
         <run_address>0x3768</run_address>
         <size>0x136</size>
         <input_file_ref idref="fl-6"/>
      </object_component>
      <object_component id="oc-14a">
         <name>.debug_info</name>
         <load_address>0x389e</load_address>
         <run_address>0x389e</run_address>
         <size>0x12a2</size>
         <input_file_ref idref="fl-6"/>
      </object_component>
      <object_component id="oc-3a3">
         <name>.debug_info</name>
         <load_address>0x4b40</load_address>
         <run_address>0x4b40</run_address>
         <size>0x8a</size>
         <input_file_ref idref="fl-6"/>
      </object_component>
      <object_component id="oc-109">
         <name>.debug_info</name>
         <load_address>0x4bca</load_address>
         <run_address>0x4bca</run_address>
         <size>0x551</size>
         <input_file_ref idref="fl-7"/>
      </object_component>
      <object_component id="oc-9c">
         <name>.debug_info</name>
         <load_address>0x511b</load_address>
         <run_address>0x511b</run_address>
         <size>0x395</size>
         <input_file_ref idref="fl-7"/>
      </object_component>
      <object_component id="oc-eb">
         <name>.debug_info</name>
         <load_address>0x54b0</load_address>
         <run_address>0x54b0</run_address>
         <size>0x3cd</size>
         <input_file_ref idref="fl-8"/>
      </object_component>
      <object_component id="oc-1d9">
         <name>.debug_info</name>
         <load_address>0x587d</load_address>
         <run_address>0x587d</run_address>
         <size>0x424</size>
         <input_file_ref idref="fl-9"/>
      </object_component>
      <object_component id="oc-1cb">
         <name>.debug_info</name>
         <load_address>0x5ca1</load_address>
         <run_address>0x5ca1</run_address>
         <size>0x11b</size>
         <input_file_ref idref="fl-9"/>
      </object_component>
      <object_component id="oc-1d6">
         <name>.debug_info</name>
         <load_address>0x5dbc</load_address>
         <run_address>0x5dbc</run_address>
         <size>0x115</size>
         <input_file_ref idref="fl-9"/>
      </object_component>
      <object_component id="oc-1ce">
         <name>.debug_info</name>
         <load_address>0x5ed1</load_address>
         <run_address>0x5ed1</run_address>
         <size>0x123</size>
         <input_file_ref idref="fl-9"/>
      </object_component>
      <object_component id="oc-1c8">
         <name>.debug_info</name>
         <load_address>0x5ff4</load_address>
         <run_address>0x5ff4</run_address>
         <size>0x127</size>
         <input_file_ref idref="fl-9"/>
      </object_component>
      <object_component id="oc-cc">
         <name>.debug_info</name>
         <load_address>0x611b</load_address>
         <run_address>0x611b</run_address>
         <size>0x9ec</size>
         <input_file_ref idref="fl-9"/>
      </object_component>
      <object_component id="oc-1d2">
         <name>.debug_info</name>
         <load_address>0x6b07</load_address>
         <run_address>0x6b07</run_address>
         <size>0x145</size>
         <input_file_ref idref="fl-c4"/>
      </object_component>
      <object_component id="oc-261">
         <name>.debug_info</name>
         <load_address>0x6c4c</load_address>
         <run_address>0x6c4c</run_address>
         <size>0x13d</size>
         <input_file_ref idref="fl-c5"/>
      </object_component>
      <object_component id="oc-17b">
         <name>.debug_info</name>
         <load_address>0x6d89</load_address>
         <run_address>0x6d89</run_address>
         <size>0x13d</size>
         <input_file_ref idref="fl-c6"/>
      </object_component>
      <object_component id="oc-267">
         <name>.debug_info</name>
         <load_address>0x6ec6</load_address>
         <run_address>0x6ec6</run_address>
         <size>0x141</size>
         <input_file_ref idref="fl-c7"/>
      </object_component>
      <object_component id="oc-180">
         <name>.debug_info</name>
         <load_address>0x7007</load_address>
         <run_address>0x7007</run_address>
         <size>0x13c</size>
         <input_file_ref idref="fl-c8"/>
      </object_component>
      <object_component id="oc-25c">
         <name>.debug_info</name>
         <load_address>0x7143</load_address>
         <run_address>0x7143</run_address>
         <size>0x12f</size>
         <input_file_ref idref="fl-c9"/>
      </object_component>
      <object_component id="oc-177">
         <name>.debug_info</name>
         <load_address>0x7272</load_address>
         <run_address>0x7272</run_address>
         <size>0x131</size>
         <input_file_ref idref="fl-ca"/>
      </object_component>
      <object_component id="oc-8b">
         <name>.debug_info</name>
         <load_address>0x73a3</load_address>
         <run_address>0x73a3</run_address>
         <size>0x31e</size>
         <input_file_ref idref="fl-cb"/>
      </object_component>
      <object_component id="oc-48">
         <name>.debug_info</name>
         <load_address>0x76c1</load_address>
         <run_address>0x76c1</run_address>
         <size>0x1bf</size>
         <input_file_ref idref="fl-cb"/>
      </object_component>
      <object_component id="oc-86">
         <name>.debug_info</name>
         <load_address>0x7880</load_address>
         <run_address>0x7880</run_address>
         <size>0x46</size>
         <input_file_ref idref="fl-cb"/>
      </object_component>
      <object_component id="oc-b6">
         <name>.debug_info</name>
         <load_address>0x78c6</load_address>
         <run_address>0x78c6</run_address>
         <size>0x2c</size>
         <input_file_ref idref="fl-cb"/>
      </object_component>
      <object_component id="oc-43">
         <name>.debug_info</name>
         <load_address>0x78f2</load_address>
         <run_address>0x78f2</run_address>
         <size>0x2a8</size>
         <input_file_ref idref="fl-cc"/>
      </object_component>
      <object_component id="oc-1a">
         <name>.debug_info</name>
         <load_address>0x7b9a</load_address>
         <run_address>0x7b9a</run_address>
         <size>0x1ea</size>
         <input_file_ref idref="fl-cc"/>
      </object_component>
      <object_component id="oc-3e">
         <name>.debug_info</name>
         <load_address>0x7d84</load_address>
         <run_address>0x7d84</run_address>
         <size>0x46</size>
         <input_file_ref idref="fl-cc"/>
      </object_component>
      <object_component id="oc-7e">
         <name>.debug_info</name>
         <load_address>0x7dca</load_address>
         <run_address>0x7dca</run_address>
         <size>0x2c</size>
         <input_file_ref idref="fl-cc"/>
      </object_component>
      <object_component id="oc-7c">
         <name>.debug_info</name>
         <load_address>0x7df6</load_address>
         <run_address>0x7df6</run_address>
         <size>0x29e</size>
         <input_file_ref idref="fl-cd"/>
      </object_component>
      <object_component id="oc-13">
         <name>.debug_info</name>
         <load_address>0x8094</load_address>
         <run_address>0x8094</run_address>
         <size>0x250</size>
         <input_file_ref idref="fl-cd"/>
      </object_component>
      <object_component id="oc-2e">
         <name>.debug_info</name>
         <load_address>0x82e4</load_address>
         <run_address>0x82e4</run_address>
         <size>0x60</size>
         <input_file_ref idref="fl-cd"/>
      </object_component>
      <object_component id="oc-af">
         <name>.debug_info</name>
         <load_address>0x8344</load_address>
         <run_address>0x8344</run_address>
         <size>0x46</size>
         <input_file_ref idref="fl-cd"/>
      </object_component>
      <object_component id="oc-77">
         <name>.debug_info</name>
         <load_address>0x838a</load_address>
         <run_address>0x838a</run_address>
         <size>0x39</size>
         <input_file_ref idref="fl-cd"/>
      </object_component>
      <object_component id="oc-22">
         <name>.debug_info</name>
         <load_address>0x83c3</load_address>
         <run_address>0x83c3</run_address>
         <size>0x10b</size>
         <input_file_ref idref="fl-ce"/>
      </object_component>
      <object_component id="oc-59">
         <name>.debug_info</name>
         <load_address>0x84ce</load_address>
         <run_address>0x84ce</run_address>
         <size>0x1af</size>
         <input_file_ref idref="fl-ce"/>
      </object_component>
      <object_component id="oc-10d">
         <name>.debug_info</name>
         <load_address>0x867d</load_address>
         <run_address>0x867d</run_address>
         <size>0x122</size>
         <input_file_ref idref="fl-cf"/>
      </object_component>
      <object_component id="oc-1fb">
         <name>.debug_info</name>
         <load_address>0x879f</load_address>
         <run_address>0x879f</run_address>
         <size>0x333</size>
         <input_file_ref idref="fl-d2"/>
      </object_component>
      <object_component id="oc-d8">
         <name>.debug_info</name>
         <load_address>0x8ad2</load_address>
         <run_address>0x8ad2</run_address>
         <size>0x1d1</size>
         <input_file_ref idref="fl-d2"/>
      </object_component>
      <object_component id="oc-1ef">
         <name>.debug_info</name>
         <load_address>0x8ca3</load_address>
         <run_address>0x8ca3</run_address>
         <size>0x18d</size>
         <input_file_ref idref="fl-d2"/>
      </object_component>
      <object_component id="oc-1f5">
         <name>.debug_info</name>
         <load_address>0x8e30</load_address>
         <run_address>0x8e30</run_address>
         <size>0x16d</size>
         <input_file_ref idref="fl-d2"/>
      </object_component>
      <object_component id="oc-425">
         <name>.debug_info</name>
         <load_address>0x8f9d</load_address>
         <run_address>0x8f9d</run_address>
         <size>0x2c</size>
         <input_file_ref idref="fl-d2"/>
      </object_component>
      <object_component id="oc-2fa">
         <name>.debug_info</name>
         <load_address>0x8fc9</load_address>
         <run_address>0x8fc9</run_address>
         <size>0x118</size>
         <input_file_ref idref="fl-d3"/>
      </object_component>
      <object_component id="oc-3a">
         <name>.debug_info</name>
         <load_address>0x90e1</load_address>
         <run_address>0x90e1</run_address>
         <size>0x11c</size>
         <input_file_ref idref="fl-d4"/>
      </object_component>
      <object_component id="oc-8d">
         <name>.debug_info</name>
         <load_address>0x91fd</load_address>
         <run_address>0x91fd</run_address>
         <size>0x14a</size>
         <input_file_ref idref="fl-d5"/>
      </object_component>
      <object_component id="oc-240">
         <name>.debug_info</name>
         <load_address>0x9347</load_address>
         <run_address>0x9347</run_address>
         <size>0x552</size>
         <input_file_ref idref="fl-d6"/>
      </object_component>
      <object_component id="oc-117">
         <name>.debug_info</name>
         <load_address>0x9899</load_address>
         <run_address>0x9899</run_address>
         <size>0x1a6</size>
         <input_file_ref idref="fl-d6"/>
      </object_component>
      <object_component id="oc-37b">
         <name>.debug_info</name>
         <load_address>0x9a3f</load_address>
         <run_address>0x9a3f</run_address>
         <size>0x39</size>
         <input_file_ref idref="fl-d6"/>
      </object_component>
      <object_component id="oc-437">
         <name>.debug_info</name>
         <load_address>0x9a78</load_address>
         <run_address>0x9a78</run_address>
         <size>0x39</size>
         <input_file_ref idref="fl-d6"/>
      </object_component>
      <object_component id="oc-380">
         <name>.debug_info</name>
         <load_address>0x9ab1</load_address>
         <run_address>0x9ab1</run_address>
         <size>0x39</size>
         <input_file_ref idref="fl-d6"/>
      </object_component>
      <object_component id="oc-385">
         <name>.debug_info</name>
         <load_address>0x9aea</load_address>
         <run_address>0x9aea</run_address>
         <size>0xcd</size>
         <input_file_ref idref="fl-d6"/>
      </object_component>
      <object_component id="oc-94">
         <name>.debug_info</name>
         <load_address>0x9bb7</load_address>
         <run_address>0x9bb7</run_address>
         <size>0x153</size>
         <input_file_ref idref="fl-d7"/>
      </object_component>
      <object_component id="oc-348">
         <name>.debug_info</name>
         <load_address>0x9d0a</load_address>
         <run_address>0x9d0a</run_address>
         <size>0x8b1</size>
         <input_file_ref idref="fl-d9"/>
      </object_component>
      <object_component id="oc-314">
         <name>.debug_info</name>
         <load_address>0xa5bb</load_address>
         <run_address>0xa5bb</run_address>
         <size>0x21e</size>
         <input_file_ref idref="fl-d9"/>
      </object_component>
      <object_component id="oc-3e9">
         <name>.debug_info</name>
         <load_address>0xa7d9</load_address>
         <run_address>0xa7d9</run_address>
         <size>0x1b3</size>
         <input_file_ref idref="fl-d9"/>
      </object_component>
      <object_component id="oc-3ef">
         <name>.debug_info</name>
         <load_address>0xa98c</load_address>
         <run_address>0xa98c</run_address>
         <size>0x21b</size>
         <input_file_ref idref="fl-d9"/>
      </object_component>
      <object_component id="oc-31f">
         <name>.debug_info</name>
         <load_address>0xaba7</load_address>
         <run_address>0xaba7</run_address>
         <size>0x3bb</size>
         <input_file_ref idref="fl-d9"/>
      </object_component>
      <object_component id="oc-3f6">
         <name>.debug_info</name>
         <load_address>0xaf62</load_address>
         <run_address>0xaf62</run_address>
         <size>0x305</size>
         <input_file_ref idref="fl-d9"/>
      </object_component>
      <object_component id="oc-3fc">
         <name>.debug_info</name>
         <load_address>0xb267</load_address>
         <run_address>0xb267</run_address>
         <size>0x215</size>
         <input_file_ref idref="fl-d9"/>
      </object_component>
      <object_component id="oc-325">
         <name>.debug_info</name>
         <load_address>0xb47c</load_address>
         <run_address>0xb47c</run_address>
         <size>0x215</size>
         <input_file_ref idref="fl-d9"/>
      </object_component>
      <object_component id="oc-32b">
         <name>.debug_info</name>
         <load_address>0xb691</load_address>
         <run_address>0xb691</run_address>
         <size>0x304</size>
         <input_file_ref idref="fl-d9"/>
      </object_component>
      <object_component id="oc-331">
         <name>.debug_info</name>
         <load_address>0xb995</load_address>
         <run_address>0xb995</run_address>
         <size>0x4b0</size>
         <input_file_ref idref="fl-d9"/>
      </object_component>
      <object_component id="oc-1ea">
         <name>.debug_info</name>
         <load_address>0xbe45</load_address>
         <run_address>0xbe45</run_address>
         <size>0x5d8</size>
         <input_file_ref idref="fl-d9"/>
      </object_component>
      <object_component id="oc-349">
         <name>.debug_info</name>
         <load_address>0xc41d</load_address>
         <run_address>0xc41d</run_address>
         <size>0x86</size>
         <input_file_ref idref="fl-d9"/>
      </object_component>
      <object_component id="oc-42a">
         <name>.debug_info</name>
         <load_address>0xc4a3</load_address>
         <run_address>0xc4a3</run_address>
         <size>0x39</size>
         <input_file_ref idref="fl-d9"/>
      </object_component>
      <object_component id="oc-47b">
         <name>.debug_info</name>
         <load_address>0xc4dc</load_address>
         <run_address>0xc4dc</run_address>
         <size>0xb6</size>
         <input_file_ref idref="fl-d9"/>
      </object_component>
      <object_component id="oc-42f">
         <name>.debug_info</name>
         <load_address>0xc592</load_address>
         <run_address>0xc592</run_address>
         <size>0x46</size>
         <input_file_ref idref="fl-d9"/>
      </object_component>
      <object_component id="oc-34e">
         <name>.debug_info</name>
         <load_address>0xc5d8</load_address>
         <run_address>0xc5d8</run_address>
         <size>0x46</size>
         <input_file_ref idref="fl-d9"/>
      </object_component>
      <object_component id="oc-3ca">
         <name>.debug_info</name>
         <load_address>0xc61e</load_address>
         <run_address>0xc61e</run_address>
         <size>0x2b9</size>
         <input_file_ref idref="fl-da"/>
      </object_component>
      <object_component id="oc-30e">
         <name>.debug_info</name>
         <load_address>0xc8d7</load_address>
         <run_address>0xc8d7</run_address>
         <size>0x17c</size>
         <input_file_ref idref="fl-da"/>
      </object_component>
      <object_component id="oc-450">
         <name>.debug_info</name>
         <load_address>0xca53</load_address>
         <run_address>0xca53</run_address>
         <size>0xf9</size>
         <input_file_ref idref="fl-db"/>
      </object_component>
      <object_component id="oc-3c7">
         <name>.debug_info</name>
         <load_address>0xcb4c</load_address>
         <run_address>0xcb4c</run_address>
         <size>0x105</size>
         <input_file_ref idref="fl-db"/>
      </object_component>
      <object_component id="oc-457">
         <name>.debug_info</name>
         <load_address>0xcc51</load_address>
         <run_address>0xcc51</run_address>
         <size>0x29b</size>
         <input_file_ref idref="fl-dc"/>
      </object_component>
      <object_component id="oc-3dd">
         <name>.debug_info</name>
         <load_address>0xceec</load_address>
         <run_address>0xceec</run_address>
         <size>0x1cd</size>
         <input_file_ref idref="fl-dc"/>
      </object_component>
      <object_component id="oc-416">
         <name>.debug_info</name>
         <load_address>0xd0b9</load_address>
         <run_address>0xd0b9</run_address>
         <size>0x296</size>
         <input_file_ref idref="fl-dd"/>
      </object_component>
      <object_component id="oc-338">
         <name>.debug_info</name>
         <load_address>0xd34f</load_address>
         <run_address>0xd34f</run_address>
         <size>0x1b6</size>
         <input_file_ref idref="fl-dd"/>
      </object_component>
      <object_component id="oc-46d">
         <name>.debug_info</name>
         <load_address>0xd505</load_address>
         <run_address>0xd505</run_address>
         <size>0x29a</size>
         <input_file_ref idref="fl-de"/>
      </object_component>
      <object_component id="oc-411">
         <name>.debug_info</name>
         <load_address>0xd79f</load_address>
         <run_address>0xd79f</run_address>
         <size>0x268</size>
         <input_file_ref idref="fl-de"/>
      </object_component>
      <object_component id="oc-3c5">
         <name>.debug_info</name>
         <load_address>0xda07</load_address>
         <run_address>0xda07</run_address>
         <size>0x28f</size>
         <input_file_ref idref="fl-df"/>
      </object_component>
      <object_component id="oc-309">
         <name>.debug_info</name>
         <load_address>0xdc96</load_address>
         <run_address>0xdc96</run_address>
         <size>0x24b</size>
         <input_file_ref idref="fl-df"/>
      </object_component>
      <object_component id="oc-41d">
         <name>.debug_info</name>
         <load_address>0xdee1</load_address>
         <run_address>0xdee1</run_address>
         <size>0x28f</size>
         <input_file_ref idref="fl-e0"/>
      </object_component>
      <object_component id="oc-33d">
         <name>.debug_info</name>
         <load_address>0xe170</load_address>
         <run_address>0xe170</run_address>
         <size>0x15a</size>
         <input_file_ref idref="fl-e0"/>
      </object_component>
      <object_component id="oc-470">
         <name>.debug_info</name>
         <load_address>0xe2ca</load_address>
         <run_address>0xe2ca</run_address>
         <size>0x46</size>
         <input_file_ref idref="fl-e0"/>
      </object_component>
      <object_component id="oc-418">
         <name>.debug_info</name>
         <load_address>0xe310</load_address>
         <run_address>0xe310</run_address>
         <size>0x39</size>
         <input_file_ref idref="fl-e0"/>
      </object_component>
      <object_component id="oc-45e">
         <name>.debug_info</name>
         <load_address>0xe349</load_address>
         <run_address>0xe349</run_address>
         <size>0x29a</size>
         <input_file_ref idref="fl-e1"/>
      </object_component>
      <object_component id="oc-403">
         <name>.debug_info</name>
         <load_address>0xe5e3</load_address>
         <run_address>0xe5e3</run_address>
         <size>0x195</size>
         <input_file_ref idref="fl-e1"/>
      </object_component>
      <object_component id="oc-486">
         <name>.debug_info</name>
         <load_address>0xe778</load_address>
         <run_address>0xe778</run_address>
         <size>0x39</size>
         <input_file_ref idref="fl-e1"/>
      </object_component>
      <object_component id="oc-45f">
         <name>.debug_info</name>
         <load_address>0xe7b1</load_address>
         <run_address>0xe7b1</run_address>
         <size>0x2c</size>
         <input_file_ref idref="fl-e1"/>
      </object_component>
      <object_component id="oc-46b">
         <name>.debug_info</name>
         <load_address>0xe7dd</load_address>
         <run_address>0xe7dd</run_address>
         <size>0x2fd</size>
         <input_file_ref idref="fl-e2"/>
      </object_component>
      <object_component id="oc-409">
         <name>.debug_info</name>
         <load_address>0xeada</load_address>
         <run_address>0xeada</run_address>
         <size>0x225</size>
         <input_file_ref idref="fl-e2"/>
      </object_component>
      <object_component id="oc-3e4">
         <name>.debug_info</name>
         <load_address>0xecff</load_address>
         <run_address>0xecff</run_address>
         <size>0x14f</size>
         <input_file_ref idref="fl-e3"/>
      </object_component>
      <object_component id="oc-31a">
         <name>.debug_info</name>
         <load_address>0xee4e</load_address>
         <run_address>0xee4e</run_address>
         <size>0x12b</size>
         <input_file_ref idref="fl-e4"/>
      </object_component>
      <object_component id="oc-3d4">
         <name>.debug_info</name>
         <load_address>0xef79</load_address>
         <run_address>0xef79</run_address>
         <size>0x12d</size>
         <input_file_ref idref="fl-e4"/>
      </object_component>
      <object_component id="oc-3d9">
         <name>.debug_info</name>
         <load_address>0xf0a6</load_address>
         <run_address>0xf0a6</run_address>
         <size>0x131</size>
         <input_file_ref idref="fl-e5"/>
      </object_component>
      <object_component id="oc-3cc">
         <name>.debug_info</name>
         <load_address>0xf1d7</load_address>
         <run_address>0xf1d7</run_address>
         <size>0x137</size>
         <input_file_ref idref="fl-e6"/>
      </object_component>
      <object_component id="oc-422">
         <name>.debug_info</name>
         <load_address>0xf30e</load_address>
         <run_address>0xf30e</run_address>
         <size>0x289</size>
         <input_file_ref idref="fl-e7"/>
      </object_component>
      <object_component id="oc-41f">
         <name>.debug_info</name>
         <load_address>0xf597</load_address>
         <run_address>0xf597</run_address>
         <size>0x10e</size>
         <input_file_ref idref="fl-e7"/>
      </object_component>
      <object_component id="oc-343">
         <name>.debug_info</name>
         <load_address>0xf6a5</load_address>
         <run_address>0xf6a5</run_address>
         <size>0x14e</size>
         <input_file_ref idref="fl-e7"/>
      </object_component>
      <object_component id="oc-465">
         <name>.debug_info</name>
         <load_address>0xf7f3</load_address>
         <run_address>0xf7f3</run_address>
         <size>0x161</size>
         <input_file_ref idref="fl-e8"/>
      </object_component>
      <object_component id="oc-e0">
         <name>.debug_info</name>
         <load_address>0xf954</load_address>
         <run_address>0xf954</run_address>
         <size>0x225</size>
         <input_file_ref idref="fl-e9"/>
      </object_component>
      <object_component id="oc-1e3">
         <name>.debug_info</name>
         <load_address>0xfb79</load_address>
         <run_address>0xfb79</run_address>
         <size>0x18b</size>
         <input_file_ref idref="fl-e9"/>
      </object_component>
      <object_component id="oc-223">
         <name>.debug_info</name>
         <load_address>0xfd04</load_address>
         <run_address>0xfd04</run_address>
         <size>0x240</size>
         <input_file_ref idref="fl-ea"/>
      </object_component>
      <object_component id="oc-220">
         <name>.debug_info</name>
         <load_address>0xff44</load_address>
         <run_address>0xff44</run_address>
         <size>0x15b</size>
         <input_file_ref idref="fl-ea"/>
      </object_component>
      <object_component id="oc-2aa">
         <name>.debug_info</name>
         <load_address>0x1009f</load_address>
         <run_address>0x1009f</run_address>
         <size>0x2a3</size>
         <input_file_ref idref="fl-ea"/>
      </object_component>
      <object_component id="oc-226">
         <name>.debug_info</name>
         <load_address>0x10342</load_address>
         <run_address>0x10342</run_address>
         <size>0x2b3</size>
         <input_file_ref idref="fl-ea"/>
      </object_component>
      <object_component id="oc-22c">
         <name>.debug_info</name>
         <load_address>0x105f5</load_address>
         <run_address>0x105f5</run_address>
         <size>0x316</size>
         <input_file_ref idref="fl-ea"/>
      </object_component>
      <object_component id="oc-fe">
         <name>.debug_info</name>
[...]
      </symbol>
      <symbol id="sm-19b">
         <name>MD_GetRightEncoderTicks</name>
         <value>0x112b</value>
         <object_component_ref idref="oc-148"/>
      </symbol>
      <symbol id="sm-19c">
         <name>MD_ResetRightEncoderTicks</name>
         <value>0x1139</value>
         <object_component_ref idref="oc-148"/>
      </symbol>
      <symbol id="sm-19d">
         <name>MD_GetLeftEncoderSpeed</name>
         <value>0x111b</value>
         <object_component_ref idref="oc-148"/>
      </symbol>
      <symbol id="sm-19e">
         <name>LeftMotorState</name>
         <value>0x2000057d</value>
         <object_component_ref idref="oc-2af"/>
      </symbol>
      <symbol id="sm-19f">
         <name>MD_GetRightMotorDir</name>
         <value>0x10db</value>
         <object_component_ref idref="oc-148"/>
      </symbol>
      <symbol id="sm-1a0">
         <name>MD_SetRightMotorDir</name>
         <value>0x1055</value>
         <object_component_ref idref="oc-148"/>
      </symbol>
      <symbol id="sm-1a1">
         <name>MD_ResetLeftEncoderTicks</name>
         <value>0x1123</value>
         <object_component_ref idref="oc-148"/>
      </symbol>
      <symbol id="sm-1a2">
         <name>MD_GetLeftEncoderTicks</name>
         <value>0x1115</value>
         <object_component_ref idref="oc-148"/>
      </symbol>
      <symbol id="sm-1a3">
         <name>MD_SetLeftMotorDir</name>
         <value>0xfbd</value>
         <object_component_ref idref="oc-148"/>
      </symbol>
      <symbol id="sm-1a4">
         <name>MD_GetLeftMotorDir</name>
         <value>0x10d5</value>
         <object_component_ref idref="oc-148"/>
      </symbol>
      <symbol id="sm-1a5">
         <name>EnableTimer1</name>
         <value>0xe59</value>
         <object_component_ref idref="oc-148"/>
      </symbol>
      <symbol id="sm-1c0">
         <name>SystemInit</name>
         <value>0x2bcb</value>
         <object_component_ref idref="oc-98"/>
      </symbol>
      <symbol id="sm-1c1">
         <name>UARTInit</name>
         <value>0x2be1</value>
         <object_component_ref idref="oc-98"/>
      </symbol>
      <symbol id="sm-1c2">
         <name>main</name>
         <value>0x2b85</value>
         <object_component_ref idref="oc-98"/>
      </symbol>
      <symbol id="sm-1d8">
         <name>PinoutSet</name>
         <value>0x2891</value>
         <object_component_ref idref="oc-ea"/>
      </symbol>
      <symbol id="sm-247">
         <name>UARTgetc</name>
         <value>0x12cf</value>
         <object_component_ref idref="oc-cb"/>
      </symbol>
      <symbol id="sm-248">
         <name>UARTgets</name>
         <value>0x1215</value>
         <object_component_ref idref="oc-cb"/>
      </symbol>
      <symbol id="sm-249">
         <name>UARTStdioConfig</name>
         <value>0x1189</value>
         <object_component_ref idref="oc-cb"/>
      </symbol>
      <symbol id="sm-24a">
         <name>UARTwrite</name>
         <value>0x11cf</value>
         <object_component_ref idref="oc-cb"/>
      </symbol>
      <symbol id="sm-24b">
         <name>UARTprintf</name>
         <value>0x15ef</value>
         <object_component_ref idref="oc-cb"/>
      </symbol>
      <symbol id="sm-24c">
         <name>UARTvprintf</name>
         <value>0x12f5</value>
         <object_component_ref idref="oc-cb"/>
      </symbol>
      <symbol id="sm-25b">
         <name>__aeabi_uidivmod</name>
         <value>0x351d</value>
         <object_component_ref idref="oc-1d0"/>
      </symbol>
      <symbol id="sm-25c">
         <name>__aeabi_uidiv</name>
         <value>0x351d</value>
         <object_component_ref idref="oc-1d0"/>
      </symbol>
      <symbol id="sm-270">
         <name>__aeabi_ddiv</name>
         <value>0x22e5</value>
         <object_component_ref idref="oc-260"/>
      </symbol>
      <symbol id="sm-27b">
         <name>__aeabi_dmul</name>
         <value>0x2995</value>
         <object_component_ref idref="oc-17a"/>
      </symbol>
      <symbol id="sm-287">
         <name>__aeabi_d2f</name>
         <value>0x3025</value>
         <object_component_ref idref="oc-265"/>
      </symbol>
      <symbol id="sm-291">
         <name>__aeabi_d2uiz</name>
         <value>0x34d9</value>
         <object_component_ref idref="oc-17f"/>
      </symbol>
      <symbol id="sm-29b">
         <name>__aeabi_i2d</name>
         <value>0x36b5</value>
         <object_component_ref idref="oc-25b"/>
      </symbol>
      <symbol id="sm-2a5">
         <name>__aeabi_ui2d</name>
         <value>0x3751</value>
         <object_component_ref idref="oc-175"/>
      </symbol>
      <symbol id="sm-2be">
         <name>__TI_zero_init_nomemset</name>
         <value>0x3913</value>
         <object_component_ref idref="oc-44"/>
      </symbol>
      <symbol id="sm-2d5">
         <name>__TI_decompress_none</name>
         <value>0x3977</value>
         <object_component_ref idref="oc-18"/>
      </symbol>
      <symbol id="sm-2f8">
         <name>__TI_decompress_lzss</name>
         <value>0x30fd</value>
         <object_component_ref idref="oc-12"/>
      </symbol>
      <symbol id="sm-30b">
         <name>__stack</name>
         <value>0x20000270</value>
         <object_component_ref idref="oc-21"/>
      </symbol>
      <symbol id="sm-30c">
         <name>_c_int00_noargs</name>
         <value>0x3615</value>
         <object_component_ref idref="oc-56"/>
      </symbol>
      <symbol id="sm-317">
         <name>C$$EXIT</name>
         <value>0x39fb</value>
         <object_component_ref idref="oc-10a"/>
      </symbol>
      <symbol id="sm-318">
         <name>abort</name>
         <value>0x39fb</value>
         <object_component_ref idref="oc-10a"/>
      </symbol>
      <symbol id="sm-341">
         <name>sprintf</name>
         <value>0x355d</value>
         <object_component_ref idref="oc-d7"/>
      </symbol>
      <symbol id="sm-34b">
         <name>__aeabi_idiv0</name>
         <value>0xccb</value>
         <object_component_ref idref="oc-2f9"/>
      </symbol>
      <symbol id="sm-34c">
         <name>__aeabi_ldiv0</name>
         <value>0xccb</value>
         <object_component_ref idref="oc-2f9"/>
      </symbol>
      <symbol id="sm-367">
         <name>memcpy</name>
         <value>0x2cff</value>
         <object_component_ref idref="oc-38"/>
      </symbol>
      <symbol id="sm-368">
         <name>__aeabi_memcpy</name>
         <value>0x2cff</value>
         <object_component_ref idref="oc-38"/>
      </symbol>
      <symbol id="sm-369">
         <name>__aeabi_memcpy8</name>
         <value>0x2cff</value>
         <object_component_ref idref="oc-38"/>
      </symbol>
      <symbol id="sm-36a">
         <name>__aeabi_memcpy4</name>
         <value>0x2cff</value>
         <object_component_ref idref="oc-38"/>
      </symbol>
      <symbol id="sm-379">
         <name>__aeabi_memset</name>
         <value>0x2f3f</value>
         <object_component_ref idref="oc-8c"/>
      </symbol>
      <symbol id="sm-37a">
         <name>memset</name>
         <value>0x2f45</value>
         <object_component_ref idref="oc-8c"/>
      </symbol>
      <symbol id="sm-37b">
         <name>__aeabi_memset8</name>
         <value>0x2f3f</value>
         <object_component_ref idref="oc-8c"/>
      </symbol>
      <symbol id="sm-37c">
         <name>__aeabi_memset4</name>
         <value>0x2f3f</value>
         <object_component_ref idref="oc-8c"/>
      </symbol>
      <symbol id="sm-37d">
         <name>__aeabi_memclr8</name>
         <value>0x2f3d</value>
         <object_component_ref idref="oc-8c"/>
      </symbol>
      <symbol id="sm-37e">
         <name>__aeabi_memclr4</name>
         <value>0x2f3d</value>
         <object_component_ref idref="oc-8c"/>
      </symbol>
      <symbol id="sm-37f">
         <name>__aeabi_memclr</name>
         <value>0x2f3d</value>
         <object_component_ref idref="oc-8c"/>
      </symbol>
      <symbol id="sm-3a7">
         <name>__TI_auto_init_nobinit_nopinit</name>
         <value>0x3495</value>
         <object_component_ref idref="oc-116"/>
      </symbol>
      <symbol id="sm-3b1">
         <name>_system_pre_init</name>
         <value>0x39f7</value>
         <object_component_ref idref="oc-92"/>
      </symbol>
      <symbol id="sm-517">
         <name>__TI_printfi</name>
         <value>0x26d</value>
         <object_component_ref idref="oc-1e8"/>
      </symbol>
      <symbol id="sm-52d">
         <name>atoi</name>
         <value>0x3371</value>
         <object_component_ref idref="oc-30c"/>
      </symbol>
      <symbol id="sm-538">
         <name>_ctypes_</name>
         <value>0x3a00</value>
         <object_component_ref idref="oc-3c6"/>
      </symbol>
      <symbol id="sm-547">
         <name>ltoa</name>
         <value>0x327f</value>
         <object_component_ref idref="oc-3dc"/>
      </symbol>
      <symbol id="sm-557">
         <name>memccpy</name>
         <value>0x378f</value>
         <object_component_ref idref="oc-335"/>
      </symbol>
      <symbol id="sm-567">
         <name>strchr</name>
         <value>0x3809</value>
         <object_component_ref idref="oc-40e"/>
      </symbol>
      <symbol id="sm-575">
         <name>strlen</name>
         <value>0x385d</value>
         <object_component_ref idref="oc-306"/>
      </symbol>
      <symbol id="sm-58e">
         <name>wcslen</name>
         <value>0x3925</value>
         <object_component_ref idref="oc-33b"/>
      </symbol>
      <symbol id="sm-5ae">
         <name>frexpl</name>
         <value>0x3165</value>
         <object_component_ref idref="oc-402"/>
      </symbol>
      <symbol id="sm-5af">
         <name>frexp</name>
         <value>0x3165</value>
         <object_component_ref idref="oc-402"/>
      </symbol>
      <symbol id="sm-5cc">
         <name>scalbn</name>
         <value>0x2781</value>
         <object_component_ref idref="oc-408"/>
      </symbol>
      <symbol id="sm-5cd">
         <name>scalbnl</name>
         <value>0x2781</value>
         <object_component_ref idref="oc-408"/>
      </symbol>
      <symbol id="sm-5ce">
         <name>ldexpl</name>
         <value>0x2781</value>
         <object_component_ref idref="oc-408"/>
      </symbol>
      <symbol id="sm-5cf">
         <name>ldexp</name>
         <value>0x2781</value>
         <object_component_ref idref="oc-408"/>
      </symbol>
      <symbol id="sm-5e6">
         <name>__aeabi_dsub</name>
         <value>0x1e75</value>
         <object_component_ref idref="oc-3e2"/>
      </symbol>
      <symbol id="sm-5e7">
         <name>__aeabi_dadd</name>
         <value>0x1e7f</value>
         <object_component_ref idref="oc-3e2"/>
      </symbol>
      <symbol id="sm-609">
         <name>__aeabi_cdcmpeq</name>
         <value>0x2e31</value>
         <object_component_ref idref="oc-318"/>
      </symbol>
      <symbol id="sm-60a">
         <name>__aeabi_cdcmple</name>
         <value>0x2e31</value>
         <object_component_ref idref="oc-318"/>
      </symbol>
      <symbol id="sm-60b">
         <name>__aeabi_cdrcmple</name>
         <value>0x2eb7</value>
         <object_component_ref idref="oc-3d2"/>
      </symbol>
      <symbol id="sm-615">
         <name>__aeabi_d2iz</name>
         <value>0x3405</value>
         <object_component_ref idref="oc-3d7"/>
      </symbol>
      <symbol id="sm-622">
         <name>__aeabi_uldivmod</name>
         <value>0x2d9b</value>
         <object_component_ref idref="oc-3cb"/>
      </symbol>
      <symbol id="sm-638">
         <name>__aeabi_errno_addr</name>
         <value>0x39d9</value>
         <object_component_ref idref="oc-341"/>
      </symbol>
      <symbol id="sm-639">
         <name>errno</name>
         <value>0x20000580</value>
         <object_component_ref idref="oc-41e"/>
      </symbol>
      <symbol id="sm-643">
         <name>copysign</name>
         <value>0x3849</value>
         <object_component_ref idref="oc-464"/>
      </symbol>
      <symbol id="sm-644">
         <name>copysignl</name>
         <value>0x3849</value>
         <object_component_ref idref="oc-464"/>
      </symbol>
      <symbol id="sm-655">
         <name>FPULazyStackingEnable</name>
         <value>0x3939</value>
         <object_component_ref idref="oc-de"/>
      </symbol>
      <symbol id="sm-6b7">
         <name>GPIOPinTypePWM</name>
         <value>0x3895</value>
         <object_component_ref idref="oc-211"/>
      </symbol>
      <symbol id="sm-6b8">
         <name>GPIOPinConfigure</name>
         <value>0x33bd</value>
         <object_component_ref idref="oc-f6"/>
      </symbol>
      <symbol id="sm-6b9">
         <name>GPIOPinTypeI2CSCL</name>
         <value>0x3883</value>
         <object_component_ref idref="oc-205"/>
      </symbol>
      <symbol id="sm-6ba">
         <name>GPIOPinTypeI2C</name>
         <value>0x3871</value>
         <object_component_ref idref="oc-20b"/>
      </symbol>
      <symbol id="sm-6bb">
         <name>GPIOPinTypeUART</name>
         <value>0x38b9</value>
         <object_component_ref idref="oc-fc"/>
      </symbol>
      <symbol id="sm-6bc">
         <name>GPIOPinTypeGPIOOutput</name>
         <value>0x37ab</value>
         <object_component_ref idref="oc-1ff"/>
      </symbol>
      <symbol id="sm-6bd">
         <name>GPIODirModeSet</name>
         <value>0x36e3</value>
         <object_component_ref idref="oc-224"/>
      </symbol>
      <symbol id="sm-6be">
         <name>GPIOPinWrite</name>
         <value>0x39e1</value>
         <object_component_ref idref="oc-2a9"/>
      </symbol>
      <symbol id="sm-6bf">
         <name>GPIOPadConfigSet</name>
         <value>0x241b</value>
         <object_component_ref idref="oc-22a"/>
      </symbol>
      <symbol id="sm-6c0">
         <name>GPIOPinTypeTimer</name>
         <value>0x38a7</value>
         <object_component_ref idref="oc-217"/>
      </symbol>
      <symbol id="sm-702">
         <name>IntEnable</name>
         <value>0x3095</value>
         <object_component_ref idref="oc-190"/>
      </symbol>
      <symbol id="sm-703">
         <name>IntRegister</name>
         <value>0x364d</value>
         <object_component_ref idref="oc-2d5"/>
      </symbol>
      <symbol id="sm-704">
         <name>g_pfnRAMVectors</name>
         <value>0x20000000</value>
         <object_component_ref idref="oc-3b8"/>
      </symbol>
      <symbol id="sm-705">
         <name>IntMasterEnable</name>
         <value>0x3949</value>
         <object_component_ref idref="oc-26a"/>
      </symbol>
      <symbol id="sm-73a">
         <name>PWMGenPeriodSet</name>
         <value>0x3959</value>
         <object_component_ref idref="oc-27c"/>
      </symbol>
      <symbol id="sm-73b">
         <name>PWMPulseWidthSet</name>
         <value>0x3771</value>
         <object_component_ref idref="oc-2a0"/>
      </symbol>
      <symbol id="sm-73c">
         <name>PWMGenPeriodGet</name>
         <value>0x38cb</value>
         <object_component_ref idref="oc-29a"/>
      </symbol>
      <symbol id="sm-73d">
         <name>PWMOutputState</name>
         <value>0x38dd</value>
         <object_component_ref idref="oc-282"/>
      </symbol>
      <symbol id="sm-73e">
         <name>PWMGenEnable</name>
         <value>0x3991</value>
         <object_component_ref idref="oc-288"/>
      </symbol>
      <symbol id="sm-73f">
         <name>PWMGenConfigure</name>
         <value>0x370d</value>
         <object_component_ref idref="oc-276"/>
      </symbol>
      <symbol id="sm-7a6">
         <name>SysCtlPeripheralPresent</name>
         <value>0x35dd</value>
         <object_component_ref idref="oc-1a9"/>
      </symbol>
      <symbol id="sm-7a7">
         <name>SysCtlClockSet</name>
         <value>0x2a91</value>
         <object_component_ref idref="oc-e4"/>
      </symbol>
      <symbol id="sm-7a8">
         <name>SysCtlDelay</name>
         <value>0x39e7</value>
         <object_component_ref idref="oc-dd"/>
      </symbol>
      <symbol id="sm-7a9">
         <name>SysCtlPeripheralEnable</name>
         <value>0x3681</value>
         <object_component_ref idref="oc-f0"/>
      </symbol>
      <symbol id="sm-7aa">
         <name>SysCtlClockGet</name>
         <value>0x2671</value>
         <object_component_ref idref="oc-d1"/>
      </symbol>
      <symbol id="sm-7ab">
         <name>SysCtlPWMClockSet</name>
         <value>0x3821</value>
         <object_component_ref idref="oc-270"/>
      </symbol>
      <symbol id="sm-81e">
         <name>TimerLoadSet</name>
         <value>0x38ef</value>
         <object_component_ref idref="oc-184"/>
      </symbol>
      <symbol id="sm-81f">
         <name>TimerIntRegister</name>
         <value>0x37c3</value>
         <object_component_ref idref="oc-18a"/>
      </symbol>
      <symbol id="sm-820">
         <name>TimerEnable</name>
         <value>0x3969</value>
         <object_component_ref idref="oc-19c"/>
      </symbol>
      <symbol id="sm-821">
         <name>TimerValueGet</name>
         <value>0x39a9</value>
         <object_component_ref idref="oc-255"/>
      </symbol>
      <symbol id="sm-822">
         <name>TimerPrescaleSet</name>
         <value>0x3901</value>
         <object_component_ref idref="oc-294"/>
      </symbol>
      <symbol id="sm-823">
         <name>TimerIntEnable</name>
         <value>0x39d1</value>
         <object_component_ref idref="oc-196"/>
      </symbol>
      <symbol id="sm-824">
         <name>TimerConfigure</name>
         <value>0x31c9</value>
         <object_component_ref idref="oc-16f"/>
      </symbol>
      <symbol id="sm-825">
         <name>TimerControlEvent</name>
         <value>0x37f3</value>
         <object_component_ref idref="oc-28e"/>
      </symbol>
      <symbol id="sm-826">
         <name>TimerIntClear</name>
         <value>0x39f3</value>
         <object_component_ref idref="oc-169"/>
      </symbol>
      <symbol id="sm-861">
         <name>UARTConfigSetExpClk</name>
         <value>0x344d</value>
         <object_component_ref idref="oc-1af"/>
      </symbol>
      <symbol id="sm-862">
         <name>UARTDisable</name>
         <value>0x3731</value>
         <object_component_ref idref="oc-2e9"/>
      </symbol>
      <symbol id="sm-863">
         <name>UARTClockSourceSet</name>
         <value>0x39ed</value>
         <object_component_ref idref="oc-102"/>
      </symbol>
      <symbol id="sm-864">
         <name>UARTCharPut</name>
         <value>0x39bd</value>
         <object_component_ref idref="oc-1bb"/>
      </symbol>
      <symbol id="sm-865">
         <name>UARTEnable</name>
         <value>0x3835</value>
         <object_component_ref idref="oc-1b5"/>
      </symbol>
      <symbol id="sm-866">
         <name>UARTCharGet</name>
         <value>0x39b3</value>
         <object_component_ref idref="oc-1c1"/>
      </symbol>
      <symbol id="sm-870">
         <name>CPUcpsie</name>
         <value>0x3985</value>
         <object_component_ref idref="oc-390"/>
      </symbol>
      <symbol id="sm-871">
         <name>__TI_static_base__</name>
         <value>0x0</value>
      </symbol>
      <symbol id="sm-874">
         <name>__mpu_init</name>
         <value>0x0</value>
      </symbol>
      <symbol id="sm-875">
         <name>_system_post_cinit</name>
         <value>0x0</value>
      </symbol>
   </symbol_table>
   <title>Link successful</title>
</link_info>
